--------- beginning of main
04-04 18:40:05.918  1124  1373 D SatelliteController: iisInCarrierRoamingNbIotNtn: satellite is disabled
04-04 18:40:06.048   708   871 D WifiClientModeImpl[27882:wlan0]: updateLinkLayerStatsRssiSpeedFrequencyCapabilities rssi=-50 TxLinkspeed=1 freq=2447 RxLinkSpeed=2
04-04 18:40:06.048   708   871 D WifiDataStall: tx tput in kbps: 11000
04-04 18:40:06.048   708   871 D WifiDataStall: rx tput in kbps: 11000
04-04 18:40:06.052   708   871 V WifiConfigManager: Updating scan detail cache freq=2447 BSSID=00:13:10:85:fe:01 RSSI=-50 for "AndroidWifi"NONE
04-04 18:40:06.052   708   871 D WifiThroughputPredictor:  utilization (LLS) 80 isBluetoothConnected: false final utilization: 80
04-04 18:40:06.052   708   871 D WifiThroughputPredictor:  BW: 0 RSSI: -50 Nss: 1 Mode: 1 symDur: 4000 snrDb 30 bitPerTone: 4500 rate: 54 throughput: 11
04-04 18:40:06.052   708   871 D WifiThroughputPredictor:  utilization (LLS) 80 isBluetoothConnected: false final utilization: 80
04-04 18:40:06.052   708   871 D WifiThroughputPredictor:  BW: 0 RSSI: -50 Nss: 1 Mode: 1 symDur: 4000 snrDb 30 bitPerTone: 4500 rate: 54 throughput: 11
04-04 18:40:06.052   708   871 D WifiThroughputPredictor:  utilization (LLS) 80 isBluetoothConnected: false final utilization: 80
04-04 18:40:06.052   708   871 D WifiThroughputPredictor:  BW: 0 RSSI: -50 Nss: 1 Mode: 1 symDur: 4000 snrDb 30 bitPerTone: 4500 rate: 54 throughput: 11
04-04 18:40:06.052   708   871 D WifiThroughputPredictor:  utilization (LLS) 80 isBluetoothConnected: false final utilization: 80
04-04 18:40:06.052   708   871 D WifiThroughputPredictor:  BW: 0 RSSI: -50 Nss: 1 Mode: 1 symDur: 4000 snrDb 30 bitPerTone: 4500 rate: 54 throughput: 11
04-04 18:40:06.053   708   871 D WifiScoreCard: BSSID update SIGNAL_POLL ID: 2013833525 SSID: "AndroidWifi", BSSID: 00:13:10:85:fe:01, MAC: 02:15:b2:00:00:00, IP: /10.0.2.16, Security type: 0, Supplicant state: COMPLETED, Wi-Fi standard: legacy, RSSI: -50, Link speed: 1Mbps, Tx Link speed: 1Mbps, Max Supported Tx Link speed: 11Mbps, Rx Link speed: 2Mbps, Max Supported Rx Link speed: 11Mbps, Frequency: 2447MHz, Net ID: 0, Metered hint: false, score: 60, isUsable: true, CarrierMerged: false, SubscriptionId: -1, IsPrimary: 1, Trusted: true, Restricted: false, Ephemeral: false, OEM paid: false, OEM private: false, OSU AP: false, FQDN: <none>, Provider friendly name: <none>, Requesting package name: <none>"AndroidWifi"openMLO Information: , Is TID-To-Link negotiation supported by the AP: false, AP MLD Address: <none>, AP MLO Link Id: <none>, AP MLO Affiliated links: <none>, Vendor Data: <none>
04-04 18:40:06.053   708   871 D WifiScoreCard: txRate: 1 txSpeed: 1
04-04 18:40:06.053   708   871 D WifiScoreCard: network update SIGNAL_POLL "AndroidWifi" ID: 311078882 RSSI -50 txSpeed -1
04-04 18:40:06.053   708   871 D WifiClientModeImpl[27882:wlan0]:  ClientModeImpl$L2ConnectedState screen=on 1 0 "AndroidWifi" 00:13:10:85:fe:01 rssi=-50 f=2447 sc=60 link=1 tx=0.0, 0.0, 0.0 rx=0.0 bcn=0 [on:0 tx:0 rx:0 period:3007] from screen [on:0 period:1481312805] score=60
--------- beginning of system
04-04 18:40:06.075   708  1179 I ActivityManager: Force stopping VinhKhanhGuide.App appid=10222 user=0: from pid 28673
04-04 18:40:06.075   708  1179 I WindowManager:   Force removing ActivityRecord{64592354 u0 VinhKhanhGuide.App/crc649a39ab0c1526a4d0.MainActivity t132 f} isExiting}
04-04 18:40:06.075   708  1179 W WindowManager: removeAppToken: Attempted to remove non-existing token: Token{3b22830 ActivityRecord{64592354 u0 VinhKhanhGuide.App/crc649a39ab0c1526a4d0.MainActivity t132 f} isExiting}}
04-04 18:40:06.080  1124  1124 D CarrierSvcBindHelper: onHandleForceStop: [VinhKhanhGuide.App]
04-04 18:40:06.080  1124  1124 D CarrierSvcBindHelper: No carrier app for: 0
04-04 18:40:06.080   708   913 I AppWidgetServiceImpl: Received broadcast: android.intent.action.PACKAGE_RESTARTED on user 0
04-04 18:40:06.080   708   913 I AppWidgetServiceImpl: Updating package stopped masked state for uid 10222 package VinhKhanhGuide.App isStopped true
04-04 18:40:06.328   708  1179 W ActivityTaskManager: callingPackage for (uid=0, pid=28673) has no WPC
04-04 18:40:06.330   708  1179 V GrammaticalInflectionUtils: AttributionSource: AttributionSource { uid = 10222, packageName = null, attributionTag = null, token = android.os.Binder@5521a3a, deviceId = 0, next = null } does not have READ_SYSTEM_GRAMMATICAL_GENDER permission.
04-04 18:40:06.330   708  1179 W OptProp : Cannot read opt property android.window.PROPERTY_COMPAT_ALLOW_USER_ASPECT_RATIO_OVERRIDE
04-04 18:40:06.330   708  1179 W OptProp : Cannot read opt property android.window.PROPERTY_COMPAT_ALLOW_USER_ASPECT_RATIO_FULLSCREEN_OVERRIDE
04-04 18:40:06.330   708  1179 W OptProp : Cannot read opt property android.window.PROPERTY_COMPAT_ALLOW_RESIZEABLE_ACTIVITY_OVERRIDES
04-04 18:40:06.330   708  1179 W OptProp : Cannot read opt property android.window.PROPERTY_COMPAT_ALLOW_MIN_ASPECT_RATIO_OVERRIDE
04-04 18:40:06.392   708  1179 W OptProp : Cannot read opt property android.window.PROPERTY_COMPAT_ALLOW_ORIENTATION_OVERRIDE
04-04 18:40:06.397   530   834 I BpBinder: onLastStrongRef automatically unlinking death recipients: 
04-04 18:40:06.398  1138  1138 D ScalingWorkspaceRevealAnim: alpha of workspace at the end of animation: 1.0
04-04 18:40:06.399   708  1179 V SplashScreenExceptionList: SplashScreen checking exception for package VinhKhanhGuide.App (target sdk:34) -> false
04-04 18:40:06.400   989  1077 V WindowManagerShell: Transition animation finished (aborted=false), notifying core (#182) android.os.BinderProxy@aac0949@0
04-04 18:40:06.401   708  1179 I ActivityTaskManager: Add Task{7559173 #132 type=standard A=10222:VinhKhanhGuide.App} to hidden list because adding Task{20eace8 #133 type=standard A=10222:VinhKhanhGuide.App}
04-04 18:40:06.401   708  1179 I ActivityTaskManager: START u0 {flg=0x10000000 xflg=0x4 cmp=VinhKhanhGuide.App/crc649a39ab0c1526a4d0.MainActivity} with LAUNCH_SINGLE_TOP from uid 0 (BAL_ALLOW_ALLOWLISTED_UID) result code=0
04-04 18:40:06.404   708   730 E IPCThreadState: Binder transaction failure. id: 4249215, BR_*: 29189, error: -22 (Invalid argument)
04-04 18:40:06.404   708   730 W ActivityManager: pid 708 system sent binder code 7 with flags 1 to frozen apps and got error -32
04-04 18:40:06.404   708   730 D ActivityManager: Too many transaction errors, throttling freezer binder callback.
04-04 18:40:06.405   708   739 V WindowManager: Finish Transition (#182): created at 04-04 18:40:04.895 collect-started=0.618ms request-sent=2.573ms started=30.602ms ready=85.731ms sent=301.555ms commit=187.88ms finished=1508.903ms
04-04 18:40:06.405   708   730 W WindowManager: Exception thrown during dispatchAppVisibility Window{3696a4a u0 VinhKhanhGuide.App/crc649a39ab0c1526a4d0.MainActivity EXITING}
04-04 18:40:06.405   708   730 W WindowManager: android.os.DeadObjectException
04-04 18:40:06.405   708   730 W WindowManager: 	at android.os.BinderProxy.transactNative(Native Method)
04-04 18:40:06.405   708   730 W WindowManager: 	at android.os.BinderProxy.transact(BinderProxy.java:592)
04-04 18:40:06.405   708   730 W WindowManager: 	at android.view.IWindow$Stub$Proxy.dispatchAppVisibility(IWindow.java:557)
04-04 18:40:06.405   708   730 W WindowManager: 	at com.android.server.wm.WindowState.sendAppVisibilityToClients(WindowState.java:3151)
04-04 18:40:06.405   708   730 W WindowManager: 	at com.android.server.wm.WindowContainer.sendAppVisibilityToClients(WindowContainer.java:1311)
04-04 18:40:06.405   708   730 W WindowManager: 	at com.android.server.wm.WindowToken.setClientVisible(WindowToken.java:389)
04-04 18:40:06.405   708   730 W WindowManager: 	at com.android.server.wm.ActivityRecord.setClientVisible(ActivityRecord.java:6650)
04-04 18:40:06.405   708   730 W WindowManager: 	at com.android.server.wm.ActivityRecord.commitVisibility(ActivityRecord.java:5561)
04-04 18:40:06.405   708   730 W WindowManager: 	at com.android.server.wm.Transition.finishTransition(Transition.java:1391)
04-04 18:40:06.405   708   730 W WindowManager: 	at com.android.server.wm.TransitionController.finishTransition(TransitionController.java:1029)
04-04 18:40:06.405   708   730 W WindowManager: 	at com.android.server.wm.WindowOrganizerController.finishTransition(WindowOrganizerController.java:496)
04-04 18:40:06.405   708   730 W WindowManager: 	at android.window.IWindowOrganizerController$Stub.onTransact(IWindowOrganizerController.java:261)
04-04 18:40:06.405   708   730 W WindowManager: 	at com.android.server.wm.WindowOrganizerController.onTransact(WindowOrganizerController.java:223)
04-04 18:40:06.405   708   730 W WindowManager: 	at android.os.Binder.execTransactInternal(Binder.java:1426)
04-04 18:40:06.405   708   730 W WindowManager: 	at android.os.Binder.execTransact(Binder.java:1365)
04-04 18:40:06.405   708   730 W Process : Unable to open /proc/27871/status
04-04 18:40:06.407   989  1077 V WindowManagerShell: Track 0 became idle
04-04 18:40:06.407   708   742 V GrammaticalInflectionUtils: AttributionSource: AttributionSource { uid = 10222, packageName = null, attributionTag = null, token = android.os.Binder@5521a3a, deviceId = 0, next = null } does not have READ_SYSTEM_GRAMMATICAL_GENDER permission.
04-04 18:40:06.407   989  1077 V WindowManagerShell: All active transition animations finished
--------- beginning of kernel
04-04 18:40:06.417   730   730 W binder_debug: 1495 callbacks suppressed
04-04 18:40:06.417   730   730 I binder  : 730:708 cannot find target node
04-04 18:40:06.417   730   730 I binder  : 708:730 transaction async to 0:0 failed 4249215/29189/-22, size 64-0 line 3348
04-04 18:40:06.409   989  1077 V WindowManagerShell: Transition requested (#183): android.os.BinderProxy@9994903 TransitionRequestInfo { type = OPEN, triggerTask = TaskInfo{userId=0 taskId=133 effectiveUid=10222 displayId=0 isRunning=true baseIntent=Intent { flg=0x10000000 cmp=VinhKhanhGuide.App/crc649a39ab0c1526a4d0.MainActivity } baseActivity=ComponentInfo{VinhKhanhGuide.App/crc649a39ab0c1526a4d0.MainActivity} topActivity=ComponentInfo{VinhKhanhGuide.App/crc649a39ab0c1526a4d0.MainActivity} origActivity=null realActivity=ComponentInfo{VinhKhanhGuide.App/crc649a39ab0c1526a4d0.MainActivity} numActivities=1 lastActiveTime=44314945 supportsMultiWindow=true resizeMode=1 isResizeable=true minWidth=-1 minHeight=-1 defaultMinSize=220 token=WCT{android.window.IWindowContainerToken$Stub$Proxy@5d53080} topActivityType=1 pictureInPictureParams=null shouldDockBigOverlays=false launchIntoPipHostTaskId=-1 lastParentTaskIdBeforePip=-1 displayCutoutSafeInsets=Rect(0, 128 - 0, 0) topActivityInfo=ActivityInfo{38cd6b9 crc649a39ab0c1526a4d0.MainActivity} launchCookies=[] positionInParent=Point(0, 0) parentTaskId=-1 isFocused=false isVisible=false isVisibleRequested=false isTopActivityNoDisplay=false isSleeping=false locusId=null displayAreaFeatureId=1 isTopActivityTransparent=false isActivityStackTransparent=false lastNonFullscreenBounds=Rect(276, 692 - 804, 1772) capturedLink=null capturedLinkTimestamp=0 requestedVisibleTypes=-9 topActivityRequestOpenInBrowserEducationTimestamp=0 appCompatTaskInfo=AppCompatTaskInfo { topActivityInSizeCompat=false eligibleForLetterboxEducation= false isLetterboxEducationEnabled= true isLetterboxDoubleTapEnabled= false eligibleForUserAspectRatioButton= false topActivityBoundsLetterboxed= false isFromLetterboxDoubleTap= false topActivityLetterboxVerticalPosition= -1 topActivityLetterboxHorizontalPosition= -1 topActivityLetterboxWidth=-1 topActivityLetterboxHeight=-1 topActivityAppBounds=Rect(0, 128 - 1080, 2337) isUserFullscreenOverrideEnabled=false isSystemFullscreenOverrideEnabled=false hasMinAspectRatioOverride=false topActivityLetterboxBounds=null cameraCompatTaskInfo=CameraCompatTaskInfo { freeformCameraCompatMode=inactive}} topActivityMainWindowFrame=null}, pipChange = null, remoteTransition = null, displayChange = null, flags = 0, debugId = 183 }
04-04 18:40:06.410   989  1077 D ShellSplitScreen: logExit: no-op, mLoggerSessionId is null
04-04 18:40:06.412  1138  1138 W SplitSelectStateCtor: Missing session instanceIds
04-04 18:40:06.412  1138  1138 D StatsLog: LAUNCHER_SPLIT_SELECTION_EXIT_INTERRUPTED
04-04 18:40:06.412   989  1077 D WindowManagerShell: setLauncherKeepClearAreaHeight: visible=false, height=527
04-04 18:40:06.415   708   913 I AppWidgetServiceImpl: Received broadcast: android.intent.action.PACKAGE_UNSTOPPED on user 0
04-04 18:40:06.415   708   913 I AppWidgetServiceImpl: Updating package stopped masked state for uid 10222 package VinhKhanhGuide.App isStopped false
04-04 18:40:06.416   530   530 I BpBinder: onLastStrongRef automatically unlinking death recipients: 
04-04 18:40:06.421   989  1176 I ndroid.systemui: AssetManager2(0xb400007c3c0a16b8) locale list changing from [] to [en-US]
04-04 18:40:06.427   454   510 I netd    : tetherGetStats() -> {[]} <0.89ms>
04-04 18:40:06.427  1138  1138 D RecentsView: onTaskRemoved: 132, not handling task stack changes
04-04 18:40:06.427  1138  1138 D RecentsView: onTaskRemoved: 132, not handling task stack changes
04-04 18:40:06.427   708   936 D BackgroundInstallControlService: Package event received: 0
04-04 18:40:06.428   457   457 D Zygote  : Forked child process 28676
04-04 18:40:06.431   708   749 I ActivityManager: Start proc 28676:VinhKhanhGuide.App/u0a222 for next-top-activity {VinhKhanhGuide.App/crc649a39ab0c1526a4d0.MainActivity}
04-04 18:40:06.431   708   749 I ActivityManager: ProcessObserver broadcast disabled
04-04 18:40:06.441   989  1177 W HWUI    : Image decoding logging dropped!
04-04 18:40:06.442   605 24706 W IPCThreadState: Sending oneway calls to frozen process.
04-04 18:40:06.442   605 24706 W IPCThreadState: Sending oneway calls to frozen process.
04-04 18:40:06.442   605 24706 W IPCThreadState: Sending oneway calls to frozen process.
04-04 18:40:06.444   989  1177 D SplashScreenView: Build android.window.SplashScreenView{ebf8e2d V.E...... ......ID 0,0-0,0}
04-04 18:40:06.444   989  1177 D SplashScreenView: Icon: view: android.widget.ImageView{8af6f62 V.ED..... ......I. 0,0-0,0 #1020542 android:id/splashscreen_icon_view} drawable: com.android.wm.shell.startingsurface.SplashscreenIconDrawableFactory$ImmobileIconDrawable@e6e78f3 size: 504
04-04 18:40:06.444   989  1177 D SplashScreenView: Branding: view: android.view.View{cd5b9b0 G.ED..... ......I. 0,0-0,0 #1020541 android:id/splashscreen_branding_view} drawable: null size w: 0 h: 0
04-04 18:40:06.454   708  1258 D CoreBackPreview: Window{d9b78d7 u0 Splash Screen VinhKhanhGuide.App}: Setting back callback OnBackInvokedCallbackInfo{mCallback=android.window.IOnBackInvokedCallback$Stub$Proxy@5b4cb73, mPriority=0, mIsAnimationCallback=false, mOverrideBehavior=0}
04-04 18:40:06.469 28676 28676 I hKhanhGuide.App: Late-enabling -Xcheck:jni
04-04 18:40:06.472   708   739 V WindowManager: Sent Transition (#183) createdAt=04-04 18:40:06.331 via request=TransitionRequestInfo { type = OPEN, triggerTask = TaskInfo{userId=0 taskId=133 effectiveUid=10222 displayId=0 isRunning=true baseIntent=Intent { flg=0x10000000 cmp=VinhKhanhGuide.App/crc649a39ab0c1526a4d0.MainActivity } baseActivity=ComponentInfo{VinhKhanhGuide.App/crc649a39ab0c1526a4d0.MainActivity} topActivity=ComponentInfo{VinhKhanhGuide.App/crc649a39ab0c1526a4d0.MainActivity} origActivity=null realActivity=ComponentInfo{VinhKhanhGuide.App/crc649a39ab0c1526a4d0.MainActivity} numActivities=1 lastActiveTime=44314945 supportsMultiWindow=true resizeMode=1 isResizeable=true minWidth=-1 minHeight=-1 defaultMinSize=220 token=WCT{RemoteToken{ff11465 Task{20eace8 #133 type=standard A=10222:VinhKhanhGuide.App}}} topActivityType=1 pictureInPictureParams=null shouldDockBigOverlays=false launchIntoPipHostTaskId=-1 lastParentTaskIdBeforePip=-1 displayCutoutSafeInsets=Rect(0, 128 - 0, 0) topActivityInfo=ActivityInfo{8faa53a crc649a39ab0c1526a4d0.MainActivity} launchCookies=[] positionInParent=Point(0, 0) parentTaskId=-1 isFocused=false isVisible=false isVisibleRequested=false isTopActivityNoDisplay=false isSleeping=false locusId=null displayAreaFeatureId=1 isTopActivityTransparent=false isActivityStackTransparent=false lastNonFullscreenBounds=Rect(276, 692 - 804, 1772) capturedLink=null capturedLinkTimestamp=0 requestedVisibleTypes=-9 topActivityRequestOpenInBrowserEducationTimestamp=0 appCompatTaskInfo=AppCompatTaskInfo { topActivityInSizeCompat=false eligibleForLetterboxEducation= false isLetterboxEducationEnabled= true isLetterboxDoubleTapEnabled= false eligibleForUserAspectRatioButton= false topActivityBoundsLetterboxed= false isFromLetterboxDoubleTap= false topActivityLetterboxVerticalPosition= -1 topActivityLetterboxHorizontalPosition= -1 topActivityLetterboxWidth=-1 topActivityLetterboxHeight=-1 topActivityAppBounds=Rect(0, 128 - 1080, 2337) isUserFullscreenOverrideEnabled=false isSystemFullscreenOverrideEnabled=false hasMinAspectRatioOverride=false topActivityLetterboxBounds=null cameraCompatTaskInfo=CameraCompatTaskInfo { freeformCameraCompatMode=inactive}} topActivityMainWindowFrame=null}, pipChange = null, remoteTransition = null, displayChange = null, flags = 0, debugId = 183 }
04-04 18:40:06.472   708   739 V WindowManager:     startWCT=WindowContainerTransaction { changes= {} hops= [] errorCallbackToken=null taskFragmentOrganizer=null }
04-04 18:40:06.472   708   739 V WindowManager:     info={id=183 t=OPEN f=0x0 trk=1 r=[0@Point(0, 0)] c=[
04-04 18:40:06.472   708   739 V WindowManager:         {WCT{RemoteToken{ff11465 Task{20eace8 #133 type=standard A=10222:VinhKhanhGuide.App}}} m=OPEN f=NONE leash=Surface(name=Task=133)/@0x706abcf sb=Rect(0, 0 - 1080, 2400) eb=Rect(0, 0 - 1080, 2400) epz=Point(1080, 2400) d=0 taskParent=-1},
04-04 18:40:06.472   708   739 V WindowManager:         {WCT{RemoteToken{1f01da3 Task{a526d7d #1 type=home}}} m=TO_BACK f=SHOW_WALLPAPER leash=Surface(name=Task=1)/@0xbe2547a sb=Rect(0, 0 - 1080, 2400) eb=Rect(0, 0 - 1080, 2400) epz=Point(1080, 2400) d=0 taskParent=-1},
04-04 18:40:06.472   708   739 V WindowManager:         {m=TO_BACK f=IS_WALLPAPER leash=Surface(name=WallpaperWindowToken{73064a2 showWhenLocked=false})/@0x878f8a5 sb=Rect(0, 0 - 1080, 2400) eb=Rect(0, 0 - 1080, 2400) epz=Point(1080, 2400) d=0}
04-04 18:40:06.472   708   739 V WindowManager:     ]}
04-04 18:40:06.472   989  2384 V WindowManagerShell: onTransitionReady(transaction=3040836853601)
04-04 18:40:06.472   989  1077 V WindowManagerShell: onTransitionReady (#183) android.os.BinderProxy@9994903: {id=183 t=OPEN f=0x0 trk=1 r=[0@Point(0, 0)] c=[
04-04 18:40:06.472   989  1077 V WindowManagerShell:         {m=OPEN f=NONE leash=Surface(name=Task=133)/@0x8a97686 sb=Rect(0, 0 - 1080, 2400) eb=Rect(0, 0 - 1080, 2400) epz=Point(1080, 2400) d=0 taskParent=-1},
04-04 18:40:06.472   989  1077 V WindowManagerShell:         {m=TO_BACK f=SHOW_WALLPAPER leash=Surface(name=Task=1)/@0x3e87b47 sb=Rect(0, 0 - 1080, 2400) eb=Rect(0, 0 - 1080, 2400) epz=Point(1080, 2400) d=0 taskParent=-1},
04-04 18:40:06.472   989  1077 V WindowManagerShell:         {m=TO_BACK f=IS_WALLPAPER leash=Surface(name=WallpaperWindowToken{73064a2 showWhenLocked=false})/@0xf764f74 sb=Rect(0, 0 - 1080, 2400) eb=Rect(0, 0 - 1080, 2400) epz=Point(1080, 2400) d=0}
04-04 18:40:06.472   989  1077 V WindowManagerShell:     ]}
04-04 18:40:06.473   989  1077 V WindowManagerShell: Playing animation for (#183) android.os.BinderProxy@9994903@1
04-04 18:40:06.473   989  1077 V ShellRecents: RecentsTransitionHandler.startAnimation: no controller found
04-04 18:40:06.473   989  1077 V WindowManagerShell: Transition doesn't have explicit remote, search filters for match for {id=183 t=OPEN f=0x0 trk=1 r=[0@Point(0, 0)] c=[{m=OPEN f=NONE leash=Surface(name=Task=133)/@0x8a97686 sb=Rect(0, 0 - 1080, 2400) eb=Rect(0, 0 - 1080, 2400) epz=Point(1080, 2400) d=0 taskParent=-1},{m=TO_BACK f=SHOW_WALLPAPER leash=Surface(name=Task=1)/@0x3e87b47 sb=Rect(0, 0 - 1080, 2400) eb=Rect(0, 0 - 1080, 2400) epz=Point(1080, 2400) d=0 taskParent=-1},{m=TO_BACK f=IS_WALLPAPER leash=Surface(name=WallpaperWindowToken{73064a2 showWhenLocked=false})/@0xf764f74 sb=Rect(0, 0 - 1080, 2400) eb=Rect(0, 0 - 1080, 2400) epz=Point(1080, 2400) d=0}]}
04-04 18:40:06.473   989  1077 V WindowManagerShell:  Checking filter Pair{{types=[] flags=0x0] notFlags=0x0 checks=[{atype=undefined independent=true modes=[CLOSE,TO_BACK] flags=IN_TASK_WITH_EMBEDDED_ACTIVITY mustBeTask=false order=ANY topActivity=null launchCookie=null taskFragmentToken=android.os.BinderProxy@9c6896f windowingMode=undefined}]} RemoteTransition { remoteTransition = android.window.IRemoteTransition$Stub$Proxy@242867c, appThread = android.app.IApplicationThread$Stub$Proxy@b353b05, debugName = overlayBackTransition }}
04-04 18:40:06.473   989  1077 V WindowManagerShell:  Checking filter Pair{{types=[] flags=0x0] notFlags=0x0 checks=[{atype=dream independent=true modes=[OPEN,TO_FRONT] flags=NONE mustBeTask=false order=ANY topActivity=null launchCookie=null windowingMode=undefined},{atype=home independent=true modes=[CLOSE,TO_BACK] flags=NONE mustBeTask=false order=ANY topActivity=null launchCookie=null windowingMode=undefined}]} RemoteTransition { remoteTransition = android.window.IRemoteTransition$Stub$Proxy@883d75a, appThread = android.app.IApplicationThread$Stub$Proxy@55c4d8b, debugName = LauncherToDream }}
04-04 18:40:06.473   989  1077 V WindowManagerShell:  Checking filter Pair{{types=[] flags=0x0] notFlags=0x100 checks=[{atype=home independent=true modes=[OPEN,TO_FRONT] flags=NONE mustBeTask=false order=TOP topActivity=ComponentInfo{com.google.android.apps.nexuslauncher/com.google.android.apps.nexuslauncher.NexusLauncherActivity} launchCookie=null windowingMode=undefined},{atype=standard independent=true modes=[CLOSE,TO_BACK] flags=NONE mustBeTask=false order=ANY topActivity=null launchCookie=null windowingMode=undefined},{NOT atype=undefined independent=true modes=[] flags=NONE mustBeTask=true order=ANY topActivity=null launchCookie=null customAnim=true windowingMode=undefined}]} RemoteTransition { remoteTransition = android.window.IRemoteTransition$Stub$Proxy@c6f8e68, appThread = android.app.IApplicationThread$Stub$Proxy@5538281, debugName = QuickstepLaunchHome }}
04-04 18:40:06.473   989  1077 V WindowManagerShell:  Delegate animation for (#183) to null
04-04 18:40:06.473   989  1077 V WindowManagerShell: start default transition animation, info = {id=183 t=OPEN f=0x0 trk=1 r=[0@Point(0, 0)] c=[{m=OPEN f=NONE leash=Surface(name=Task=133)/@0x8a97686 sb=Rect(0, 0 - 1080, 2400) eb=Rect(0, 0 - 1080, 2400) epz=Point(1080, 2400) d=0 taskParent=-1},{m=TO_BACK f=SHOW_WALLPAPER leash=Surface(name=Task=1)/@0x3e87b47 sb=Rect(0, 0 - 1080, 2400) eb=Rect(0, 0 - 1080, 2400) epz=Point(1080, 2400) d=0 taskParent=-1},{m=TO_BACK f=IS_WALLPAPER leash=Surface(name=WallpaperWindowToken{73064a2 showWhenLocked=false})/@0xf764f74 sb=Rect(0, 0 - 1080, 2400) eb=Rect(0, 0 - 1080, 2400) epz=Point(1080, 2400) d=0}]}
04-04 18:40:06.473   989  1077 V WindowManagerShell: loadAnimation: anim=android.view.animation.AnimationSet@6967512 animAttr=0x13 type=OPEN isEntrance=false
04-04 18:40:06.473   989  1077 V WindowManagerShell: loadAnimation: anim=android.view.animation.AnimationSet@3a784e3 animAttr=0x12 type=OPEN isEntrance=true
04-04 18:40:06.476   989  1077 V WindowManagerShell:  animated by com.android.wm.shell.transition.DefaultTransitionHandler@5f3ef33
04-04 18:40:06.506 28676 28676 I hKhanhGuide.App: Using CollectorTypeCMC GC.
04-04 18:40:06.529 22396 22403 I adbd    : jdwp connection from 28676
04-04 18:40:06.556 28676 28676 D nativeloader: Load libframework-connectivity-tiramisu-jni.so using APEX ns com_android_tethering for caller /apex/com.android.tethering/javalib/framework-connectivity-t.jar: ok
04-04 18:40:06.580   708   936 D BackgroundInstallControlService: Package event received: 0
04-04 18:40:06.593 28676 28676 D CompatChangeReporter: Compat change id reported: 242716250; UID 10222; state: ENABLED
04-04 18:40:06.623 28676 28676 D ApplicationLoaders: Returning zygote-cached class loader: /system_ext/framework/androidx.window.extensions.jar
04-04 18:40:06.623 28676 28676 D ApplicationLoaders: Returning zygote-cached class loader: /system_ext/framework/androidx.window.sidecar.jar
04-04 18:40:06.766   989  1077 V WindowManagerShell: Transition animation finished (aborted=false), notifying core (#183) android.os.BinderProxy@9994903@1
04-04 18:40:06.767   708   739 V WindowManager: Finish Transition (#183): created at 04-04 18:40:06.331 collect-started=0.053ms request-sent=70.358ms started=79.443ms ready=139.56ms sent=140.222ms commit=13.341ms finished=436.486ms
04-04 18:40:06.768  1138  1138 D VRI[NexusLauncherActivity]: visibilityChanged oldVisibility=true newVisibility=false
04-04 18:40:06.769   989  1077 V WindowManagerShell: Track 1 became idle
04-04 18:40:06.769   989  1077 V WindowManagerShell: All active transition animations finished
04-04 18:40:06.782  1138  1138 D NexusLauncherModelDelegate: notifySmartspaceEvent: SmartspaceTargetEvent{mSmartspaceTarget=null, mSmartspaceActionId='null', mEventType=7}
04-04 18:40:06.782   530   530 E BpTransactionCompletedListener: Failed to transact (-32)
04-04 18:40:06.807 28676 28676 D nativeloader: Configuring clns-9 for other apk /data/app/~~KPeQTt7p3tftd0AmGeEAqQ==/VinhKhanhGuide.App-oVSYtI3YBOeySe55Bagzfg==/base.apk. target_sdk_version=34, uses_libraries=, library_path=/data/app/~~KPeQTt7p3tftd0AmGeEAqQ==/VinhKhanhGuide.App-oVSYtI3YBOeySe55Bagzfg==/lib/arm64:/data/app/~~KPeQTt7p3tftd0AmGeEAqQ==/VinhKhanhGuide.App-oVSYtI3YBOeySe55Bagzfg==/base.apk!/lib/arm64-v8a, permitted_path=/data:/mnt/expand:/data/user/0/VinhKhanhGuide.App
04-04 18:40:06.812 28676 28676 I hKhanhGuide.App: AssetManager2(0xb400007c3c04b498) locale list changing from [] to [en-US]
04-04 18:40:06.823 28676 28676 V GraphicsEnvironment: Currently set values for:
04-04 18:40:06.823 28676 28676 V GraphicsEnvironment:   angle_gl_driver_selection_pkgs=[]
04-04 18:40:06.823 28676 28676 V GraphicsEnvironment:   angle_gl_driver_selection_values=[]
04-04 18:40:06.823 28676 28676 V GraphicsEnvironment: VinhKhanhGuide.App is not listed in per-application setting
04-04 18:40:06.824 28676 28676 V GraphicsEnvironment: ANGLE allowlist from config: com.dreamgames.royalmatch com.dts.freefiremax com.dxx.firenow com.gramgames.mergedragons com.ludo.king com.mojang.minecraftpe com.my.defense com.nintendo.zaka com.os.airforce com.playrix.fishdomdd.gplay io.teslatech.callbreak jp.konami.prospia net.peakgames.toonblast
04-04 18:40:06.824 28676 28676 V GraphicsEnvironment: VinhKhanhGuide.App is not listed in ANGLE allowlist or settings, returning default
04-04 18:40:06.824 28676 28676 V GraphicsEnvironment: Neither updatable production driver nor prerelease driver is supported.
04-04 18:40:06.831   708   730 D CompatChangeReporter: Compat change id reported: 161145287; UID 10222; state: ENABLED
04-04 18:40:06.848 28676 28676 D nativeloader: Load /data/app/~~KPeQTt7p3tftd0AmGeEAqQ==/VinhKhanhGuide.App-oVSYtI3YBOeySe55Bagzfg==/lib/arm64/libxamarin-debug-app-helper.so using class loader ns clns-9 (caller=/data/app/~~KPeQTt7p3tftd0AmGeEAqQ==/VinhKhanhGuide.App-oVSYtI3YBOeySe55Bagzfg==/base.apk!classes2.dex): ok
04-04 18:40:06.848 28676 28676 D debug-app-helper: Checking if libmonodroid was unpacked to /data/app/~~KPeQTt7p3tftd0AmGeEAqQ==/VinhKhanhGuide.App-oVSYtI3YBOeySe55Bagzfg==/lib/arm64/libmonodroid.so
04-04 18:40:06.848 28676 28676 D debug-app-helper: Native libs extracted to /data/app/~~KPeQTt7p3tftd0AmGeEAqQ==/VinhKhanhGuide.App-oVSYtI3YBOeySe55Bagzfg==/lib/arm64, assuming application/android:extractNativeLibs == true
04-04 18:40:06.848 28676 28676 I debug-app-helper: Setting up for DSO lookup in app data directories
04-04 18:40:06.848 28676 28676 D debug-app-helper: Added filesystem DSO lookup location: /data/app/~~KPeQTt7p3tftd0AmGeEAqQ==/VinhKhanhGuide.App-oVSYtI3YBOeySe55Bagzfg==/lib/arm64
04-04 18:40:06.848 28676 28676 W debug-app-helper: Using runtime path: /data/app/~~KPeQTt7p3tftd0AmGeEAqQ==/VinhKhanhGuide.App-oVSYtI3YBOeySe55Bagzfg==/lib/arm64
04-04 18:40:06.848 28676 28676 W debug-app-helper: checking directory: `/data/user/0/VinhKhanhGuide.App/files/.__override__/lib`
04-04 18:40:06.848 28676 28676 W debug-app-helper: directory does not exist: `/data/user/0/VinhKhanhGuide.App/files/.__override__/lib`
04-04 18:40:06.848 28676 28676 W debug-app-helper: Checking whether Mono runtime exists at: /data/user/0/VinhKhanhGuide.App/files/.__override__/libmonosgen-2.0.so
04-04 18:40:06.848 28676 28676 W debug-app-helper: Checking whether Mono runtime exists at: /data/app/~~KPeQTt7p3tftd0AmGeEAqQ==/VinhKhanhGuide.App-oVSYtI3YBOeySe55Bagzfg==/lib/arm64/libmonosgen-2.0.so
04-04 18:40:06.848 28676 28676 I debug-app-helper: Mono runtime found at: /data/app/~~KPeQTt7p3tftd0AmGeEAqQ==/VinhKhanhGuide.App-oVSYtI3YBOeySe55Bagzfg==/lib/arm64/libmonosgen-2.0.so
04-04 18:40:06.852 28676 28676 W hKhanhGuide.App: Attempt to remove non-JNI local reference
04-04 18:40:06.860 28676 28676 D nativeloader: Load /data/app/~~KPeQTt7p3tftd0AmGeEAqQ==/VinhKhanhGuide.App-oVSYtI3YBOeySe55Bagzfg==/lib/arm64/libxamarin-app.so using class loader ns clns-9 (caller=/data/app/~~KPeQTt7p3tftd0AmGeEAqQ==/VinhKhanhGuide.App-oVSYtI3YBOeySe55Bagzfg==/base.apk!classes2.dex): ok
04-04 18:40:06.862 28676 28676 D nativeloader: Load /data/app/~~KPeQTt7p3tftd0AmGeEAqQ==/VinhKhanhGuide.App-oVSYtI3YBOeySe55Bagzfg==/lib/arm64/libSystem.Security.Cryptography.Native.Android.so using class loader ns clns-9 (caller=/data/app/~~KPeQTt7p3tftd0AmGeEAqQ==/VinhKhanhGuide.App-oVSYtI3YBOeySe55Bagzfg==/base.apk!classes2.dex): ok
04-04 18:40:06.862 28676 28676 I DOTNET  : JNI_OnLoad: JNI_OnLoad in pal_jni.c
04-04 18:40:06.863 28676 28676 D DOTNET  : GetOptionalClassGRef: optional class com/android/org/conscrypt/OpenSSLEngineImpl was not found
04-04 18:40:06.866 28676 28676 D nativeloader: Load /data/app/~~KPeQTt7p3tftd0AmGeEAqQ==/VinhKhanhGuide.App-oVSYtI3YBOeySe55Bagzfg==/lib/arm64/libmonodroid.so using class loader ns clns-9 (caller=/data/app/~~KPeQTt7p3tftd0AmGeEAqQ==/VinhKhanhGuide.App-oVSYtI3YBOeySe55Bagzfg==/base.apk!classes2.dex): ok
04-04 18:40:06.867 28676 28676 I monodroid-timing: [0/4] XATiming: init time; elapsed: 0:0::22916
04-04 18:40:06.868 28676 28676 D monodroid-assembly: Checking if libmonodroid was unpacked to /data/app/~~KPeQTt7p3tftd0AmGeEAqQ==/VinhKhanhGuide.App-oVSYtI3YBOeySe55Bagzfg==/lib/arm64/libmonodroid.so
04-04 18:40:06.868 28676 28676 D monodroid-assembly: Native libs extracted to /data/app/~~KPeQTt7p3tftd0AmGeEAqQ==/VinhKhanhGuide.App-oVSYtI3YBOeySe55Bagzfg==/lib/arm64, assuming application/android:extractNativeLibs == true
04-04 18:40:06.868 28676 28676 I monodroid: Generated hash 0x4445f082 for package name VinhKhanhGuide.App
04-04 18:40:06.869 28676 28676 I monodroid: Mono AOT mode: interp
04-04 18:40:06.869 28676 28676 I monodroid: Setting environment variable 'DOTNET_MODIFIABLE_ASSEMBLIES' to 'Debug'
04-04 18:40:06.869 28676 28676 I monodroid: Setting environment variable 'MONO_GC_PARAMS' to 'major=marksweep-conc'
04-04 18:40:06.869 28676 28676 I monodroid: Setting environment variable 'MONO_LOG_LEVEL' to 'info'
04-04 18:40:06.870 28676 28676 I monodroid: Setting environment variable 'XAMARIN_BUILD_ID' to '1903e9ec-5178-4571-b415-c243c7fd5c6c'
04-04 18:40:06.870 28676 28676 I monodroid: Setting environment variable 'XA_HTTP_CLIENT_HANDLER_TYPE' to 'Xamarin.Android.Net.AndroidMessageHandler'
04-04 18:40:06.870 28676 28676 I monodroid: Setting environment variable '__XA_PACKAGE_NAMING_POLICY__' to 'LowercaseCrc64'
04-04 18:40:06.870 28676 28676 I monodroid: Creating XDG directory: /data/user/0/VinhKhanhGuide.App/files/.local/share
04-04 18:40:06.872 28676 28676 I monodroid: Creating XDG directory: /data/user/0/VinhKhanhGuide.App/files/.config
04-04 18:40:06.872 28676 28676 I monodroid: Setting up for DSO lookup in app data directories
04-04 18:40:06.872 28676 28676 D monodroid-assembly: Added filesystem DSO lookup location: /data/app/~~KPeQTt7p3tftd0AmGeEAqQ==/VinhKhanhGuide.App-oVSYtI3YBOeySe55Bagzfg==/lib/arm64
04-04 18:40:06.872 28676 28676 W monodroid: Creating public update directory: `/data/user/0/VinhKhanhGuide.App/files/.__override__`
04-04 18:40:06.872 28676 28676 W hKhanhGuide.App: Attempt to remove non-JNI local reference
04-04 18:40:06.872 28676 28676 I monodroid: Using runtime path: /data/app/~~KPeQTt7p3tftd0AmGeEAqQ==/VinhKhanhGuide.App-oVSYtI3YBOeySe55Bagzfg==/lib/arm64
04-04 18:40:06.872 28676 28676 I monodroid-timing: [0/3] Debug::start_debugging_and_profiling: end; elapsed: 0:0::625
04-04 18:40:06.872 28676 28676 I monodroid: Probing for Mono AOT mode
04-04 18:40:06.872 28676 28676 I monodroid: Enabling Mono Interpreter
04-04 18:40:06.873 28676 28676 I monodroid: Probing if we should use LLVM
04-04 18:40:06.873 28676 28676 W monodroid: runtime args empty
04-04 18:40:06.874 28676 28676 I monodroid-timing: [0/7] Runtime.init: Mono runtime init; elapsed: 0:0::755750
04-04 18:40:06.874 28676 28676 I monodroid-assembly: APK /data/app/~~KPeQTt7p3tftd0AmGeEAqQ==/VinhKhanhGuide.App-oVSYtI3YBOeySe55Bagzfg==/base.apk FD: 84
04-04 18:40:06.874 28676 28676 I monodroid-assembly: Central directory offset: 26718208
04-04 18:40:06.874 28676 28676 I monodroid-assembly: Central directory size: 92125
04-04 18:40:06.874 28676 28676 I monodroid-assembly: Central directory entries: 991
04-04 18:40:06.874 28676 28676 I monodroid-assembly: /data/app/~~KPeQTt7p3tftd0AmGeEAqQ==/VinhKhanhGuide.App-oVSYtI3YBOeySe55Bagzfg==/base.apk entry: AndroidManifest.xml
04-04 18:40:06.874 28676 28676 I monodroid-assembly:     ZIP: local header offset: 0; data offset: 49; file size: 9312
04-04 18:40:06.874 28676 28676 I monodroid-assembly: /data/app/~~KPeQTt7p3tftd0AmGeEAqQ==/VinhKhanhGuide.App-oVSYtI3YBOeySe55Bagzfg==/base.apk entry: res/anim/abc_fade_in.xml
04-04 18:40:06.874 28676 28676 I monodroid-assembly:     ZIP: local header offset: 2559; data offset: 2613; file size: 388
04-04 18:40:06.874 28676 28676 I monodroid-assembly: /data/app/~~KPeQTt7p3tftd0AmGeEAqQ==/VinhKhanhGuide.App-oVSYtI3YBOeySe55Bagzfg==/base.apk entry: res/anim/abc_fade_out.xml
04-04 18:40:06.874 28676 28676 I monodroid-assembly:     ZIP: local header offset: 2830; data offset: 2885; file size: 388
04-04 18:40:06.874 28676 28676 I monodroid-assembly: /data/app/~~KPeQTt7p3tftd0AmGeEAqQ==/VinhKhanhGuide.App-oVSYtI3YBOeySe55Bagzfg==/base.apk entry: res/anim/abc_grow_fade_in_from_bottom.xml
04-04 18:40:06.874 28676 28676 I monodroid-assembly:     ZIP: local header offset: 3103; data offset: 3174; file size: 852
04-04 18:40:06.874 28676 28676 I monodroid-assembly: /data/app/~~KPeQTt7p3tftd0AmGeEAqQ==/VinhKhanhGuide.App-oVSYtI3YBOeySe55Bagzfg==/base.apk entry: res/anim/abc_popup_enter.xml
04-04 18:40:06.874 28676 28676 I monodroid-assembly:     ZIP: local header offset: 3550; data offset: 3608; file size: 508
04-04 18:40:06.874 28676 28676 I monodroid-assembly: /data/app/~~KPeQTt7p3tftd0AmGeEAqQ==/VinhKhanhGuide.App-oVSYtI3YBOeySe55Bagzfg==/base.apk entry: res/anim/abc_popup_exit.xml
04-04 18:40:06.874 28676 28676 I monodroid-assembly:     ZIP: local header offset: 3866; data offset: 3923; file size: 508
04-04 18:40:06.874 28676 28676 I monodroid-assembly: /data/app/~~KPeQTt7p3tftd0AmGeEAqQ==/VinhKhanhGuide.App-oVSYtI3YBOeySe55Bagzfg==/base.apk entry: res/anim/abc_shrink_fade_out_from_bottom.xml
04-04 18:40:06.874 28676 28676 I monodroid-assembly:     ZIP: local header offset: 4183; data offset: 4257; file size: 852
04-04 18:40:06.874 28676 28676 I monodroid-assembly: /data/app/~~KPeQTt7p3tftd0AmGeEAqQ==/VinhKhanhGuide.App-oVSYtI3YBOeySe55Bagzfg==/base.apk entry: res/anim/abc_slide_in_bottom.xml
04-04 18:40:06.874 28676 28676 I monodroid-assembly:     ZIP: local header offset: 4634; data offset: 4696; file size: 396
04-04 18:40:06.874 28676 28676 I monodroid-assembly: /data/app/~~KPeQTt7p3tftd0AmGeEAqQ==/VinhKhanhGuide.App-oVSYtI3YBOeySe55Bagzfg==/base.apk entry: res/anim/abc_slide_in_top.xml
04-04 18:40:06.874 28676 28676 I monodroid-assembly:     ZIP: local header offset: 4924; data offset: 4983; file size: 396
04-04 18:40:06.874 28676 28676 I monodroid-assembly: /data/app/~~KPeQTt7p3tftd0AmGeEAqQ==/VinhKhanhGuide.App-oVSYtI3YBOeySe55Bagzfg==/base.apk entry: res/anim/abc_slide_out_bottom.xml
04-04 18:40:06.874 28676 28676 I monodroid-assembly:     ZIP: local header offset: 5212; data offset: 5275; file size: 396
04-04 18:40:06.874 28676 28676 I monodroid-assembly: /data/app/~~KPeQTt7p3tftd0AmGeEAqQ==/VinhKhanhGuide.App-oVSYtI3YBOeySe55Bagzfg==/base.apk entry: res/anim/abc_slide_out_top.xml
04-04 18:40:06.874 28676 28676 I monodroid-assembly:     ZIP: local header offset: 5502; data offset: 5562; file size: 396
04-04 18:40:06.874 28676 28676 I monodroid-assembly: /data/app/~~KPeQTt7p3tftd0AmGeEAqQ==/VinhKhanhGuide.App-oVSYtI3YBOeySe55Bagzfg==/base.apk entry: res/anim/abc_tooltip_enter.xml
04-04 18:40:06.874 28676 28676 I monodroid-assembly:     ZIP: local header offset: 5790; data offset: 5850; file size: 388
04-04 18:40:06.874 28676 28676 I monodroid-assembly: /data/app/~~KPeQTt7p3tftd0AmGeEAqQ==/VinhKhanhGuide.App-oVSYtI3YBOeySe55Bagzfg==/base.apk entry: res/anim/abc_tooltip_exit.xml
04-04 18:40:06.874 28676 28676 I monodroid-assembly:     ZIP: local header offset: 6067; data offset: 6126; file size: 388
04-04 18:40:06.874 28676 28676 I monodroid-assembly: /data/app/~~KPeQTt7p3tftd0AmGeEAqQ==/VinhKhanhGuide.App-oVSYtI3YBOeySe55Bagzfg==/base.apk entry: res/anim/btn_checkbox_to_checked_box_inner_merged_animation.xml
04-04 18:40:06.874 28676 28676 I monodroid-assembly:     ZIP: local header offset: 6343; data offset: 6436; file size: 2124
04-04 18:40:06.874 28676 28676 I monodroid-assembly: /data/app/~~KPeQTt7p3tftd0AmGeEAqQ==/VinhKhanhGuide.App-oVSYtI3YBOeySe55Bagzfg==/base.apk entry: res/anim/btn_checkbox_to_checked_box_outer_merged_animation.xml
04-04 18:40:06.874 28676 28676 I monodroid-assembly:     ZIP: local header offset: 7078; data offset: 7171; file size: 2780
04-04 18:40:06.874 28676 28676 I monodroid-assembly: /data/app/~~KPeQTt7p3tftd0AmGeEAqQ==/VinhKhanhGuide.App-oVSYtI3YBOeySe55Bagzfg==/base.apk entry: res/anim/btn_checkbox_to_checked_icon_null_animation.xml
04-04 18:40:06.874 28676 28676 I monodroid-assembly:     ZIP: local header offset: 7912; data offset: 7998; file size: 1196
04-04 18:40:06.874 28676 28676 I monodroid-assembly: /data/app/~~KPeQTt7p3tftd0AmGeEAqQ==/VinhKhanhGuide.App-oVSYtI3YBOeySe55Bagzfg==/base.apk entry: res/anim/btn_checkbox_to_unchecked_box_inner_merged_animation.xml
04-04 18:40:06.874 28676 28676 I monodroid-assembly:     ZIP: local header offset: 8394; data offset: 8489; file size: 2360
04-04 18:40:06.874 28676 28676 I monodroid-assembly: /data/app/~~KPeQTt7p3tftd0AmGeEAqQ==/VinhKhanhGuide.App-oVSYtI3YBOeySe55Bagzfg==/base.apk entry: res/anim/btn_checkbox_to_unchecked_check_path_merged_animation.xml
04-04 18:40:06.874 28676 28676 I monodroid-assembly:     ZIP: local header offset: 9147; data offset: 9243; file size: 2520
04-04 18:40:06.874 28676 28676 I monodroid-assembly: /data/app/~~KPeQTt7p3tftd0AmGeEAqQ==/VinhKhanhGuide.App-oVSYtI3YBOeySe55Bagzfg==/base.apk entry: res/anim/btn_checkbox_to_unchecked_icon_null_animation.xml
04-04 18:40:06.874 28676 28676 I monodroid-assembly:     ZIP: local header offset: 9974; data offset: 10062; file size: 1196
04-04 18:40:06.874 28676 28676 I monodroid-assembly: /data/app/~~KPeQTt7p3tftd0AmGeEAqQ==/VinhKhanhGuide.App-oVSYtI3YBOeySe55Bagzfg==/base.apk entry: res/anim/btn_radio_to_off_mtrl_dot_group_animation.xml
04-04 18:40:06.874 28676 28676 I monodroid-assembly:     ZIP: local header offset: 10458; data offset: 10542; file size: 1656
04-04 18:40:06.874 28676 28676 I monodroid-assembly: /data/app/~~KPeQTt7p3tftd0AmGeEAqQ==/VinhKhanhGuide.App-oVSYtI3YBOeySe55Bagzfg==/base.apk entry: res/anim/btn_radio_to_off_mtrl_ring_outer_animation.xml
04-04 18:40:06.874 28676 28676 I monodroid-assembly:     ZIP: local header offset: 10973; data offset: 11058; file size: 1656
04-04 18:40:06.874 28676 28676 I monodroid-assembly: /data/app/~~KPeQTt7p3tftd0AmGeEAqQ==/VinhKhanhGuide.App-oVSYtI3YBOeySe55Bagzfg==/base.apk entry: res/anim/btn_radio_to_off_mtrl_ring_outer_path_animation.xml
04-04 18:40:06.874 28676 28676 I monodroid-assembly:     ZIP: local header offset: 11491; data offset: 11581; file size: 1028
04-04 18:40:06.874 28676 28676 I monodroid-assembly: /data/app/~~KPeQTt7p3tftd0AmGeEAqQ==/VinhKhanhGuide.App-oVSYtI3YBOeySe55Bagzfg==/base.apk entry: res/anim/btn_radio_to_on_mtrl_dot_group_animation.xml
04-04 18:40:06.874 28676 28676 I monodroid-assembly:     ZIP: local header offset: 11954; data offset: 12037; file size: 1656
04-04 18:40:06.874 28676 28676 I monodroid-assembly: /data/app/~~KPeQTt7p3tftd0AmGeEAqQ==/VinhKhanhGuide.App-oVSYtI3YBOeySe55Bagzfg==/base.apk entry: res/anim/btn_radio_to_on_mtrl_ring_outer_animation.xml
04-04 18:40:06.874 28676 28676 I monodroid-assembly:     ZIP: local header offset: 12458; data offset: 12542; file size: 1656
04-04 18:40:06.874 28676 28676 I monodroid-assembly: /data/app/~~KPeQTt7p3tftd0AmGeEAqQ==/VinhKhanhGuide.App-oVSYtI3YBOeySe55Bagzfg==/base.apk entry: res/anim/btn_radio_to_on_mtrl_ring_outer_path_animation.xml
04-04 18:40:06.875 28676 28676 I monodroid-assembly:     ZIP: local header offset: 12971; data offset: 13060; file size: 1028
04-04 18:40:06.875 28676 28676 I monodroid-assembly: /data/app/~~KPeQTt7p3tftd0AmGeEAqQ==/VinhKhanhGuide.App-oVSYtI3YBOeySe55Bagzfg==/base.apk entry: res/anim-v21/design_bottom_sheet_slide_in.xml
04-04 18:40:06.875 28676 28676 I monodroid-assembly:     ZIP: local header offset: 13440; data offset: 13515; file size: 616
04-04 18:40:06.875 28676 28676 I monodroid-assembly: /data/app/~~KPeQTt7p3tftd0AmGeEAqQ==/VinhKhanhGuide.App-oVSYtI3YBOeySe55Bagzfg==/base.apk entry: res/anim-v21/design_bottom_sheet_slide_out.xml
04-04 18:40:06.875 28676 28676 I monodroid-assembly:     ZIP: local header offset: 13814; data offset: 13890; file size: 616
04-04 18:40:06.875 28676 28676 I monodroid-assembly: /data/app/~~KPeQTt7p3tftd0AmGeEAqQ==/VinhKhanhGuide.App-oVSYtI3YBOeySe55Bagzfg==/base.apk entry: res/anim/design_snackbar_in.xml
04-04 18:40:06.875 28676 28676 I monodroid-assembly:     ZIP: local header offset: 14188; data offset: 14249; file size: 312
04-04 18:40:06.875 28676 28676 I monodroid-assembly: /data/app/~~KPeQTt7p3tftd0AmGeEAqQ==/VinhKhanhGuide.App-oVSYtI3YBOeySe55Bagzfg==/base.apk entry: res/anim/design_snackbar_out.xml
04-04 18:40:06.875 28676 28676 I monodroid-assembly:     ZIP: local header offset: 14430; data offset: 14492; file size: 312
04-04 18:40:06.875 28676 28676 I monodroid-assembly: /data/app/~~KPeQTt7p3tftd0AmGeEAqQ==/VinhKhanhGuide.App-oVSYtI3YBOeySe55Bagzfg==/base.apk entry: res/anim/enterfromleft.xml
04-04 18:40:06.875 28676 28676 I monodroid-assembly:     ZIP: local header offset: 14670; data offset: 14726; file size: 640
04-04 18:40:06.875 28676 28676 I monodroid-assembly: /data/app/~~KPeQTt7p3tftd0AmGeEAqQ==/VinhKhanhGuide.App-oVSYtI3YBOeySe55Bagzfg==/base.apk entry: res/anim/enterfromright.xml
04-04 18:40:06.875 28676 28676 I monodroid-assembly:     ZIP: local header offset: 15028; data offset: 15085; file size: 468
04-04 18:40:06.875 28676 28676 I monodroid-assembly: /data/app/~~KPeQTt7p3tftd0AmGeEAqQ==/VinhKhanhGuide.App-oVSYtI3YBOeySe55Bagzfg==/base.apk entry: res/anim/exittoleft.xml
04-04 18:40:06.875 28676 28676 I monodroid-assembly:     ZIP: local header offset: 15328; data offset: 15381; file size: 640
04-04 18:40:06.875 28676 28676 I monodroid-assembly: /data/app/~~KPeQTt7p3tftd0AmGeEAqQ==/VinhKhanhGuide.App-oVSYtI3YBOeySe55Bagzfg==/base.apk entry: res/anim/exittoright.xml
04-04 18:40:06.875 28676 28676 I monodroid-assembly:     ZIP: local header offset: 15682; data offset: 15736; file size: 468
04-04 18:40:06.875 28676 28676 I monodroid-assembly: /data/app/~~KPeQTt7p3tftd0AmGeEAqQ==/VinhKhanhGuide.App-oVSYtI3YBOeySe55Bagzfg==/base.apk entry: res/anim-v21/fragment_fast_out_extra_slow_in.xml
04-04 18:40:06.875 28676 28676 I monodroid-assembly:     ZIP: local header offset: 15979; data offset: 16057; file size: 364
04-04 18:40:06.875 28676 28676 I monodroid-assembly: /data/app/~~KPeQTt7p3tftd0AmGeEAqQ==/VinhKhanhGuide.App-oVSYtI3YBOeySe55Bagzfg==/base.apk entry: res/anim/linear_indeterminate_line1_head_interpolator.xml
04-04 18:40:06.875 28676 28676 I monodroid-assembly:     ZIP: local header offset: 16275; data offset: 16362; file size: 400
04-04 18:40:06.875 28676 28676 I monodroid-assembly: /data/app/~~KPeQTt7p3tftd0AmGeEAqQ==/VinhKhanhGuide.App-oVSYtI3YBOeySe55Bagzfg==/base.apk entry: res/anim/linear_indeterminate_line1_tail_interpolator.xml
04-04 18:40:06.875 28676 28676 I monodroid-assembly:     ZIP: local header offset: 16576; data offset: 16663; file size: 400
04-04 18:40:06.875 28676 28676 I monodroid-assembly: /data/app/~~KPeQTt7p3tftd0AmGeEAqQ==/VinhKhanhGuide.App-oVSYtI3YBOeySe55Bagzfg==/base.apk entry: res/anim/linear_indeterminate_line2_head_interpolator.xml
04-04 18:40:06.875 28676 28676 I monodroid-assembly:     ZIP: local header offset: 16874; data offset: 16961; file size: 400
04-04 18:40:06.875 28676 28676 I monodroid-assembly: /data/app/~~KPeQTt7p3tftd0AmGeEAqQ==/VinhKhanhGuide.App-oVSYtI3YBOeySe55Bagzfg==/base.apk entry: res/anim/linear_indeterminate_line2_tail_interpolator.xml
04-04 18:40:06.875 28676 28676 I monodroid-assembly:     ZIP: local header offset: 17168; data offset: 17255; file size: 400
04-04 18:40:06.875 28676 28676 I monodroid-assembly: /data/app/~~KPeQTt7p3tftd0AmGeEAqQ==/VinhKhanhGuide.App-oVSYtI3YBOeySe55Bagzfg==/base.apk entry: res/anim-v21/m3_bottom_sheet_slide_in.xml
04-04 18:40:06.875 28676 28676 I monodroid-assembly:     ZIP: local header offset: 17471; data offset: 17542; file size: 616
04-04 18:40:06.875 28676 28676 I monodroid-assembly: /data/app/~~KPeQTt7p3tftd0AmGeEAqQ==/VinhKhanhGuide.App-oVSYtI3YBOeySe55Bagzfg==/base.apk entry: res/anim-v21/m3_bottom_sheet_slide_out.xml
04-04 18:40:06.875 28676 28676 I monodroid-assembly:     ZIP: local header offset: 17841; data offset: 17913; file size: 656
04-04 18:40:06.875 28676 28676 I monodroid-assembly: /data/app/~~KPeQTt7p3tftd0AmGeEAqQ==/VinhKhanhGuide.App-oVSYtI3YBOeySe55Bagzfg==/base.apk entry: res/anim/m3_motion_fade_enter.xml
04-04 18:40:06.875 28676 28676 I monodroid-assembly:     ZIP: local header offset: 18219; data offset: 18282; file size: 812
04-04 18:40:06.875 28676 28676 I monodroid-assembly: /data/app/~~KPeQTt7p3tftd0AmGeEAqQ==/VinhKhanhGuide.App-oVSYtI3YBOeySe55Bagzfg==/base.apk entry: res/anim/m3_motion_fade_exit.xml
04-04 18:40:06.875 28676 28676 I monodroid-assembly:     ZIP: local header offset: 18654; data offset: 18716; file size: 508
04-04 18:40:06.875 28676 28676 I monodroid-assembly: /data/app/~~KPeQTt7p3tftd0AmGeEAqQ==/VinhKhanhGuide.App-oVSYtI3YBOeySe55Bagzfg==/base.apk entry: res/anim-v21/m3_side_sheet_slide_in.xml
04-04 18:40:06.875 28676 28676 I monodroid-assembly:     ZIP: local header offset: 18977; data offset: 19046; file size: 616
04-04 18:40:06.875 28676 28676 I monodroid-assembly: /data/app/~~KPeQTt7p3tftd0AmGeEAqQ==/VinhKhanhGuide.App-oVSYtI3YBOeySe55Bagzfg==/base.apk entry: res/anim-v21/m3_side_sheet_slide_out.xml
04-04 18:40:06.875 28676 28676 I monodroid-assembly:     ZIP: local header offset: 19346; data offset: 19416; file size: 616
04-04 18:40:06.875 28676 28676 I monodroid-assembly: /data/app/~~KPeQTt7p3tftd0AmGeEAqQ==/VinhKhanhGuide.App-oVSYtI3YBOeySe55Bagzfg==/base.apk entry: res/anim-v21/mtrl_bottom_sheet_slide_in.xml
04-04 18:40:06.875 28676 28676 I monodroid-assembly:     ZIP: local header offset: 19711; data offset: 19784; file size: 616
04-04 18:40:06.875 28676 28676 I monodroid-assembly: /data/app/~~KPeQTt7p3tftd0AmGeEAqQ==/VinhKhanhGuide.App-oVSYtI3YBOeySe55Bagzfg==/base.apk entry: res/anim-v21/mtrl_bottom_sheet_slide_out.xml
04-04 18:40:06.875 28676 28676 I monodroid-assembly:     ZIP: local header offset: 20083; data offset: 20157; file size: 616
04-04 18:40:06.875 28676 28676 I monodroid-assembly: /data/app/~~KPeQTt7p3tftd0AmGeEAqQ==/VinhKhanhGuide.App-oVSYtI3YBOeySe55Bagzfg==/base.apk entry: res/anim/mtrl_card_lowers_interpolator.xml
04-04 18:40:06.875 28676 28676 I monodroid-assembly:     ZIP: local header offset: 20453; data offset: 20525; file size: 400
04-04 18:40:06.875 28676 28676 I monodroid-assembly: /data/app/~~KPeQTt7p3tftd0AmGeEAqQ==/VinhKhanhGuide.App-oVSYtI3YBOeySe55Bagzfg==/base.apk entry: res/anim/nav_default_enter_anim.xml
04-04 18:40:06.875 28676 28676 I monodroid-assembly:     ZIP: local header offset: 20741; data offset: 20806; file size: 388
04-04 18:40:06.875 28676 28676 I monodroid-assembly: /data/app/~~KPeQTt7p3tftd0AmGeEAqQ==/VinhKhanhGuide.App-oVSYtI3YBOeySe55Bagzfg==/base.apk entry: res/anim/nav_default_exit_anim.xml
04-04 18:40:06.875 28676 28676 I monodroid-assembly:     ZIP: local header offset: 21024; data offset: 21088; file size: 388
04-04 18:40:06.875 28676 28676 I monodroid-assembly: /data/app/~~KPeQTt7p3tftd0AmGeEAqQ==/VinhKhanhGuide.App-oVSYtI3YBOeySe55Bagzfg==/base.apk entry: res/anim/nav_default_pop_enter_anim.xml
04-04 18:40:06.875 28676 28676 I monodroid-assembly:     ZIP: local header offset: 21306; data offset: 21375; file size: 388
04-04 18:40:06.875 28676 28676 I monodroid-assembly: /data/app/~~KPeQTt7p3tftd0AmGeEAqQ==/VinhKhanhGuide.App-oVSYtI3YBOeySe55Bagzfg==/base.apk entry: res/anim/nav_default_pop_exit_anim.xml
04-04 18:40:06.875 28676 28676 I monodroid-assembly:     ZIP: local header offset: 21593; data offset: 21661; file size: 388
04-04 18:40:06.875 28676 28676 I monodroid-assembly: /data/app/~~KPeQTt7p3tftd0AmGeEAqQ==/VinhKhanhGuide.App-oVSYtI3YBOeySe55Bagzfg==/base.apk entry: res/animator-v21/design_appbar_state_list_animator.xml
04-04 18:40:06.875 28676 28676 I monodroid-assembly:     ZIP: local header offset: 21879; data offset: 21963; file size: 1216
