--------- beginning of system
04-03 18:26:42.208   708   793 I ActivityManager: Force stopping VinhKhanhGuide.App appid=10221 user=0: from pid 22790
04-03 18:26:42.220   708   793 I ActivityManager: Killing 22678:VinhKhanhGuide.App/u0a221 (adj 0): stop VinhKhanhGuide.App due to from pid 22790
--------- beginning of main
04-03 18:26:42.235   708   881 D InetDiagMessage: Destroyed 0 sockets, proto=IPPROTO_TCP, family=AF_INET, states=14
04-03 18:26:42.243   454   508 I netd    : tetherGetStats() -> {[]} <3.02ms>
04-03 18:26:42.249   708   793 W ActivityTaskManager: Force removing ActivityRecord{67105064 u0 VinhKhanhGuide.App/crc649a39ab0c1526a4d0.MainActivity t110 f}}: app died, no saved state
04-03 18:26:42.257   708   881 D InetDiagMessage: Destroyed 5 sockets, proto=IPPROTO_TCP, family=AF_INET6, states=14
04-03 18:26:42.258   708   881 D InetDiagMessage: Destroyed live tcp sockets for uids={10221} in 24ms
04-03 18:26:42.263   708   936 D BackgroundInstallControlService: Package event received: 0
04-03 18:26:42.278   989  1077 V WindowManagerShell: Transition requested (#102): android.os.BinderProxy@2ce933b TransitionRequestInfo { type = CLOSE, triggerTask = TaskInfo{userId=0 taskId=110 effectiveUid=10221 displayId=0 isRunning=false baseIntent=Intent { flg=0x10000000 cmp=VinhKhanhGuide.App/crc649a39ab0c1526a4d0.MainActivity } baseActivity=null topActivity=null origActivity=null realActivity=ComponentInfo{VinhKhanhGuide.App/crc649a39ab0c1526a4d0.MainActivity} numActivities=0 lastActiveTime=37383070 supportsMultiWindow=true resizeMode=1 isResizeable=true minWidth=-1 minHeight=-1 defaultMinSize=220 token=WCT{android.window.IWindowContainerToken$Stub$Proxy@d72da58} topActivityType=1 pictureInPictureParams=null shouldDockBigOverlays=false launchIntoPipHostTaskId=-1 lastParentTaskIdBeforePip=-1 displayCutoutSafeInsets=Rect(0, 0 - 0, 0) topActivityInfo=null launchCookies=[] positionInParent=Point(0, 0) parentTaskId=-1 isFocused=true isVisible=true isVisibleRequested=true isTopActivityNoDisplay=false isSleeping=false locusId=null displayAreaFeatureId=1 isTopActivityTransparent=false isActivityStackTransparent=true lastNonFullscreenBounds=Rect(276, 692 - 804, 1772) capturedLink=null capturedLinkTimestamp=0 requestedVisibleTypes=-9 topActivityRequestOpenInBrowserEducationTimestamp=0 appCompatTaskInfo=AppCompatTaskInfo { topActivityInSizeCompat=false eligibleForLetterboxEducation= false isLetterboxEducationEnabled= false isLetterboxDoubleTapEnabled= false eligibleForUserAspectRatioButton= false topActivityBoundsLetterboxed= false isFromLetterboxDoubleTap= false topActivityLetterboxVerticalPosition= -1 topActivityLetterboxHorizontalPosition= -1 topActivityLetterboxWidth=-1 topActivityLetterboxHeight=-1 topActivityAppBounds=Rect(0, 0 - 0, 0) isUserFullscreenOverrideEnabled=false isSystemFullscreenOverrideEnabled=false hasMinAspectRatioOverride=false topActivityLetterboxBounds=null cameraCompatTaskInfo=CameraCompatTaskInfo { freeformCameraCompatMode=undefined}} topActivityMainWindowFrame=null}, pipChange = null, remoteTransition = null, displayChange = null, flags = 0, debugId = 102 }
04-03 18:26:42.288   708   881 D InetDiagMessage: Destroyed 0 sockets, proto=IPPROTO_TCP, family=AF_INET, states=14
04-03 18:26:42.288   708   881 D InetDiagMessage: Destroyed 0 sockets, proto=IPPROTO_TCP, family=AF_INET6, states=14
04-03 18:26:42.288   708   881 D InetDiagMessage: Destroyed live tcp sockets for uids={20221} in 30ms
04-03 18:26:42.292   530   834 I BpBinder: onLastStrongRef automatically unlinking death recipients: 
04-03 18:26:42.308  1138  1138 D ViewRootImpl: Skipping stats log for color mode
04-03 18:26:42.309   708   758 I WifiService: isFeatureSupported uid=1000 returns [WIFI_FEATURE_INFRA, WIFI_FEATURE_P2P, WIFI_FEATURE_MOBILE_HOTSPOT, WIFI_FEATURE_WPA3_SAE, WIFI_FEATURE_WPA3_SUITE_B, WIFI_FEATURE_OWE, WIFI_FEATURE_DPP, WIFI_FEATURE_AP_RAND_MAC, WIFI_FEATURE_MBO, WIFI_FEATURE_FILS_SHA256, WIFI_FEATURE_FILS_SHA384, WIFI_FEATURE_SAE_PK, WIFI_FEATURE_DPP_ENROLLEE_RESPONDER, WIFI_FEATURE_PASSPOINT_TERMS_AND_CONDITIONS, WIFI_FEATURE_WFD_R2, WIFI_FEATURE_DECORATED_IDENTITY, WIFI_FEATURE_TRUST_ON_FIRST_USE, WIFI_FEATURE_SET_TLS_MINIMUM_VERSION, WIFI_FEATURE_TLS_V1_3, WIFI_FEATURE_WEP, WIFI_FEATURE_WPA_PERSONAL]
04-03 18:26:42.315   708   936 D BackgroundInstallControlService: Package event received: 0
04-03 18:26:42.317   708   936 D BackgroundInstallControlService: Package event received: 0
04-03 18:26:42.319   989  1077 W Looper  : Slow dispatch took 49ms wmshell.main app=com.android.systemui main=false group=FOREGROUND h=android.os.Handler c=com.android.wm.shell.transition.Transitions$ShellTransitionImpl$$ExternalSyntheticLambda1@7df7b1 m=0
04-03 18:26:42.320   989  1077 W Looper  : Slow delivery took 30ms wmshell.main app=com.android.systemui main=false group=FOREGROUND h=android.os.Handler c=null m=12
04-03 18:26:42.324   708   793 W IPCThreadState: Sending oneway calls to frozen process.
04-03 18:26:42.324   708   793 W IPCThreadState: Sending oneway calls to frozen process.
04-03 18:26:42.325   708   793 W IPCThreadState: Sending oneway calls to frozen process.
04-03 18:26:42.325   708   793 W IPCThreadState: Sending oneway calls to frozen process.
04-03 18:26:42.325   708   793 W IPCThreadState: Sending oneway calls to frozen process.
04-03 18:26:42.325   708  1863 I AppWidgetServiceImpl: startListening() 0
04-03 18:26:42.325   708   793 W IPCThreadState: Sending oneway calls to frozen process.
04-03 18:26:42.326   708   793 W IPCThreadState: Sending oneway calls to frozen process.
04-03 18:26:42.326   708   793 W IPCThreadState: Sending oneway calls to frozen process.
04-03 18:26:42.326   708   793 W IPCThreadState: Sending oneway calls to frozen process.
04-03 18:26:42.326   708   793 W IPCThreadState: Sending oneway calls to frozen process.
04-03 18:26:42.326   708   793 W IPCThreadState: Sending oneway calls to frozen process.
04-03 18:26:42.326   708   793 W IPCThreadState: Sending oneway calls to frozen process.
04-03 18:26:42.326   708   793 W IPCThreadState: Sending oneway calls to frozen process.
04-03 18:26:42.329   530   530 I BpBinder: onLastStrongRef automatically unlinking death recipients: 
04-03 18:26:42.335   708   793 W IPCThreadState: Sending oneway calls to frozen process.
04-03 18:26:42.335   708   793 W IPCThreadState: Sending oneway calls to frozen process.
04-03 18:26:42.336   708   793 W IPCThreadState: Sending oneway calls to frozen process.
04-03 18:26:42.337   708   793 W IPCThreadState: Sending oneway calls to frozen process.
04-03 18:26:42.338   708   793 W IPCThreadState: Sending oneway calls to frozen process.
04-03 18:26:42.338   708   793 W IPCThreadState: Sending oneway calls to frozen process.
04-03 18:26:42.338   708   793 W IPCThreadState: Sending oneway calls to frozen process.
04-03 18:26:42.338   708   793 W IPCThreadState: Sending oneway calls to frozen process.
04-03 18:26:42.338   708   793 W IPCThreadState: Sending oneway calls to frozen process.
04-03 18:26:42.338   708   793 W IPCThreadState: Sending oneway calls to frozen process.
04-03 18:26:42.338   708   793 W IPCThreadState: Sending oneway calls to frozen process.
04-03 18:26:42.338   708   793 W IPCThreadState: Sending oneway calls to frozen process.
04-03 18:26:42.338   708   793 W IPCThreadState: Sending oneway calls to frozen process.
04-03 18:26:42.339   708   793 W IPCThreadState: Sending oneway calls to frozen process.
04-03 18:26:42.339   708   793 W IPCThreadState: Sending oneway calls to frozen process.
04-03 18:26:42.339   708   793 W IPCThreadState: Sending oneway calls to frozen process.
04-03 18:26:42.339   708   793 W IPCThreadState: Sending oneway calls to frozen process.
04-03 18:26:42.339   708   793 W IPCThreadState: Sending oneway calls to frozen process.
04-03 18:26:42.339   708   793 W IPCThreadState: Sending oneway calls to frozen process.
04-03 18:26:42.339   708   793 W IPCThreadState: Sending oneway calls to frozen process.
04-03 18:26:42.339   708   793 W IPCThreadState: Sending oneway calls to frozen process.
04-03 18:26:42.339   708   793 W IPCThreadState: Sending oneway calls to frozen process.
04-03 18:26:42.339   708   793 W IPCThreadState: Sending oneway calls to frozen process.
04-03 18:26:42.339   708   793 W IPCThreadState: Sending oneway calls to frozen process.
04-03 18:26:42.339   708   793 W IPCThreadState: Sending oneway calls to frozen process.
04-03 18:26:42.339   708   793 W IPCThreadState: Sending oneway calls to frozen process.
04-03 18:26:42.339   708   793 W IPCThreadState: Sending oneway calls to frozen process.
04-03 18:26:42.339   708   793 W IPCThreadState: Sending oneway calls to frozen process.
04-03 18:26:42.339   708   793 W IPCThreadState: Sending oneway calls to frozen process.
04-03 18:26:42.340   708   793 W IPCThreadState: Sending oneway calls to frozen process.
04-03 18:26:42.340   708   793 W IPCThreadState: Sending oneway calls to frozen process.
04-03 18:26:42.340   708   793 W IPCThreadState: Sending oneway calls to frozen process.
04-03 18:26:42.340   708   793 W IPCThreadState: Sending oneway calls to frozen process.
04-03 18:26:42.340   708   793 W IPCThreadState: Sending oneway calls to frozen process.
04-03 18:26:42.352  1138  1138 D NexusLauncherModelDelegate: notifySmartspaceEvent: SmartspaceTargetEvent{mSmartspaceTarget=null, mSmartspaceActionId='null', mEventType=6}
04-03 18:26:42.387   989  1077 W Looper  : Slow dispatch took 36ms wmshell.main app=com.android.systemui main=false group=FOREGROUND h=android.os.Handler c=android.window.TaskOrganizer$1$$ExternalSyntheticLambda4@b009496 m=0
04-03 18:26:42.388   989  1077 D WindowManagerShell: setLauncherKeepClearAreaHeight: visible=true, height=527
04-03 18:26:42.411   708   913 I AppWidgetServiceImpl: Received broadcast: android.intent.action.PACKAGE_RESTARTED on user 0
04-03 18:26:42.414   708   913 I AppWidgetServiceImpl: Updating package stopped masked state for uid 10221 package VinhKhanhGuide.App isStopped true
04-03 18:26:42.463  1124  1124 D CarrierSvcBindHelper: onHandleForceStop: [VinhKhanhGuide.App]
04-03 18:26:42.487  1138  1138 D BaseDepthController: setSurface:
04-03 18:26:42.487  1138  1138 D BaseDepthController: 	mWaitingOnSurfaceValidity: false
04-03 18:26:42.487  1138  1138 D BaseDepthController: 	mBaseSurface: Surface(name=com.google.android.apps.nexuslauncher/com.google.android.apps.nexuslauncher.NexusLauncherActivity)/@0x8515a00
04-03 18:26:42.491   708   743 W ActivityTaskManager: Unable to send transaction to client proc VinhKhanhGuide.App: no app thread
04-03 18:26:42.511  1124  1124 D CarrierSvcBindHelper: No carrier app for: 0
04-03 18:26:42.572   708  1179 I WindowManager: WIN DEATH: Window{265531 u0 VinhKhanhGuide.App/crc649a39ab0c1526a4d0.MainActivity}
04-03 18:26:42.582   708  1826 I ImeTracker: VinhKhanhGuide.App:c07e3337: onRequestHide at ORIGIN_SERVER reason HIDE_REMOVE_CLIENT fromUser false
04-03 18:26:42.583   708  1826 I ImeTracker: VinhKhanhGuide.App:c07e3337: onCancelled at PHASE_SERVER_SHOULD_HIDE
04-03 18:26:42.584   708   955 V ActivityManager: Got obituary of 22678:VinhKhanhGuide.App
04-03 18:26:42.585   708   742 W ActivityManager: setHasOverlayUi called on unknown pid: 22678
04-03 18:26:42.590   708   750 I libprocessgroup: Removed cgroup /sys/fs/cgroup/apps/uid_10221/pid_22678
04-03 18:26:42.596   457   457 I Zygote  : Process 22678 exited due to signal 9 (Killed)
04-03 18:26:42.599  1138  1138 D StatsLog: LAUNCHER_ONRESUME
04-03 18:26:42.602 22396 22396 I adbd    : Remote process closed the socket (on MSG_PEEK)
04-03 18:26:42.629   989 17322 V WindowManagerShell: onTransitionReady(transaction=3040836849623)
04-03 18:26:42.630   989  1077 V WindowManagerShell: onTransitionReady (#102) android.os.BinderProxy@2ce933b: {id=102 t=CLOSE f=0x0 trk=0 r=[0@Point(0, 0)] c=[
04-03 18:26:42.630   989  1077 V WindowManagerShell:         {m=TO_FRONT f=SHOW_WALLPAPER|MOVE_TO_TOP leash=Surface(name=Task=1)/@0x3674404 sb=Rect(0, 0 - 1080, 2400) eb=Rect(0, 0 - 1080, 2400) epz=Point(1080, 2400) d=0 taskParent=-1},
04-03 18:26:42.630   989  1077 V WindowManagerShell:         {m=CLOSE f=NONE leash=Surface(name=Task=110)/@0x8c95ded sb=Rect(0, 0 - 1080, 2400) eb=Rect(0, 0 - 1080, 2400) epz=Point(1080, 2400) d=0 taskParent=-1},
04-03 18:26:42.630   989  1077 V WindowManagerShell:         {m=TO_FRONT f=IS_WALLPAPER leash=Surface(name=WallpaperWindowToken{73064a2 showWhenLocked=false})/@0xaa96422 sb=Rect(0, 0 - 1080, 2400) eb=Rect(0, 0 - 1080, 2400) epz=Point(1080, 2400) d=0}
04-03 18:26:42.630   989  1077 V WindowManagerShell:     ]}
04-03 18:26:42.639   989  1077 V WindowManagerShell: Playing animation for (#102) android.os.BinderProxy@2ce933b@0
04-03 18:26:42.644  1138  1189 D QuickstepModelDelegate: notifyAppTargetEvent action=1 launchLocation=workspace/0/[-1,-1]/[1,1]
04-03 18:26:42.647   989  1077 V ShellRecents: RecentsTransitionHandler.startAnimation: no controller found
04-03 18:26:42.648   989  1077 V WindowManagerShell: Transition doesn't have explicit remote, search filters for match for {id=102 t=CLOSE f=0x0 trk=0 r=[0@Point(0, 0)] c=[{m=TO_FRONT f=SHOW_WALLPAPER|MOVE_TO_TOP leash=Surface(name=Task=1)/@0x3674404 sb=Rect(0, 0 - 1080, 2400) eb=Rect(0, 0 - 1080, 2400) epz=Point(1080, 2400) d=0 taskParent=-1},{m=CLOSE f=NONE leash=Surface(name=Task=110)/@0x8c95ded sb=Rect(0, 0 - 1080, 2400) eb=Rect(0, 0 - 1080, 2400) epz=Point(1080, 2400) d=0 taskParent=-1},{m=TO_FRONT f=IS_WALLPAPER leash=Surface(name=WallpaperWindowToken{73064a2 showWhenLocked=false})/@0xaa96422 sb=Rect(0, 0 - 1080, 2400) eb=Rect(0, 0 - 1080, 2400) epz=Point(1080, 2400) d=0}]}
04-03 18:26:42.650   989  1077 V WindowManagerShell:  Checking filter Pair{{types=[] flags=0x0] notFlags=0x0 checks=[{atype=undefined independent=true modes=[CLOSE,TO_BACK] flags=IN_TASK_WITH_EMBEDDED_ACTIVITY mustBeTask=false order=ANY topActivity=null launchCookie=null taskFragmentToken=android.os.BinderProxy@9c6896f windowingMode=undefined}]} RemoteTransition { remoteTransition = android.window.IRemoteTransition$Stub$Proxy@242867c, appThread = android.app.IApplicationThread$Stub$Proxy@b353b05, debugName = overlayBackTransition }}
04-03 18:26:42.651   989  1077 V WindowManagerShell:  Checking filter Pair{{types=[] flags=0x0] notFlags=0x0 checks=[{atype=dream independent=true modes=[OPEN,TO_FRONT] flags=NONE mustBeTask=false order=ANY topActivity=null launchCookie=null windowingMode=undefined},{atype=home independent=true modes=[CLOSE,TO_BACK] flags=NONE mustBeTask=false order=ANY topActivity=null launchCookie=null windowingMode=undefined}]} RemoteTransition { remoteTransition = android.window.IRemoteTransition$Stub$Proxy@883d75a, appThread = android.app.IApplicationThread$Stub$Proxy@55c4d8b, debugName = LauncherToDream }}
04-03 18:26:42.651   989  1077 V WindowManagerShell:  Checking filter Pair{{types=[] flags=0x0] notFlags=0x100 checks=[{atype=home independent=true modes=[OPEN,TO_FRONT] flags=NONE mustBeTask=false order=TOP topActivity=ComponentInfo{com.google.android.apps.nexuslauncher/com.google.android.apps.nexuslauncher.NexusLauncherActivity} launchCookie=null windowingMode=undefined},{atype=standard independent=true modes=[CLOSE,TO_BACK] flags=NONE mustBeTask=false order=ANY topActivity=null launchCookie=null windowingMode=undefined},{NOT atype=undefined independent=true modes=[] flags=NONE mustBeTask=true order=ANY topActivity=null launchCookie=null customAnim=true windowingMode=undefined}]} RemoteTransition { remoteTransition = android.window.IRemoteTransition$Stub$Proxy@c6f8e68, appThread = android.app.IApplicationThread$Stub$Proxy@5538281, debugName = QuickstepLaunchHome }}
04-03 18:26:42.658   989  1077 D RemoteTransitionHandler: Found filterPair{{types=[] flags=0x0] notFlags=0x100 checks=[{atype=home independent=true modes=[OPEN,TO_FRONT] flags=NONE mustBeTask=false order=TOP topActivity=ComponentInfo{com.google.android.apps.nexuslauncher/com.google.android.apps.nexuslauncher.NexusLauncherActivity} launchCookie=null windowingMode=undefined},{atype=standard independent=true modes=[CLOSE,TO_BACK] flags=NONE mustBeTask=false order=ANY topActivity=null launchCookie=null windowingMode=undefined},{NOT atype=undefined independent=true modes=[] flags=NONE mustBeTask=true order=ANY topActivity=null launchCookie=null customAnim=true windowingMode=undefined}]} RemoteTransition { remoteTransition = android.window.IRemoteTransition$Stub$Proxy@c6f8e68, appThread = android.app.IApplicationThread$Stub$Proxy@5538281, debugName = QuickstepLaunchHome }}
04-03 18:26:42.658   989  1077 V WindowManagerShell:  Delegate animation for (#102) to RemoteTransition { remoteTransition = android.window.IRemoteTransition$Stub$Proxy@c6f8e68, appThread = android.app.IApplicationThread$Stub$Proxy@5538281, debugName = QuickstepLaunchHome }
04-03 18:26:42.662  1138  1138 I NotificationListener: Handling notification state refresh for com.google.android.gms#0
04-03 18:26:42.700  1138  1138 D StateManager: createAtomicAnimation - fromState: Background, toState: Normal, partial trace:
04-03 18:26:42.700  1138  1138 D StateManager: 	at com.android.quickstep.util.WorkspaceRevealAnim.prepareToAnimate(go/retraceme 43e00d9cd0eb17b3d9dd30fc1741b1c71445c4c0f7c8c9b81300265c86c5b873:22)
04-03 18:26:42.700  1138  1138 D StateManager: 	at com.android.quickstep.util.WorkspaceRevealAnim.<init>(go/retraceme 43e00d9cd0eb17b3d9dd30fc1741b1c71445c4c0f7c8c9b81300265c86c5b873:11)
04-03 18:26:42.700  1138  1138 D StateManager: 	at com.android.launcher3.QuickstepTransitionManager.createWallpaperOpenAnimations(go/retraceme 43e00d9cd0eb17b3d9dd30fc1741b1c71445c4c0f7c8c9b81300265c86c5b873:339)
04-03 18:26:42.701   708   739 V WindowManager: Sent Transition (#102) createdAt=04-03 18:26:42.251 via request=TransitionRequestInfo { type = CLOSE, triggerTask = TaskInfo{userId=0 taskId=110 effectiveUid=10221 displayId=0 isRunning=false baseIntent=Intent { flg=0x10000000 cmp=VinhKhanhGuide.App/crc649a39ab0c1526a4d0.MainActivity } baseActivity=null topActivity=null origActivity=null realActivity=ComponentInfo{VinhKhanhGuide.App/crc649a39ab0c1526a4d0.MainActivity} numActivities=0 lastActiveTime=37383070 supportsMultiWindow=true resizeMode=1 isResizeable=true minWidth=-1 minHeight=-1 defaultMinSize=220 token=WCT{RemoteToken{e61c121 Task{c640e41 #110 type=standard A=10221:VinhKhanhGuide.App}}} topActivityType=1 pictureInPictureParams=null shouldDockBigOverlays=false launchIntoPipHostTaskId=-1 lastParentTaskIdBeforePip=-1 displayCutoutSafeInsets=Rect(0, 0 - 0, 0) topActivityInfo=null launchCookies=[] positionInParent=Point(0, 0) parentTaskId=-1 isFocused=true isVisible=true isVisibleRequested=true isTopActivityNoDisplay=false isSleeping=false locusId=null displayAreaFeatureId=1 isTopActivityTransparent=false isActivityStackTransparent=true lastNonFullscreenBounds=Rect(276, 692 - 804, 1772) capturedLink=null capturedLinkTimestamp=0 requestedVisibleTypes=-9 topActivityRequestOpenInBrowserEducationTimestamp=0 appCompatTaskInfo=AppCompatTaskInfo { topActivityInSizeCompat=false eligibleForLetterboxEducation= false isLetterboxEducationEnabled= false isLetterboxDoubleTapEnabled= false eligibleForUserAspectRatioButton= false topActivityBoundsLetterboxed= false isFromLetterboxDoubleTap= false topActivityLetterboxVerticalPosition= -1 topActivityLetterboxHorizontalPosition= -1 topActivityLetterboxWidth=-1 topActivityLetterboxHeight=-1 topActivityAppBounds=Rect(0, 0 - 0, 0) isUserFullscreenOverrideEnabled=false isSystemFullscreenOverrideEnabled=false hasMinAspectRatioOverride=false topActivityLetterboxBounds=null cameraCompatTaskInfo=CameraCompatTaskInfo { freeformCameraCompatMode=undefined}} topActivityMainWindowFrame=null}, pipChange = null, remoteTransition = null, displayChange = null, flags = 0, debugId = 102 }
04-03 18:26:42.701   708   739 V WindowManager:     startWCT=WindowContainerTransaction { changes= {} hops= [] errorCallbackToken=null taskFragmentOrganizer=null }
04-03 18:26:42.702   708   739 V WindowManager:     info={id=102 t=CLOSE f=0x0 trk=0 r=[0@Point(0, 0)] c=[
04-03 18:26:42.702   708   739 V WindowManager:         {WCT{RemoteToken{1f01da3 Task{a526d7d #1 type=home}}} m=TO_FRONT f=SHOW_WALLPAPER|MOVE_TO_TOP leash=Surface(name=Task=1)/@0xbe2547a sb=Rect(0, 0 - 1080, 2400) eb=Rect(0, 0 - 1080, 2400) epz=Point(1080, 2400) d=0 taskParent=-1},
04-03 18:26:42.702   708   739 V WindowManager:         {WCT{RemoteToken{e61c121 Task{c640e41 #110 type=standard A=10221:VinhKhanhGuide.App}}} m=CLOSE f=NONE leash=Surface(name=Task=110)/@0x862832b sb=Rect(0, 0 - 1080, 2400) eb=Rect(0, 0 - 1080, 2400) epz=Point(1080, 2400) d=0 taskParent=-1},
04-03 18:26:42.702   708   739 V WindowManager:         {m=TO_FRONT f=IS_WALLPAPER leash=Surface(name=WallpaperWindowToken{73064a2 showWhenLocked=false})/@0x878f8a5 sb=Rect(0, 0 - 1080, 2400) eb=Rect(0, 0 - 1080, 2400) epz=Point(1080, 2400) d=0}
04-03 18:26:42.702   708   739 V WindowManager:     ]}
04-03 18:26:42.702  1138  1138 D b/311077782: LauncherAnimationRunner.setAnimation
04-03 18:26:42.729   708   871 D WifiClientModeImpl[27882:wlan0]: updateLinkLayerStatsRssiSpeedFrequencyCapabilities rssi=-50 TxLinkspeed=2 freq=2447 RxLinkSpeed=2
04-03 18:26:42.729   708   871 D WifiDataStall: tx tput in kbps: 11000
04-03 18:26:42.729   708   871 D WifiDataStall: rx tput in kbps: 11000
04-03 18:26:42.729   708   871 V WifiConfigManager: Updating scan detail cache freq=2447 BSSID=00:13:10:85:fe:01 RSSI=-50 for "AndroidWifi"NONE
04-03 18:26:42.730   708   871 D WifiThroughputPredictor:  utilization (LLS) 80 isBluetoothConnected: false final utilization: 80
04-03 18:26:42.730   708   871 D WifiThroughputPredictor:  BW: 0 RSSI: -50 Nss: 1 Mode: 1 symDur: 4000 snrDb 30 bitPerTone: 4500 rate: 54 throughput: 11
04-03 18:26:42.730   708   871 D WifiThroughputPredictor:  utilization (LLS) 80 isBluetoothConnected: false final utilization: 80
04-03 18:26:42.730   708   871 D WifiThroughputPredictor:  BW: 0 RSSI: -50 Nss: 1 Mode: 1 symDur: 4000 snrDb 30 bitPerTone: 4500 rate: 54 throughput: 11
04-03 18:26:42.730   708   844 I ImeTracker: com.google.android.apps.nexuslauncher:7f684081: onRequestHide at ORIGIN_SERVER reason HIDE_UNSPECIFIED_WINDOW fromUser false
04-03 18:26:42.731   989  1077 V WindowManagerShell:  animated by com.android.wm.shell.transition.RemoteTransitionHandler@7180f26
04-03 18:26:42.732   989  1077 W Looper  : Drained
04-03 18:26:42.732   989  1077 W Looper  : Slow dispatch took 102ms wmshell.main app=com.android.systemui main=false group=FOREGROUND h=android.os.Handler c=com.android.wm.shell.transition.Transitions$TransitionPlayerImpl$$ExternalSyntheticLambda0@b169c70 m=0
04-03 18:26:42.742   989  1077 W Looper  : Slow delivery took 32ms wmshell.main app=com.android.systemui main=false group=FOREGROUND h=android.os.Handler c=android.window.TaskOrganizer$1$$ExternalSyntheticLambda4@5210f9c m=0
04-03 18:26:42.744   708   871 D WifiThroughputPredictor:  utilization (LLS) 80 isBluetoothConnected: false final utilization: 80
04-03 18:26:42.744   708   871 D WifiThroughputPredictor:  BW: 0 RSSI: -50 Nss: 1 Mode: 1 symDur: 4000 snrDb 30 bitPerTone: 4500 rate: 54 throughput: 11
04-03 18:26:42.744   708   871 D WifiThroughputPredictor:  utilization (LLS) 80 isBluetoothConnected: false final utilization: 80
04-03 18:26:42.744   708   871 D WifiThroughputPredictor:  BW: 0 RSSI: -50 Nss: 1 Mode: 1 symDur: 4000 snrDb 30 bitPerTone: 4500 rate: 54 throughput: 11
04-03 18:26:42.745   708   871 D WifiScoreCard: BSSID update SIGNAL_POLL ID: 2013833525 SSID: "AndroidWifi", BSSID: 00:13:10:85:fe:01, MAC: 02:15:b2:00:00:00, IP: /10.0.2.16, Security type: 0, Supplicant state: COMPLETED, Wi-Fi standard: legacy, RSSI: -50, Link speed: 2Mbps, Tx Link speed: 2Mbps, Max Supported Tx Link speed: 11Mbps, Rx Link speed: 2Mbps, Max Supported Rx Link speed: 11Mbps, Frequency: 2447MHz, Net ID: 0, Metered hint: false, score: 60, isUsable: true, CarrierMerged: false, SubscriptionId: -1, IsPrimary: 1, Trusted: true, Restricted: false, Ephemeral: false, OEM paid: false, OEM private: false, OSU AP: false, FQDN: <none>, Provider friendly name: <none>, Requesting package name: <none>"AndroidWifi"openMLO Information: , Is TID-To-Link negotiation supported by the AP: false, AP MLD Address: <none>, AP MLO Link Id: <none>, AP MLO Affiliated links: <none>, Vendor Data: <none>
04-03 18:26:42.747   708   871 D WifiScoreCard: txRate: 2 txSpeed: 2
04-03 18:26:42.747   708   871 D WifiScoreCard: network update SIGNAL_POLL "AndroidWifi" ID: 311078882 RSSI -50 txSpeed -1
04-03 18:26:42.747  1138  1138 D InsetsController: hide(ime(), fromIme=false)
04-03 18:26:42.747  1138  1138 I ImeTracker: com.google.android.apps.nexuslauncher:7f684081: onCancelled at PHASE_CLIENT_ALREADY_HIDDEN
04-03 18:26:42.750   475   516 I RanchuHwc: logCompositionFallbackIfChanged: layer 180 CompositionType fallback from 2 to 1
04-03 18:26:42.751   475   516 I RanchuHwc: logCompositionFallbackIfChanged: layer 181 CompositionType fallback from 2 to 1
04-03 18:26:42.751   708   871 D WifiClientModeImpl[27882:wlan0]:  ClientModeImpl$L2ConnectedState screen=on 1 0 "AndroidWifi" 00:13:10:85:fe:01 rssi=-50 f=2447 sc=60 link=2 tx=1.0, 0.0, 0.0 rx=0.0 bcn=0 [on:0 tx:0 rx:0 period:3023] from screen [on:0 period:1394109503] score=60
04-03 18:26:42.752   989  1077 W Looper  : Drained
04-03 18:26:42.759   708   793 W ActivityTaskManager: callingPackage for (uid=0, pid=22790) has no WPC
04-03 18:26:42.766   708   793 V GrammaticalInflectionUtils: AttributionSource: AttributionSource { uid = 10221, packageName = null, attributionTag = null, token = android.os.Binder@5521a3a, deviceId = 0, next = null } does not have READ_SYSTEM_GRAMMATICAL_GENDER permission.
04-03 18:26:42.771   708   793 W OptProp : Cannot read opt property android.window.PROPERTY_COMPAT_ALLOW_USER_ASPECT_RATIO_OVERRIDE
04-03 18:26:42.772   708   793 W OptProp : Cannot read opt property android.window.PROPERTY_COMPAT_ALLOW_USER_ASPECT_RATIO_FULLSCREEN_OVERRIDE
04-03 18:26:42.772   708   793 W OptProp : Cannot read opt property android.window.PROPERTY_COMPAT_ALLOW_RESIZEABLE_ACTIVITY_OVERRIDES
04-03 18:26:42.773   708   793 W OptProp : Cannot read opt property android.window.PROPERTY_COMPAT_ALLOW_MIN_ASPECT_RATIO_OVERRIDE
04-03 18:26:42.818   708   793 W OptProp : Cannot read opt property android.window.PROPERTY_COMPAT_ALLOW_ORIENTATION_OVERRIDE
04-03 18:26:42.857   530   555 I BpBinder: onLastStrongRef automatically unlinking death recipients: 
04-03 18:26:42.859   708   793 V SplashScreenExceptionList: SplashScreen checking exception for package VinhKhanhGuide.App (target sdk:34) -> false
04-03 18:26:42.861  1943  2226 I AiAiEcho: Predicting[0]:  [CONTEXT sampling_count=5 ]
04-03 18:26:42.863  1943  2226 I AiAiEcho: EchoTargets: 
04-03 18:26:42.863  1943  2226 I AiAiEcho: Filtered by AiAi flag check: 
04-03 18:26:42.863  1943  2226 I AiAiEcho: [CONTEXT ratelimit_period="10 SECONDS" ]
04-03 18:26:42.873   708   793 I ActivityTaskManager: Add Task{c640e41 #110 type=standard A=10221:VinhKhanhGuide.App} to hidden list because adding Task{b7f1ce5 #111 type=standard A=10221:VinhKhanhGuide.App}
04-03 18:26:42.885   708   793 I ActivityTaskManager: START u0 {flg=0x10000000 xflg=0x4 cmp=VinhKhanhGuide.App/crc649a39ab0c1526a4d0.MainActivity} with LAUNCH_SINGLE_TOP from uid 0 (BAL_ALLOW_ALLOWLISTED_UID) result code=0
04-03 18:26:42.895   605  4598 W IPCThreadState: Sending oneway calls to frozen process.
04-03 18:26:42.895   605  4598 W IPCThreadState: Sending oneway calls to frozen process.
04-03 18:26:42.906   989  1077 V WindowManagerShell: Transition requested (#103): android.os.BinderProxy@9fd8988 TransitionRequestInfo { type = OPEN, triggerTask = TaskInfo{userId=0 taskId=111 effectiveUid=10221 displayId=0 isRunning=true baseIntent=Intent { flg=0x10000000 cmp=VinhKhanhGuide.App/crc649a39ab0c1526a4d0.MainActivity } baseActivity=ComponentInfo{VinhKhanhGuide.App/crc649a39ab0c1526a4d0.MainActivity} topActivity=ComponentInfo{VinhKhanhGuide.App/crc649a39ab0c1526a4d0.MainActivity} origActivity=null realActivity=ComponentInfo{VinhKhanhGuide.App/crc649a39ab0c1526a4d0.MainActivity} numActivities=1 lastActiveTime=37443944 supportsMultiWindow=true resizeMode=1 isResizeable=true minWidth=-1 minHeight=-1 defaultMinSize=220 token=WCT{android.window.IWindowContainerToken$Stub$Proxy@80b2f21} topActivityType=1 pictureInPictureParams=null shouldDockBigOverlays=false launchIntoPipHostTaskId=-1 lastParentTaskIdBeforePip=-1 displayCutoutSafeInsets=Rect(0, 128 - 0, 0) topActivityInfo=ActivityInfo{9a54f46 crc649a39ab0c1526a4d0.MainActivity} launchCookies=[] positionInParent=Point(0, 0) parentTaskId=-1 isFocused=false isVisible=false isVisibleRequested=false isTopActivityNoDisplay=false isSleeping=false locusId=null displayAreaFeatureId=1 isTopActivityTransparent=false isActivityStackTransparent=false lastNonFullscreenBounds=Rect(276, 692 - 804, 1772) capturedLink=null capturedLinkTimestamp=0 requestedVisibleTypes=-9 topActivityRequestOpenInBrowserEducationTimestamp=0 appCompatTaskInfo=AppCompatTaskInfo { topActivityInSizeCompat=false eligibleForLetterboxEducation= false isLetterboxEducationEnabled= true isLetterboxDoubleTapEnabled= false eligibleForUserAspectRatioButton= false topActivityBoundsLetterboxed= false isFromLetterboxDoubleTap= false topActivityLetterboxVerticalPosition= -1 topActivityLetterboxHorizontalPosition= -1 topActivityLetterboxWidth=-1 topActivityLetterboxHeight=-1 topActivityAppBounds=Rect(0, 128 - 1080, 2337) isUserFullscreenOverrideEnabled=false isSystemFullscreenOverrideEnabled=false hasMinAspectRatioOverride=false topActivityLetterboxBounds=null cameraCompatTaskInfo=CameraCompatTaskInfo { freeformCameraCompatMode=inactive}} topActivityMainWindowFrame=null}, pipChange = null, remoteTransition = null, displayChange = null, flags = 0, debugId = 103 }
04-03 18:26:42.907  1943  2226 I AiAiEcho: #remoteViewsTwiddler: feature disabled.
04-03 18:26:42.912  1480  1480 I GoogleInputMethodService: GoogleInputMethodService.onFinishInput():2043 
04-03 18:26:42.915   989  1077 D ShellSplitScreen: logExit: no-op, mLoggerSessionId is null
04-03 18:26:42.915  1480  1480 I Module  : DeviceLockedStatusModuleProvider$Module.updateDeviceLockedStatus():100 repeatCheckTimes = 0, locked = false
04-03 18:26:42.916   989  1177 D SplashScreenView: Build android.window.SplashScreenView{fae4507 V.E...... ......ID 0,0-0,0}
04-03 18:26:42.916   989  1177 D SplashScreenView: Icon: view: android.widget.ImageView{a5b634 V.ED..... ......I. 0,0-0,0 #1020542 android:id/splashscreen_icon_view} drawable: com.android.wm.shell.startingsurface.SplashscreenIconDrawableFactory$ImmobileIconDrawable@44a9c5d size: 504
04-03 18:26:42.916   989  1177 D SplashScreenView: Branding: view: android.view.View{c5719d2 G.ED..... ......I. 0,0-0,0 #1020541 android:id/splashscreen_branding_view} drawable: null size w: 0 h: 0
04-03 18:26:42.925   708   955 I ImeTracker: system_server:a1d24883: onRequestHide at ORIGIN_SERVER reason IME_REQUESTED_CHANGED_LISTENER fromUser false
04-03 18:26:42.930  1480  1480 I GoogleInputMethodService: GoogleInputMethodService.onStartInput():1293 onStartInput(EditorInfo{EditorInfo{packageName=com.google.android.apps.nexuslauncher, inputType=0, inputTypeString=NULL, enableLearning=false, autoCorrection=false, autoComplete=false, imeOptions=0, privateImeOptions=null, actionName=UNSPECIFIED, actionLabel=null, initialSelStart=-1, initialSelEnd=-1, initialCapsMode=0, label=null, fieldId=0, fieldName=null, extras=null, hintText=null, hintLocales=[]}}, false)
04-03 18:26:42.930  1943  2226 I AiAiEcho: #postPredictionTargets: Sending updates to UISurface home with targets# 0 (types=[])
04-03 18:26:42.941   989  1077 W Looper  : Slow dispatch took 36ms wmshell.main app=com.android.systemui main=false group=TOP_APP h=android.os.Handler c=com.android.wm.shell.transition.Transitions$ShellTransitionImpl$$ExternalSyntheticLambda1@c0cdff m=0
04-03 18:26:42.944  1480  1480 I EmojiCompatManager: EmojiCompatManager.getEmojiCompatIfLoaded():343 EmojiCompat.init() was never called.
04-03 18:26:42.944  1480  1480 I EmojiCompatManager: java.lang.IllegalStateException: EmojiCompat is not initialized. Please call EmojiCompat.init() first
04-03 18:26:42.944  1480  1480 I EmojiCompatManager: 	at asx.p(PG:6)
04-03 18:26:42.944  1480  1480 I EmojiCompatManager: 	at axb.b(PG:13)
04-03 18:26:42.944  1480  1480 I EmojiCompatManager: 	at jnr.b(PG:2)
04-03 18:26:42.944  1480  1480 I EmojiCompatManager: 	at jnr.c(PG:4)
04-03 18:26:42.944  1480  1480 I EmojiCompatManager: 	at jnr.f(PG:3)
04-03 18:26:42.944  1480  1480 I EmojiCompatManager: 	at jnx.c(PG:3)
04-03 18:26:42.944  1480  1480 I EmojiCompatManager: 	at kif.cz(PG:47)
04-03 18:26:42.944  1480  1480 I EmojiCompatManager: 	at lhl.run(PG:1025)
04-03 18:26:42.944  1480  1480 I EmojiCompatManager: 	at jaf.execute(PG:12)
04-03 18:26:42.944  1480  1480 I EmojiCompatManager: 	at nco.v(PG:13)
04-03 18:26:42.944  1480  1480 I EmojiCompatManager: 	at lhn.m(PG:96)
04-03 18:26:42.944  1480  1480 I EmojiCompatManager: 	at lhn.k(PG:25)
04-03 18:26:42.944  1480  1480 I EmojiCompatManager: 	at kgn.onStartInput(PG:250)
04-03 18:26:42.944  1480  1480 I EmojiCompatManager: 	at android.inputmethodservice.InputMethodService.doStartInput(InputMethodService.java:3521)
04-03 18:26:42.944  1480  1480 I EmojiCompatManager: 	at android.inputmethodservice.InputMethodService$InputMethodImpl.startInput(InputMethodService.java:879)
04-03 18:26:42.944  1480  1480 I EmojiCompatManager: 	at android.inputmethodservice.InputMethodService$InputMethodImpl.dispatchStartInput(InputMethodService.java:908)
04-03 18:26:42.944  1480  1480 I EmojiCompatManager: 	at android.inputmethodservice.IInputMethodWrapper.executeMessage(IInputMethodWrapper.java:201)
04-03 18:26:42.944  1480  1480 I EmojiCompatManager: 	at com.android.internal.os.HandlerCaller$MyHandler.handleMessage(HandlerCaller.java:44)
04-03 18:26:42.944  1480  1480 I EmojiCompatManager: 	at android.os.Handler.dispatchMessage(Handler.java:110)
04-03 18:26:42.944  1480  1480 I EmojiCompatManager: 	at android.os.Looper.loopOnce(Looper.java:248)
04-03 18:26:42.944  1480  1480 I EmojiCompatManager: 	at android.os.Looper.loop(Looper.java:338)
04-03 18:26:42.944  1480  1480 I EmojiCompatManager: 	at android.app.ActivityThread.main(ActivityThread.java:9067)
04-03 18:26:42.944  1480  1480 I EmojiCompatManager: 	at java.lang.reflect.Method.invoke(Native Method)
04-03 18:26:42.944  1480  1480 I EmojiCompatManager: 	at com.android.internal.os.RuntimeInit$MethodAndArgsCaller.run(RuntimeInit.java:593)
04-03 18:26:42.944  1480  1480 I EmojiCompatManager: 	at com.android.internal.os.ZygoteInit.main(ZygoteInit.java:932)
04-03 18:26:42.944  1138  1138 W SplitSelectStateCtor: Missing session instanceIds
04-03 18:26:42.944  1138  1138 D StatsLog: LAUNCHER_SPLIT_SELECTION_EXIT_INTERRUPTED
04-03 18:26:42.947  1480  1480 I Module  : DeviceLockedStatusModuleProvider$Module.updateDeviceLockedStatus():100 repeatCheckTimes = 1, locked = false
04-03 18:26:42.951   989  1077 D WindowManagerShell: setLauncherKeepClearAreaHeight: visible=false, height=527
04-03 18:26:42.951   708  1029 W PackageConfigPersister: App-specific configuration not found for packageName: com.google.android.apps.nexuslauncher and userId: 0
04-03 18:26:42.964   708   913 I AppWidgetServiceImpl: Received broadcast: android.intent.action.PACKAGE_UNSTOPPED on user 0
04-03 18:26:42.964   708   913 I AppWidgetServiceImpl: Updating package stopped masked state for uid 10221 package VinhKhanhGuide.App isStopped false
04-03 18:26:42.967   708   955 D CoreBackPreview: Window{7600a47 u0 Splash Screen VinhKhanhGuide.App}: Setting back callback OnBackInvokedCallbackInfo{mCallback=android.window.IOnBackInvokedCallback$Stub$Proxy@fca0955, mPriority=0, mIsAnimationCallback=false, mOverrideBehavior=0}
04-03 18:26:42.975   708   742 V GrammaticalInflectionUtils: AttributionSource: AttributionSource { uid = 10221, packageName = null, attributionTag = null, token = android.os.Binder@5521a3a, deviceId = 0, next = null } does not have READ_SYSTEM_GRAMMATICAL_GENDER permission.
04-03 18:26:42.975  1138  1138 D SsBaseTemplateCard: No text view can be set up
04-03 18:26:42.975  1138  1138 D SsBaseTemplateCard: Passed-in item info is null
04-03 18:26:42.975  1138  1138 D SsBaseTemplateCard: Passed-in item info is null
04-03 18:26:42.975  1138  1138 D SsBaseTemplateCard: Passed-in item info is null
04-03 18:26:42.975  1138  1138 I SsBaseTemplateCard: Secondary card pane is null
04-03 18:26:42.996  1138  1148 W s.nexuslauncher: Suspending all threads took: 13.349ms
04-03 18:26:43.027   708   743 W ActivityTaskManager: Unable to send transaction to client proc VinhKhanhGuide.App: no app thread
04-03 18:26:43.061   708   742 W ActivityManager: Slow operation: 99ms so far, now at startProcess: done starting proc!
04-03 18:26:43.062   708   749 W ActivityManager: Slow operation: 86ms so far, now at startProcess: asking zygote to start proc
04-03 18:26:43.079  1138  1138 D WorkspaceRevealAnim: onAnimationEnd: workspace alpha = 1.0
04-03 18:26:43.093  1124  1373 D SatelliteController: iisInCarrierRoamingNbIotNtn: satellite is disabled
04-03 18:26:43.101   989  1077 V WindowManagerShell: Transition animation finished (aborted=false), notifying core (#102) android.os.BinderProxy@2ce933b@0
04-03 18:26:43.103   708   742 I ImeTracker: system_server:a1d24883: onCancelled at PHASE_SERVER_SHOULD_HIDE
04-03 18:26:43.139   708   936 D BackgroundInstallControlService: Package event received: 0
04-03 18:26:43.145   457   457 D Zygote  : Forked child process 22795
04-03 18:26:43.145   708   749 W ActivityManager: Slow operation: 168ms so far, now at startProcess: returned from zygote!
04-03 18:26:43.145   708   749 W ActivityManager: Slow operation: 168ms so far, now at startProcess: done updating battery stats
04-03 18:26:43.146   708   749 W ActivityManager: Slow operation: 169ms so far, now at startProcess: building log message
04-03 18:26:43.146   708   749 I ActivityManager: Start proc 22795:VinhKhanhGuide.App/u0a221 for next-top-activity {VinhKhanhGuide.App/crc649a39ab0c1526a4d0.MainActivity}
04-03 18:26:43.146   708   749 W ActivityManager: Slow operation: 169ms so far, now at startProcess: starting to update pids map
04-03 18:26:43.151   708   739 V WindowManager: Sent Transition (#103) createdAt=04-03 18:26:42.773 via request=TransitionRequestInfo { type = OPEN, triggerTask = TaskInfo{userId=0 taskId=111 effectiveUid=10221 displayId=0 isRunning=true baseIntent=Intent { flg=0x10000000 cmp=VinhKhanhGuide.App/crc649a39ab0c1526a4d0.MainActivity } baseActivity=ComponentInfo{VinhKhanhGuide.App/crc649a39ab0c1526a4d0.MainActivity} topActivity=ComponentInfo{VinhKhanhGuide.App/crc649a39ab0c1526a4d0.MainActivity} origActivity=null realActivity=ComponentInfo{VinhKhanhGuide.App/crc649a39ab0c1526a4d0.MainActivity} numActivities=1 lastActiveTime=37443944 supportsMultiWindow=true resizeMode=1 isResizeable=true minWidth=-1 minHeight=-1 defaultMinSize=220 token=WCT{RemoteToken{b6ee5d1 Task{b7f1ce5 #111 type=standard A=10221:VinhKhanhGuide.App}}} topActivityType=1 pictureInPictureParams=null shouldDockBigOverlays=false launchIntoPipHostTaskId=-1 lastParentTaskIdBeforePip=-1 displayCutoutSafeInsets=Rect(0, 128 - 0, 0) topActivityInfo=ActivityInfo{43f20a4 crc649a39ab0c1526a4d0.MainActivity} launchCookies=[] positionInParent=Point(0, 0) parentTaskId=-1 isFocused=false isVisible=false isVisibleRequested=false isTopActivityNoDisplay=false isSleeping=false locusId=null displayAreaFeatureId=1 isTopActivityTransparent=false isActivityStackTransparent=false lastNonFullscreenBounds=Rect(276, 692 - 804, 1772) capturedLink=null capturedLinkTimestamp=0 requestedVisibleTypes=-9 topActivityRequestOpenInBrowserEducationTimestamp=0 appCompatTaskInfo=AppCompatTaskInfo { topActivityInSizeCompat=false eligibleForLetterboxEducation= false isLetterboxEducationEnabled= true isLetterboxDoubleTapEnabled= false eligibleForUserAspectRatioButton= false topActivityBoundsLetterboxed= false isFromLetterboxDoubleTap= false topActivityLetterboxVerticalPosition= -1 topActivityLetterboxHorizontalPosition= -1 topActivityLetterboxWidth=-1 topActivityLetterboxHeight=-1 topActivityAppBounds=Rect(0, 128 - 1080, 2337) isUserFullscreenOverrideEnabled=false isSystemFullscreenOverrideEnabled=false hasMinAspectRatioOverride=false topActivityLetterboxBounds=null cameraCompatTaskInfo=CameraCompatTaskInfo { freeformCameraCompatMode=inactive}} topActivityMainWindowFrame=null}, pipChange = null, remoteTransition = null, displayChange = null, flags = 0, debugId = 103 }
04-03 18:26:43.152   989  1212 V WindowManagerShell: onTransitionReady(transaction=3040836849638)
04-03 18:26:43.152   708   739 V WindowManager:     startWCT=WindowContainerTransaction { changes= {} hops= [] errorCallbackToken=null taskFragmentOrganizer=null }
04-03 18:26:43.152   708   739 V WindowManager:     info={id=103 t=OPEN f=0x0 trk=0 r=[0@Point(0, 0)] c=[
04-03 18:26:43.152   708   739 V WindowManager:         {WCT{RemoteToken{b6ee5d1 Task{b7f1ce5 #111 type=standard A=10221:VinhKhanhGuide.App}}} m=OPEN f=NONE leash=Surface(name=Task=111)/@0x9210c5b sb=Rect(0, 0 - 1080, 2400) eb=Rect(0, 0 - 1080, 2400) epz=Point(1080, 2400) d=0 taskParent=-1},
04-03 18:26:43.152   708   739 V WindowManager:         {WCT{RemoteToken{1f01da3 Task{a526d7d #1 type=home}}} m=TO_BACK f=SHOW_WALLPAPER leash=Surface(name=Task=1)/@0xbe2547a sb=Rect(0, 0 - 1080, 2400) eb=Rect(0, 0 - 1080, 2400) epz=Point(1080, 2400) d=0 taskParent=-1},
04-03 18:26:43.152   708   739 V WindowManager:         {m=TO_BACK f=IS_WALLPAPER leash=Surface(name=WallpaperWindowToken{73064a2 showWhenLocked=false})/@0x878f8a5 sb=Rect(0, 0 - 1080, 2400) eb=Rect(0, 0 - 1080, 2400) epz=Point(1080, 2400) d=0}
04-03 18:26:43.152   708   739 V WindowManager:     ]}
04-03 18:26:43.158  1138  1148 I s.nexuslauncher: NativeAlloc concurrent mark compact GC freed 1510KB AllocSpace bytes, 2(40KB) LOS objects, 49% free, 8223KB/16MB, paused 24.635ms,4.552ms total 377.972ms
04-03 18:26:43.177   708  1865 E IPCThreadState: Binder transaction failure. id: 3229738, BR_*: 29189, error: -22 (Invalid argument)
04-03 18:26:43.177   708  1865 W ActivityManager: pid 708 system sent binder code 7 with flags 1 to frozen apps and got error -32
04-03 18:26:43.177   708   739 V WindowManager: Finish Transition (#102): created at 04-03 18:26:42.251 collect-started=1.279ms request-sent=3.425ms started=39.995ms ready=94.835ms sent=374.79ms commit=84.11ms finished=925.271ms
--------- beginning of kernel
04-03 18:26:43.190  1865  1865 I binder  : 1865:708 cannot find target node
04-03 18:26:43.190  1865  1865 I binder  : 708:1865 transaction async to 0:0 failed 3229738/29189/-22, size 64-0 line 3348
04-03 18:26:43.196   708  1865 W WindowManager: Exception thrown during dispatchAppVisibility Window{265531 u0 VinhKhanhGuide.App/crc649a39ab0c1526a4d0.MainActivity EXITING}
04-03 18:26:43.196   708  1865 W WindowManager: android.os.DeadObjectException
04-03 18:26:43.196   708  1865 W WindowManager: 	at android.os.BinderProxy.transactNative(Native Method)
04-03 18:26:43.196   708  1865 W WindowManager: 	at android.os.BinderProxy.transact(BinderProxy.java:592)
04-03 18:26:43.196   708  1865 W WindowManager: 	at android.view.IWindow$Stub$Proxy.dispatchAppVisibility(IWindow.java:557)
04-03 18:26:43.196   708  1865 W WindowManager: 	at com.android.server.wm.WindowState.sendAppVisibilityToClients(WindowState.java:3151)
04-03 18:26:43.196   708  1865 W WindowManager: 	at com.android.server.wm.WindowContainer.sendAppVisibilityToClients(WindowContainer.java:1311)
04-03 18:26:43.196   708  1865 W WindowManager: 	at com.android.server.wm.WindowToken.setClientVisible(WindowToken.java:389)
04-03 18:26:43.196   708  1865 W WindowManager: 	at com.android.server.wm.ActivityRecord.setClientVisible(ActivityRecord.java:6650)
04-03 18:26:43.196   708  1865 W WindowManager: 	at com.android.server.wm.ActivityRecord.commitVisibility(ActivityRecord.java:5561)
04-03 18:26:43.196   708  1865 W WindowManager: 	at com.android.server.wm.Transition.finishTransition(Transition.java:1391)
04-03 18:26:43.196   708  1865 W WindowManager: 	at com.android.server.wm.TransitionController.finishTransition(TransitionController.java:1029)
04-03 18:26:43.196   708  1865 W WindowManager: 	at com.android.server.wm.WindowOrganizerController.finishTransition(WindowOrganizerController.java:496)
04-03 18:26:43.196   708  1865 W WindowManager: 	at android.window.IWindowOrganizerController$Stub.onTransact(IWindowOrganizerController.java:261)
04-03 18:26:43.196   708  1865 W WindowManager: 	at com.android.server.wm.WindowOrganizerController.onTransact(WindowOrganizerController.java:223)
04-03 18:26:43.196   708  1865 W WindowManager: 	at android.os.Binder.execTransactInternal(Binder.java:1426)
04-03 18:26:43.196   708  1865 W WindowManager: 	at android.os.Binder.execTransact(Binder.java:1365)
04-03 18:26:43.216   708  1865 W Process : Unable to open /proc/22678/status
04-03 18:26:43.221  1138  1150 W System  : A resource failed to call release. 
04-03 18:26:43.221  1138  1150 W System  : A resource failed to call release. 
04-03 18:26:43.221  1138  1150 W System  : A resource failed to call release. 
04-03 18:26:43.221  1138  1150 W System  : A resource failed to call release. 
04-03 18:26:43.224  1138  1150 W System  : A resource failed to call release. 
04-03 18:26:43.224  1138  1150 W System  : A resource failed to call release. 
04-03 18:26:43.233   989  1077 V WindowManagerShell: Track 0 became idle
04-03 18:26:43.234   708   749 I ActivityManager: ProcessObserver broadcast disabled
04-03 18:26:43.234   708   749 W ActivityManager: Slow operation: 257ms so far, now at startProcess: done updating pids map
04-03 18:26:43.257   989  1077 W Looper  : Slow dispatch took 132ms wmshell.main app=com.android.systemui main=false group=TOP_APP h=android.os.Handler c=com.android.wm.shell.transition.RemoteTransitionHandler$1$$ExternalSyntheticLambda0@a65edce m=0
04-03 18:26:43.259   989  1077 W Looper  : Slow delivery took 107ms wmshell.main app=com.android.systemui main=false group=TOP_APP h=android.os.Handler c=com.android.wm.shell.pip.phone.PipController$$ExternalSyntheticLambda3@19aa049 m=0
04-03 18:26:43.259   989  1077 V WindowManagerShell: onTransitionReady (#103) android.os.BinderProxy@9fd8988: {id=103 t=OPEN f=0x0 trk=0 r=[0@Point(0, 0)] c=[
04-03 18:26:43.259   989  1077 V WindowManagerShell:         {m=OPEN f=NONE leash=Surface(name=Task=111)/@0xf8c7df7 sb=Rect(0, 0 - 1080, 2400) eb=Rect(0, 0 - 1080, 2400) epz=Point(1080, 2400) d=0 taskParent=-1},
04-03 18:26:43.259   989  1077 V WindowManagerShell:         {m=TO_BACK f=SHOW_WALLPAPER leash=Surface(name=Task=1)/@0x13d1464 sb=Rect(0, 0 - 1080, 2400) eb=Rect(0, 0 - 1080, 2400) epz=Point(1080, 2400) d=0 taskParent=-1},
04-03 18:26:43.259   989  1077 V WindowManagerShell:         {m=TO_BACK f=IS_WALLPAPER leash=Surface(name=WallpaperWindowToken{73064a2 showWhenLocked=false})/@0xc9056cd sb=Rect(0, 0 - 1080, 2400) eb=Rect(0, 0 - 1080, 2400) epz=Point(1080, 2400) d=0}
04-03 18:26:43.259   989  1077 V WindowManagerShell:     ]}
04-03 18:26:43.260   989  1077 V WindowManagerShell: Playing animation for (#103) android.os.BinderProxy@9fd8988@0
04-03 18:26:43.261   989  1077 V ShellRecents: RecentsTransitionHandler.startAnimation: no controller found
04-03 18:26:43.261   989  1077 V WindowManagerShell: Transition doesn't have explicit remote, search filters for match for {id=103 t=OPEN f=0x0 trk=0 r=[0@Point(0, 0)] c=[{m=OPEN f=NONE leash=Surface(name=Task=111)/@0xf8c7df7 sb=Rect(0, 0 - 1080, 2400) eb=Rect(0, 0 - 1080, 2400) epz=Point(1080, 2400) d=0 taskParent=-1},{m=TO_BACK f=SHOW_WALLPAPER leash=Surface(name=Task=1)/@0x13d1464 sb=Rect(0, 0 - 1080, 2400) eb=Rect(0, 0 - 1080, 2400) epz=Point(1080, 2400) d=0 taskParent=-1},{m=TO_BACK f=IS_WALLPAPER leash=Surface(name=WallpaperWindowToken{73064a2 showWhenLocked=false})/@0xc9056cd sb=Rect(0, 0 - 1080, 2400) eb=Rect(0, 0 - 1080, 2400) epz=Point(1080, 2400) d=0}]}
04-03 18:26:43.267 22795 22795 I hKhanhGuide.App: Late-enabling -Xcheck:jni
04-03 18:26:43.282   530   530 E BpTransactionCompletedListener: Failed to transact (-32)
04-03 18:26:43.261   989  1077 V WindowManagerShell:  Checking filter Pair{{types=[] flags=0x0] notFlags=0x0 checks=[{atype=undefined independent=true modes=[CLOSE,TO_BACK] flags=IN_TASK_WITH_EMBEDDED_ACTIVITY mustBeTask=false order=ANY topActivity=null launchCookie=null taskFragmentToken=android.os.BinderProxy@9c6896f windowingMode=undefined}]} RemoteTransition { remoteTransition = android.window.IRemoteTransition$Stub$Proxy@242867c, appThread = android.app.IApplicationThread$Stub$Proxy@b353b05, debugName = overlayBackTransition }}
04-03 18:26:43.341   989  1077 V WindowManagerShell:  Checking filter Pair{{types=[] flags=0x0] notFlags=0x0 checks=[{atype=dream independent=true modes=[OPEN,TO_FRONT] flags=NONE mustBeTask=false order=ANY topActivity=null launchCookie=null windowingMode=undefined},{atype=home independent=true modes=[CLOSE,TO_BACK] flags=NONE mustBeTask=false order=ANY topActivity=null launchCookie=null windowingMode=undefined}]} RemoteTransition { remoteTransition = android.window.IRemoteTransition$Stub$Proxy@883d75a, appThread = android.app.IApplicationThread$Stub$Proxy@55c4d8b, debugName = LauncherToDream }}
