04-03 18:26:43.341   989  1077 V WindowManagerShell:  Checking filter Pair{{types=[] flags=0x0] notFlags=0x100 checks=[{atype=home independent=true modes=[OPEN,TO_FRONT] flags=NONE mustBeTask=false order=TOP topActivity=ComponentInfo{com.google.android.apps.nexuslauncher/com.google.android.apps.nexuslauncher.NexusLauncherActivity} launchCookie=null windowingMode=undefined},{atype=standard independent=true modes=[CLOSE,TO_BACK] flags=NONE mustBeTask=false order=ANY topActivity=null launchCookie=null windowingMode=undefined},{NOT atype=undefined independent=true modes=[] flags=NONE mustBeTask=true order=ANY topActivity=null launchCookie=null customAnim=true windowingMode=undefined}]} RemoteTransition { remoteTransition = android.window.IRemoteTransition$Stub$Proxy@c6f8e68, appThread = android.app.IApplicationThread$Stub$Proxy@5538281, debugName = QuickstepLaunchHome }}
04-03 18:26:43.341   989  1077 V WindowManagerShell:  Delegate animation for (#103) to null
04-03 18:26:43.342   989  1077 V WindowManagerShell: start default transition animation, info = {id=103 t=OPEN f=0x0 trk=0 r=[0@Point(0, 0)] c=[{m=OPEN f=NONE leash=Surface(name=Task=111)/@0xf8c7df7 sb=Rect(0, 0 - 1080, 2400) eb=Rect(0, 0 - 1080, 2400) epz=Point(1080, 2400) d=0 taskParent=-1},{m=TO_BACK f=SHOW_WALLPAPER leash=Surface(name=Task=1)/@0x13d1464 sb=Rect(0, 0 - 1080, 2400) eb=Rect(0, 0 - 1080, 2400) epz=Point(1080, 2400) d=0 taskParent=-1},{m=TO_BACK f=IS_WALLPAPER leash=Surface(name=WallpaperWindowToken{73064a2 showWhenLocked=false})/@0xc9056cd sb=Rect(0, 0 - 1080, 2400) eb=Rect(0, 0 - 1080, 2400) epz=Point(1080, 2400) d=0}]}
04-03 18:26:43.356  1138  1138 W FrameTracker: Missed SF frame:JANK_COMPOSER, 158634, 27586993, CUJ=J<LAUNCHER_APP_CLOSE_TO_HOME_FALLBACK>
04-03 18:26:43.357  1138  1138 W FrameTracker: Missed SF frame:JANK_COMPOSER, 158642, 42659118, CUJ=J<LAUNCHER_APP_CLOSE_TO_HOME_FALLBACK>
04-03 18:26:43.357  1138  1138 W FrameTracker: Missed App frame:UNKNOWN: 3, 158657, 78206202, CUJ=J<LAUNCHER_APP_CLOSE_TO_HOME_FALLBACK>
04-03 18:26:43.357  1138  1138 W FrameTracker: Missed SF frame:UNKNOWN: 3, 158657, 78206202, CUJ=J<LAUNCHER_APP_CLOSE_TO_HOME_FALLBACK>
04-03 18:26:43.357  1138  1138 W FrameTracker: Missed App frame:UNKNOWN: 3, 158672, 74753787, CUJ=J<LAUNCHER_APP_CLOSE_TO_HOME_FALLBACK>
04-03 18:26:43.357  1138  1138 W FrameTracker: Missed SF frame:UNKNOWN: 3, 158672, 74753787, CUJ=J<LAUNCHER_APP_CLOSE_TO_HOME_FALLBACK>
04-03 18:26:43.357  1138  1138 W FrameTracker: Missed App frame:JANK_APPLICATION, 158681, 71310664, CUJ=J<LAUNCHER_APP_CLOSE_TO_HOME_FALLBACK>
04-03 18:26:43.357  1138  1138 W FrameTracker: Missed App frame:UNKNOWN: 3, 158690, 71420873, CUJ=J<LAUNCHER_APP_CLOSE_TO_HOME_FALLBACK>
04-03 18:26:43.357  1138  1138 W FrameTracker: Missed SF frame:UNKNOWN: 3, 158690, 71420873, CUJ=J<LAUNCHER_APP_CLOSE_TO_HOME_FALLBACK>
04-03 18:26:43.357  1138  1138 W FrameTracker: Missed App frame:JANK_APPLICATION, 158697, 85797249, CUJ=J<LAUNCHER_APP_CLOSE_TO_HOME_FALLBACK>
04-03 18:26:43.357  1138  1138 W FrameTracker: Missed App frame:UNKNOWN: 3, 158737, 37514877, CUJ=J<LAUNCHER_APP_CLOSE_TO_HOME_FALLBACK>
04-03 18:26:43.357  1138  1138 W FrameTracker: Missed SF frame:UNKNOWN: 3, 158737, 37514877, CUJ=J<LAUNCHER_APP_CLOSE_TO_HOME_FALLBACK>
04-03 18:26:43.357  1138  1138 W FrameTracker: Missed App frame:UNKNOWN: 3, 158745, 63874711, CUJ=J<LAUNCHER_APP_CLOSE_TO_HOME_FALLBACK>
04-03 18:26:43.357  1138  1138 W FrameTracker: Missed SF frame:UNKNOWN: 3, 158745, 63874711, CUJ=J<LAUNCHER_APP_CLOSE_TO_HOME_FALLBACK>
04-03 18:26:43.357  1138  1138 W FrameTracker: Missed App frame:JANK_APPLICATION, 158753, 85982587, CUJ=J<LAUNCHER_APP_CLOSE_TO_HOME_FALLBACK>
04-03 18:26:43.357  1138  1138 W FrameTracker: Missed App frame:JANK_APPLICATION, 158776, 119571506, CUJ=J<LAUNCHER_APP_CLOSE_TO_HOME_FALLBACK>
04-03 18:26:43.422   989  1077 V WindowManagerShell: loadAnimation: anim=android.view.animation.AnimationSet@72f34ef animAttr=0x13 type=OPEN isEntrance=false
04-03 18:26:43.424   989  1077 V WindowManagerShell: loadAnimation: anim=android.view.animation.AnimationSet@1148bfc animAttr=0x12 type=OPEN isEntrance=true
04-03 18:26:43.429   454   508 I netd    : tetherGetStats() -> {[]} <17.36ms>
04-03 18:26:43.432  1138  1138 D RecentsView: onTaskRemoved: 110, not handling task stack changes
04-03 18:26:43.432  1138  1138 D RecentsView: onTaskRemoved: 110, not handling task stack changes
04-03 18:26:43.442   989  1077 V WindowManagerShell:  animated by com.android.wm.shell.transition.DefaultTransitionHandler@5f3ef33
04-03 18:26:43.443   989  1077 W Looper  : Slow dispatch took 183ms wmshell.main app=com.android.systemui main=false group=TOP_APP h=android.os.Handler c=com.android.wm.shell.transition.Transitions$TransitionPlayerImpl$$ExternalSyntheticLambda0@94e9285 m=0
04-03 18:26:43.590 22795 22795 I hKhanhGuide.App: Using CollectorTypeCMC GC.
04-03 18:26:43.676 22396 22403 I adbd    : jdwp connection from 22795
04-03 18:26:43.754   989  1077 W Looper  : Drained
04-03 18:26:43.757   989  1077 V WindowManagerShell: Transition animation finished (aborted=false), notifying core (#103) android.os.BinderProxy@9fd8988@0
04-03 18:26:43.760   708   739 V WindowManager: Finish Transition (#103): created at 04-03 18:26:42.773 collect-started=0.036ms request-sent=110.541ms started=167.141ms ready=333.734ms sent=374.57ms commit=290.695ms finished=985.771ms
04-03 18:26:43.764  1138  1138 D VRI[NexusLauncherActivity]: visibilityChanged oldVisibility=true newVisibility=false
04-03 18:26:43.772   989  1077 V WindowManagerShell: Track 0 became idle
04-03 18:26:43.772   989  1077 V WindowManagerShell: All active transition animations finished
04-03 18:26:43.794  1138  1138 D NexusLauncherModelDelegate: notifySmartspaceEvent: SmartspaceTargetEvent{mSmartspaceTarget=null, mSmartspaceActionId='null', mEventType=7}
04-03 18:26:43.874 22795 22795 D nativeloader: Load libframework-connectivity-tiramisu-jni.so using APEX ns com_android_tethering for caller /apex/com.android.tethering/javalib/framework-connectivity-t.jar: ok
04-03 18:26:43.896   708  9819 I EGL_emulation: Opening libGLESv1_CM_emulation.so
04-03 18:26:43.913   708  9819 I EGL_emulation: Opening libGLESv2_emulation.so
04-03 18:26:44.001   708  9819 W HWUI    : Failed to choose config with EGL_SWAP_BEHAVIOR_PRESERVED, retrying without...
04-03 18:26:44.003   708  9819 W HWUI    : Failed to initialize 101010-2 format, error = EGL_SUCCESS
04-03 18:26:44.193   708   936 D BackgroundInstallControlService: Package event received: 0
04-03 18:26:44.217 22795 22795 D CompatChangeReporter: Compat change id reported: 242716250; UID 10221; state: ENABLED
04-03 18:26:44.295 22795 22795 D ApplicationLoaders: Returning zygote-cached class loader: /system_ext/framework/androidx.window.extensions.jar
04-03 18:26:44.296 22795 22795 D ApplicationLoaders: Returning zygote-cached class loader: /system_ext/framework/androidx.window.sidecar.jar
04-03 18:26:44.993 22795 22795 D nativeloader: Configuring clns-9 for other apk /data/app/~~0BuwqzuIP-dksbLtdHWqiQ==/VinhKhanhGuide.App-ZAl6PRAmfABbFYz3blFEZw==/base.apk. target_sdk_version=34, uses_libraries=, library_path=/data/app/~~0BuwqzuIP-dksbLtdHWqiQ==/VinhKhanhGuide.App-ZAl6PRAmfABbFYz3blFEZw==/lib/arm64:/data/app/~~0BuwqzuIP-dksbLtdHWqiQ==/VinhKhanhGuide.App-ZAl6PRAmfABbFYz3blFEZw==/base.apk!/lib/arm64-v8a, permitted_path=/data:/mnt/expand:/data/user/0/VinhKhanhGuide.App
04-03 18:26:45.011 22795 22795 I hKhanhGuide.App: AssetManager2(0xb400007c3c04b498) locale list changing from [] to [en-US]
04-03 18:26:45.042 22795 22795 V GraphicsEnvironment: Currently set values for:
04-03 18:26:45.042 22795 22795 V GraphicsEnvironment:   angle_gl_driver_selection_pkgs=[]
04-03 18:26:45.043 22795 22795 V GraphicsEnvironment:   angle_gl_driver_selection_values=[]
04-03 18:26:45.043 22795 22795 V GraphicsEnvironment: VinhKhanhGuide.App is not listed in per-application setting
04-03 18:26:45.043 22795 22795 V GraphicsEnvironment: ANGLE allowlist from config: com.dreamgames.royalmatch com.dts.freefiremax com.dxx.firenow com.gramgames.mergedragons com.ludo.king com.mojang.minecraftpe com.my.defense com.nintendo.zaka com.os.airforce com.playrix.fishdomdd.gplay io.teslatech.callbreak jp.konami.prospia net.peakgames.toonblast
04-03 18:26:45.043 22795 22795 V GraphicsEnvironment: VinhKhanhGuide.App is not listed in ANGLE allowlist or settings, returning default
04-03 18:26:45.043 22795 22795 V GraphicsEnvironment: Neither updatable production driver nor prerelease driver is supported.
04-03 18:26:45.071   708  1860 D CompatChangeReporter: Compat change id reported: 161145287; UID 10221; state: ENABLED
04-03 18:26:45.097 22795 22795 D nativeloader: Load /data/app/~~0BuwqzuIP-dksbLtdHWqiQ==/VinhKhanhGuide.App-ZAl6PRAmfABbFYz3blFEZw==/lib/arm64/libxamarin-debug-app-helper.so using class loader ns clns-9 (caller=/data/app/~~0BuwqzuIP-dksbLtdHWqiQ==/VinhKhanhGuide.App-ZAl6PRAmfABbFYz3blFEZw==/base.apk!classes2.dex): ok
04-03 18:26:45.097 22795 22795 D debug-app-helper: Checking if libmonodroid was unpacked to /data/app/~~0BuwqzuIP-dksbLtdHWqiQ==/VinhKhanhGuide.App-ZAl6PRAmfABbFYz3blFEZw==/lib/arm64/libmonodroid.so
04-03 18:26:45.098 22795 22795 D debug-app-helper: Native libs extracted to /data/app/~~0BuwqzuIP-dksbLtdHWqiQ==/VinhKhanhGuide.App-ZAl6PRAmfABbFYz3blFEZw==/lib/arm64, assuming application/android:extractNativeLibs == true
04-03 18:26:45.098 22795 22795 I debug-app-helper: Setting up for DSO lookup in app data directories
04-03 18:26:45.098 22795 22795 D debug-app-helper: Added filesystem DSO lookup location: /data/app/~~0BuwqzuIP-dksbLtdHWqiQ==/VinhKhanhGuide.App-ZAl6PRAmfABbFYz3blFEZw==/lib/arm64
04-03 18:26:45.098 22795 22795 W debug-app-helper: Using runtime path: /data/app/~~0BuwqzuIP-dksbLtdHWqiQ==/VinhKhanhGuide.App-ZAl6PRAmfABbFYz3blFEZw==/lib/arm64
04-03 18:26:45.098 22795 22795 W debug-app-helper: checking directory: `/data/user/0/VinhKhanhGuide.App/files/.__override__/lib`
04-03 18:26:45.098 22795 22795 W debug-app-helper: directory does not exist: `/data/user/0/VinhKhanhGuide.App/files/.__override__/lib`
04-03 18:26:45.098 22795 22795 W debug-app-helper: Checking whether Mono runtime exists at: /data/user/0/VinhKhanhGuide.App/files/.__override__/libmonosgen-2.0.so
04-03 18:26:45.098 22795 22795 W debug-app-helper: Checking whether Mono runtime exists at: /data/app/~~0BuwqzuIP-dksbLtdHWqiQ==/VinhKhanhGuide.App-ZAl6PRAmfABbFYz3blFEZw==/lib/arm64/libmonosgen-2.0.so
04-03 18:26:45.098 22795 22795 I debug-app-helper: Mono runtime found at: /data/app/~~0BuwqzuIP-dksbLtdHWqiQ==/VinhKhanhGuide.App-ZAl6PRAmfABbFYz3blFEZw==/lib/arm64/libmonosgen-2.0.so
04-03 18:26:45.104 22795 22795 W hKhanhGuide.App: Attempt to remove non-JNI local reference
04-03 18:26:45.124 22795 22795 D nativeloader: Load /data/app/~~0BuwqzuIP-dksbLtdHWqiQ==/VinhKhanhGuide.App-ZAl6PRAmfABbFYz3blFEZw==/lib/arm64/libxamarin-app.so using class loader ns clns-9 (caller=/data/app/~~0BuwqzuIP-dksbLtdHWqiQ==/VinhKhanhGuide.App-ZAl6PRAmfABbFYz3blFEZw==/base.apk!classes2.dex): ok
04-03 18:26:45.128 22795 22795 D nativeloader: Load /data/app/~~0BuwqzuIP-dksbLtdHWqiQ==/VinhKhanhGuide.App-ZAl6PRAmfABbFYz3blFEZw==/lib/arm64/libSystem.Security.Cryptography.Native.Android.so using class loader ns clns-9 (caller=/data/app/~~0BuwqzuIP-dksbLtdHWqiQ==/VinhKhanhGuide.App-ZAl6PRAmfABbFYz3blFEZw==/base.apk!classes2.dex): ok
04-03 18:26:45.128 22795 22795 I DOTNET  : JNI_OnLoad: JNI_OnLoad in pal_jni.c
04-03 18:26:45.131 22795 22795 D DOTNET  : GetOptionalClassGRef: optional class com/android/org/conscrypt/OpenSSLEngineImpl was not found
04-03 18:26:45.141 22795 22795 D nativeloader: Load /data/app/~~0BuwqzuIP-dksbLtdHWqiQ==/VinhKhanhGuide.App-ZAl6PRAmfABbFYz3blFEZw==/lib/arm64/libmonodroid.so using class loader ns clns-9 (caller=/data/app/~~0BuwqzuIP-dksbLtdHWqiQ==/VinhKhanhGuide.App-ZAl6PRAmfABbFYz3blFEZw==/base.apk!classes2.dex): ok
04-03 18:26:45.144 22795 22795 I monodroid-timing: [0/4] XATiming: init time; elapsed: 0:0::99958
04-03 18:26:45.145 22795 22795 D monodroid-assembly: Checking if libmonodroid was unpacked to /data/app/~~0BuwqzuIP-dksbLtdHWqiQ==/VinhKhanhGuide.App-ZAl6PRAmfABbFYz3blFEZw==/lib/arm64/libmonodroid.so
04-03 18:26:45.145 22795 22795 D monodroid-assembly: Native libs extracted to /data/app/~~0BuwqzuIP-dksbLtdHWqiQ==/VinhKhanhGuide.App-ZAl6PRAmfABbFYz3blFEZw==/lib/arm64, assuming application/android:extractNativeLibs == true
04-03 18:26:45.145 22795 22795 I monodroid: Generated hash 0x4445f082 for package name VinhKhanhGuide.App
04-03 18:26:45.145 22795 22795 I monodroid: Mono AOT mode: interp
04-03 18:26:45.145 22795 22795 I monodroid: Setting environment variable 'DOTNET_MODIFIABLE_ASSEMBLIES' to 'Debug'
04-03 18:26:45.145 22795 22795 I monodroid: Setting environment variable 'MONO_GC_PARAMS' to 'major=marksweep-conc'
04-03 18:26:45.145 22795 22795 I monodroid: Setting environment variable 'MONO_LOG_LEVEL' to 'info'
04-03 18:26:45.145 22795 22795 I monodroid: Setting environment variable 'XAMARIN_BUILD_ID' to '1903e9ec-5178-4571-b415-c243c7fd5c6c'
04-03 18:26:45.145 22795 22795 I monodroid: Setting environment variable 'XA_HTTP_CLIENT_HANDLER_TYPE' to 'Xamarin.Android.Net.AndroidMessageHandler'
04-03 18:26:45.145 22795 22795 I monodroid: Setting environment variable '__XA_PACKAGE_NAMING_POLICY__' to 'LowercaseCrc64'
04-03 18:26:45.145 22795 22795 I monodroid: Creating XDG directory: /data/user/0/VinhKhanhGuide.App/files/.local/share
04-03 18:26:45.145 22795 22795 I monodroid: Creating XDG directory: /data/user/0/VinhKhanhGuide.App/files/.config
04-03 18:26:45.145 22795 22795 I monodroid: Setting up for DSO lookup in app data directories
04-03 18:26:45.145 22795 22795 D monodroid-assembly: Added filesystem DSO lookup location: /data/app/~~0BuwqzuIP-dksbLtdHWqiQ==/VinhKhanhGuide.App-ZAl6PRAmfABbFYz3blFEZw==/lib/arm64
04-03 18:26:45.145 22795 22795 W monodroid: Creating public update directory: `/data/user/0/VinhKhanhGuide.App/files/.__override__`
04-03 18:26:45.146 22795 22795 W hKhanhGuide.App: Attempt to remove non-JNI local reference
04-03 18:26:45.146 22795 22795 I monodroid: Using runtime path: /data/app/~~0BuwqzuIP-dksbLtdHWqiQ==/VinhKhanhGuide.App-ZAl6PRAmfABbFYz3blFEZw==/lib/arm64
04-03 18:26:45.147 22795 22795 I monodroid-timing: [0/3] Debug::start_debugging_and_profiling: end; elapsed: 0:0::1958
04-03 18:26:45.147 22795 22795 I monodroid: Probing for Mono AOT mode
04-03 18:26:45.147 22795 22795 I monodroid: Enabling Mono Interpreter
04-03 18:26:45.147 22795 22795 I monodroid: Probing if we should use LLVM
04-03 18:26:45.147 22795 22795 W monodroid: runtime args empty
04-03 18:26:45.148 22795 22795 I monodroid-timing: [0/7] Runtime.init: Mono runtime init; elapsed: 0:1::851791
04-03 18:26:45.149 22795 22795 I monodroid-assembly: APK /data/app/~~0BuwqzuIP-dksbLtdHWqiQ==/VinhKhanhGuide.App-ZAl6PRAmfABbFYz3blFEZw==/base.apk FD: 84
04-03 18:26:45.149 22795 22795 I monodroid-assembly: Central directory offset: 26718208
04-03 18:26:45.151 22795 22795 I monodroid-assembly: Central directory size: 92125
04-03 18:26:45.152 22795 22795 I monodroid-assembly: Central directory entries: 991
04-03 18:26:45.154 22795 22795 I monodroid-assembly: /data/app/~~0BuwqzuIP-dksbLtdHWqiQ==/VinhKhanhGuide.App-ZAl6PRAmfABbFYz3blFEZw==/base.apk entry: AndroidManifest.xml
04-03 18:26:45.154 22795 22795 I monodroid-assembly:     ZIP: local header offset: 0; data offset: 49; file size: 9312
04-03 18:26:45.154 22795 22795 I monodroid-assembly: /data/app/~~0BuwqzuIP-dksbLtdHWqiQ==/VinhKhanhGuide.App-ZAl6PRAmfABbFYz3blFEZw==/base.apk entry: res/anim/abc_fade_in.xml
04-03 18:26:45.154 22795 22795 I monodroid-assembly:     ZIP: local header offset: 2559; data offset: 2613; file size: 388
04-03 18:26:45.154 22795 22795 I monodroid-assembly: /data/app/~~0BuwqzuIP-dksbLtdHWqiQ==/VinhKhanhGuide.App-ZAl6PRAmfABbFYz3blFEZw==/base.apk entry: res/anim/abc_fade_out.xml
04-03 18:26:45.154 22795 22795 I monodroid-assembly:     ZIP: local header offset: 2830; data offset: 2885; file size: 388
04-03 18:26:45.154 22795 22795 I monodroid-assembly: /data/app/~~0BuwqzuIP-dksbLtdHWqiQ==/VinhKhanhGuide.App-ZAl6PRAmfABbFYz3blFEZw==/base.apk entry: res/anim/abc_grow_fade_in_from_bottom.xml
04-03 18:26:45.154 22795 22795 I monodroid-assembly:     ZIP: local header offset: 3103; data offset: 3174; file size: 852
04-03 18:26:45.154 22795 22795 I monodroid-assembly: /data/app/~~0BuwqzuIP-dksbLtdHWqiQ==/VinhKhanhGuide.App-ZAl6PRAmfABbFYz3blFEZw==/base.apk entry: res/anim/abc_popup_enter.xml
04-03 18:26:45.154 22795 22795 I monodroid-assembly:     ZIP: local header offset: 3550; data offset: 3608; file size: 508
04-03 18:26:45.154 22795 22795 I monodroid-assembly: /data/app/~~0BuwqzuIP-dksbLtdHWqiQ==/VinhKhanhGuide.App-ZAl6PRAmfABbFYz3blFEZw==/base.apk entry: res/anim/abc_popup_exit.xml
04-03 18:26:45.154 22795 22795 I monodroid-assembly:     ZIP: local header offset: 3866; data offset: 3923; file size: 508
04-03 18:26:45.154 22795 22795 I monodroid-assembly: /data/app/~~0BuwqzuIP-dksbLtdHWqiQ==/VinhKhanhGuide.App-ZAl6PRAmfABbFYz3blFEZw==/base.apk entry: res/anim/abc_shrink_fade_out_from_bottom.xml
04-03 18:26:45.154 22795 22795 I monodroid-assembly:     ZIP: local header offset: 4183; data offset: 4257; file size: 852
04-03 18:26:45.154 22795 22795 I monodroid-assembly: /data/app/~~0BuwqzuIP-dksbLtdHWqiQ==/VinhKhanhGuide.App-ZAl6PRAmfABbFYz3blFEZw==/base.apk entry: res/anim/abc_slide_in_bottom.xml
04-03 18:26:45.154 22795 22795 I monodroid-assembly:     ZIP: local header offset: 4634; data offset: 4696; file size: 396
04-03 18:26:45.154 22795 22795 I monodroid-assembly: /data/app/~~0BuwqzuIP-dksbLtdHWqiQ==/VinhKhanhGuide.App-ZAl6PRAmfABbFYz3blFEZw==/base.apk entry: res/anim/abc_slide_in_top.xml
04-03 18:26:45.154 22795 22795 I monodroid-assembly:     ZIP: local header offset: 4924; data offset: 4983; file size: 396
04-03 18:26:45.154 22795 22795 I monodroid-assembly: /data/app/~~0BuwqzuIP-dksbLtdHWqiQ==/VinhKhanhGuide.App-ZAl6PRAmfABbFYz3blFEZw==/base.apk entry: res/anim/abc_slide_out_bottom.xml
04-03 18:26:45.154 22795 22795 I monodroid-assembly:     ZIP: local header offset: 5212; data offset: 5275; file size: 396
04-03 18:26:45.154 22795 22795 I monodroid-assembly: /data/app/~~0BuwqzuIP-dksbLtdHWqiQ==/VinhKhanhGuide.App-ZAl6PRAmfABbFYz3blFEZw==/base.apk entry: res/anim/abc_slide_out_top.xml
04-03 18:26:45.154 22795 22795 I monodroid-assembly:     ZIP: local header offset: 5502; data offset: 5562; file size: 396
04-03 18:26:45.154 22795 22795 I monodroid-assembly: /data/app/~~0BuwqzuIP-dksbLtdHWqiQ==/VinhKhanhGuide.App-ZAl6PRAmfABbFYz3blFEZw==/base.apk entry: res/anim/abc_tooltip_enter.xml
04-03 18:26:45.154 22795 22795 I monodroid-assembly:     ZIP: local header offset: 5790; data offset: 5850; file size: 388
04-03 18:26:45.154 22795 22795 I monodroid-assembly: /data/app/~~0BuwqzuIP-dksbLtdHWqiQ==/VinhKhanhGuide.App-ZAl6PRAmfABbFYz3blFEZw==/base.apk entry: res/anim/abc_tooltip_exit.xml
04-03 18:26:45.154 22795 22795 I monodroid-assembly:     ZIP: local header offset: 6067; data offset: 6126; file size: 388
04-03 18:26:45.154 22795 22795 I monodroid-assembly: /data/app/~~0BuwqzuIP-dksbLtdHWqiQ==/VinhKhanhGuide.App-ZAl6PRAmfABbFYz3blFEZw==/base.apk entry: res/anim/btn_checkbox_to_checked_box_inner_merged_animation.xml
04-03 18:26:45.154 22795 22795 I monodroid-assembly:     ZIP: local header offset: 6343; data offset: 6436; file size: 2124
04-03 18:26:45.154 22795 22795 I monodroid-assembly: /data/app/~~0BuwqzuIP-dksbLtdHWqiQ==/VinhKhanhGuide.App-ZAl6PRAmfABbFYz3blFEZw==/base.apk entry: res/anim/btn_checkbox_to_checked_box_outer_merged_animation.xml
04-03 18:26:45.154 22795 22795 I monodroid-assembly:     ZIP: local header offset: 7078; data offset: 7171; file size: 2780
04-03 18:26:45.154 22795 22795 I monodroid-assembly: /data/app/~~0BuwqzuIP-dksbLtdHWqiQ==/VinhKhanhGuide.App-ZAl6PRAmfABbFYz3blFEZw==/base.apk entry: res/anim/btn_checkbox_to_checked_icon_null_animation.xml
04-03 18:26:45.154 22795 22795 I monodroid-assembly:     ZIP: local header offset: 7912; data offset: 7998; file size: 1196
04-03 18:26:45.154 22795 22795 I monodroid-assembly: /data/app/~~0BuwqzuIP-dksbLtdHWqiQ==/VinhKhanhGuide.App-ZAl6PRAmfABbFYz3blFEZw==/base.apk entry: res/anim/btn_checkbox_to_unchecked_box_inner_merged_animation.xml
04-03 18:26:45.154 22795 22795 I monodroid-assembly:     ZIP: local header offset: 8394; data offset: 8489; file size: 2360
04-03 18:26:45.154 22795 22795 I monodroid-assembly: /data/app/~~0BuwqzuIP-dksbLtdHWqiQ==/VinhKhanhGuide.App-ZAl6PRAmfABbFYz3blFEZw==/base.apk entry: res/anim/btn_checkbox_to_unchecked_check_path_merged_animation.xml
04-03 18:26:45.154 22795 22795 I monodroid-assembly:     ZIP: local header offset: 9147; data offset: 9243; file size: 2520
04-03 18:26:45.154 22795 22795 I monodroid-assembly: /data/app/~~0BuwqzuIP-dksbLtdHWqiQ==/VinhKhanhGuide.App-ZAl6PRAmfABbFYz3blFEZw==/base.apk entry: res/anim/btn_checkbox_to_unchecked_icon_null_animation.xml
04-03 18:26:45.154 22795 22795 I monodroid-assembly:     ZIP: local header offset: 9974; data offset: 10062; file size: 1196
04-03 18:26:45.154 22795 22795 I monodroid-assembly: /data/app/~~0BuwqzuIP-dksbLtdHWqiQ==/VinhKhanhGuide.App-ZAl6PRAmfABbFYz3blFEZw==/base.apk entry: res/anim/btn_radio_to_off_mtrl_dot_group_animation.xml
04-03 18:26:45.154 22795 22795 I monodroid-assembly:     ZIP: local header offset: 10458; data offset: 10542; file size: 1656
04-03 18:26:45.154 22795 22795 I monodroid-assembly: /data/app/~~0BuwqzuIP-dksbLtdHWqiQ==/VinhKhanhGuide.App-ZAl6PRAmfABbFYz3blFEZw==/base.apk entry: res/anim/btn_radio_to_off_mtrl_ring_outer_animation.xml
04-03 18:26:45.154 22795 22795 I monodroid-assembly:     ZIP: local header offset: 10973; data offset: 11058; file size: 1656
04-03 18:26:45.154 22795 22795 I monodroid-assembly: /data/app/~~0BuwqzuIP-dksbLtdHWqiQ==/VinhKhanhGuide.App-ZAl6PRAmfABbFYz3blFEZw==/base.apk entry: res/anim/btn_radio_to_off_mtrl_ring_outer_path_animation.xml
04-03 18:26:45.154 22795 22795 I monodroid-assembly:     ZIP: local header offset: 11491; data offset: 11581; file size: 1028
04-03 18:26:45.154 22795 22795 I monodroid-assembly: /data/app/~~0BuwqzuIP-dksbLtdHWqiQ==/VinhKhanhGuide.App-ZAl6PRAmfABbFYz3blFEZw==/base.apk entry: res/anim/btn_radio_to_on_mtrl_dot_group_animation.xml
04-03 18:26:45.154 22795 22795 I monodroid-assembly:     ZIP: local header offset: 11954; data offset: 12037; file size: 1656
04-03 18:26:45.154 22795 22795 I monodroid-assembly: /data/app/~~0BuwqzuIP-dksbLtdHWqiQ==/VinhKhanhGuide.App-ZAl6PRAmfABbFYz3blFEZw==/base.apk entry: res/anim/btn_radio_to_on_mtrl_ring_outer_animation.xml
04-03 18:26:45.154 22795 22795 I monodroid-assembly:     ZIP: local header offset: 12458; data offset: 12542; file size: 1656
04-03 18:26:45.154 22795 22795 I monodroid-assembly: /data/app/~~0BuwqzuIP-dksbLtdHWqiQ==/VinhKhanhGuide.App-ZAl6PRAmfABbFYz3blFEZw==/base.apk entry: res/anim/btn_radio_to_on_mtrl_ring_outer_path_animation.xml
04-03 18:26:45.155 22795 22795 I monodroid-assembly:     ZIP: local header offset: 12971; data offset: 13060; file size: 1028
04-03 18:26:45.155 22795 22795 I monodroid-assembly: /data/app/~~0BuwqzuIP-dksbLtdHWqiQ==/VinhKhanhGuide.App-ZAl6PRAmfABbFYz3blFEZw==/base.apk entry: res/anim-v21/design_bottom_sheet_slide_in.xml
04-03 18:26:45.155 22795 22795 I monodroid-assembly:     ZIP: local header offset: 13440; data offset: 13515; file size: 616
04-03 18:26:45.155 22795 22795 I monodroid-assembly: /data/app/~~0BuwqzuIP-dksbLtdHWqiQ==/VinhKhanhGuide.App-ZAl6PRAmfABbFYz3blFEZw==/base.apk entry: res/anim-v21/design_bottom_sheet_slide_out.xml
04-03 18:26:45.155 22795 22795 I monodroid-assembly:     ZIP: local header offset: 13814; data offset: 13890; file size: 616
04-03 18:26:45.155 22795 22795 I monodroid-assembly: /data/app/~~0BuwqzuIP-dksbLtdHWqiQ==/VinhKhanhGuide.App-ZAl6PRAmfABbFYz3blFEZw==/base.apk entry: res/anim/design_snackbar_in.xml
04-03 18:26:45.155 22795 22795 I monodroid-assembly:     ZIP: local header offset: 14188; data offset: 14249; file size: 312
04-03 18:26:45.156 22795 22795 I monodroid-assembly: /data/app/~~0BuwqzuIP-dksbLtdHWqiQ==/VinhKhanhGuide.App-ZAl6PRAmfABbFYz3blFEZw==/base.apk entry: res/anim/design_snackbar_out.xml
04-03 18:26:45.156 22795 22795 I monodroid-assembly:     ZIP: local header offset: 14430; data offset: 14492; file size: 312
04-03 18:26:45.156 22795 22795 I monodroid-assembly: /data/app/~~0BuwqzuIP-dksbLtdHWqiQ==/VinhKhanhGuide.App-ZAl6PRAmfABbFYz3blFEZw==/base.apk entry: res/anim/enterfromleft.xml
04-03 18:26:45.156 22795 22795 I monodroid-assembly:     ZIP: local header offset: 14670; data offset: 14726; file size: 640
04-03 18:26:45.156 22795 22795 I monodroid-assembly: /data/app/~~0BuwqzuIP-dksbLtdHWqiQ==/VinhKhanhGuide.App-ZAl6PRAmfABbFYz3blFEZw==/base.apk entry: res/anim/enterfromright.xml
04-03 18:26:45.157 22795 22795 I monodroid-assembly:     ZIP: local header offset: 15028; data offset: 15085; file size: 468
04-03 18:26:45.157 22795 22795 I monodroid-assembly: /data/app/~~0BuwqzuIP-dksbLtdHWqiQ==/VinhKhanhGuide.App-ZAl6PRAmfABbFYz3blFEZw==/base.apk entry: res/anim/exittoleft.xml
04-03 18:26:45.157 22795 22795 I monodroid-assembly:     ZIP: local header offset: 15328; data offset: 15381; file size: 640
04-03 18:26:45.157 22795 22795 I monodroid-assembly: /data/app/~~0BuwqzuIP-dksbLtdHWqiQ==/VinhKhanhGuide.App-ZAl6PRAmfABbFYz3blFEZw==/base.apk entry: res/anim/exittoright.xml
04-03 18:26:45.157 22795 22795 I monodroid-assembly:     ZIP: local header offset: 15682; data offset: 15736; file size: 468
04-03 18:26:45.157 22795 22795 I monodroid-assembly: /data/app/~~0BuwqzuIP-dksbLtdHWqiQ==/VinhKhanhGuide.App-ZAl6PRAmfABbFYz3blFEZw==/base.apk entry: res/anim-v21/fragment_fast_out_extra_slow_in.xml
04-03 18:26:45.157 22795 22795 I monodroid-assembly:     ZIP: local header offset: 15979; data offset: 16057; file size: 364
04-03 18:26:45.157 22795 22795 I monodroid-assembly: /data/app/~~0BuwqzuIP-dksbLtdHWqiQ==/VinhKhanhGuide.App-ZAl6PRAmfABbFYz3blFEZw==/base.apk entry: res/anim/linear_indeterminate_line1_head_interpolator.xml
04-03 18:26:45.157 22795 22795 I monodroid-assembly:     ZIP: local header offset: 16275; data offset: 16362; file size: 400
04-03 18:26:45.157 22795 22795 I monodroid-assembly: /data/app/~~0BuwqzuIP-dksbLtdHWqiQ==/VinhKhanhGuide.App-ZAl6PRAmfABbFYz3blFEZw==/base.apk entry: res/anim/linear_indeterminate_line1_tail_interpolator.xml
04-03 18:26:45.157 22795 22795 I monodroid-assembly:     ZIP: local header offset: 16576; data offset: 16663; file size: 400
04-03 18:26:45.157 22795 22795 I monodroid-assembly: /data/app/~~0BuwqzuIP-dksbLtdHWqiQ==/VinhKhanhGuide.App-ZAl6PRAmfABbFYz3blFEZw==/base.apk entry: res/anim/linear_indeterminate_line2_head_interpolator.xml
04-03 18:26:45.157 22795 22795 I monodroid-assembly:     ZIP: local header offset: 16874; data offset: 16961; file size: 400
04-03 18:26:45.157 22795 22795 I monodroid-assembly: /data/app/~~0BuwqzuIP-dksbLtdHWqiQ==/VinhKhanhGuide.App-ZAl6PRAmfABbFYz3blFEZw==/base.apk entry: res/anim/linear_indeterminate_line2_tail_interpolator.xml
04-03 18:26:45.158 22795 22795 I monodroid-assembly:     ZIP: local header offset: 17168; data offset: 17255; file size: 400
04-03 18:26:45.158 22795 22795 I monodroid-assembly: /data/app/~~0BuwqzuIP-dksbLtdHWqiQ==/VinhKhanhGuide.App-ZAl6PRAmfABbFYz3blFEZw==/base.apk entry: res/anim-v21/m3_bottom_sheet_slide_in.xml
04-03 18:26:45.158 22795 22795 I monodroid-assembly:     ZIP: local header offset: 17471; data offset: 17542; file size: 616
04-03 18:26:45.158 22795 22795 I monodroid-assembly: /data/app/~~0BuwqzuIP-dksbLtdHWqiQ==/VinhKhanhGuide.App-ZAl6PRAmfABbFYz3blFEZw==/base.apk entry: res/anim-v21/m3_bottom_sheet_slide_out.xml
04-03 18:26:45.159 22795 22795 I monodroid-assembly:     ZIP: local header offset: 17841; data offset: 17913; file size: 656
04-03 18:26:45.160 22795 22795 I monodroid-assembly: /data/app/~~0BuwqzuIP-dksbLtdHWqiQ==/VinhKhanhGuide.App-ZAl6PRAmfABbFYz3blFEZw==/base.apk entry: res/anim/m3_motion_fade_enter.xml
04-03 18:26:45.160 22795 22795 I monodroid-assembly:     ZIP: local header offset: 18219; data offset: 18282; file size: 812
04-03 18:26:45.160 22795 22795 I monodroid-assembly: /data/app/~~0BuwqzuIP-dksbLtdHWqiQ==/VinhKhanhGuide.App-ZAl6PRAmfABbFYz3blFEZw==/base.apk entry: res/anim/m3_motion_fade_exit.xml
04-03 18:26:45.160 22795 22795 I monodroid-assembly:     ZIP: local header offset: 18654; data offset: 18716; file size: 508
04-03 18:26:45.160 22795 22795 I monodroid-assembly: /data/app/~~0BuwqzuIP-dksbLtdHWqiQ==/VinhKhanhGuide.App-ZAl6PRAmfABbFYz3blFEZw==/base.apk entry: res/anim-v21/m3_side_sheet_slide_in.xml
04-03 18:26:45.160 22795 22795 I monodroid-assembly:     ZIP: local header offset: 18977; data offset: 19046; file size: 616
04-03 18:26:45.161 22795 22795 I monodroid-assembly: /data/app/~~0BuwqzuIP-dksbLtdHWqiQ==/VinhKhanhGuide.App-ZAl6PRAmfABbFYz3blFEZw==/base.apk entry: res/anim-v21/m3_side_sheet_slide_out.xml
04-03 18:26:45.161 22795 22795 I monodroid-assembly:     ZIP: local header offset: 19346; data offset: 19416; file size: 616
04-03 18:26:45.162 22795 22795 I monodroid-assembly: /data/app/~~0BuwqzuIP-dksbLtdHWqiQ==/VinhKhanhGuide.App-ZAl6PRAmfABbFYz3blFEZw==/base.apk entry: res/anim-v21/mtrl_bottom_sheet_slide_in.xml
04-03 18:26:45.163 22795 22795 I monodroid-assembly:     ZIP: local header offset: 19711; data offset: 19784; file size: 616
04-03 18:26:45.163 22795 22795 I monodroid-assembly: /data/app/~~0BuwqzuIP-dksbLtdHWqiQ==/VinhKhanhGuide.App-ZAl6PRAmfABbFYz3blFEZw==/base.apk entry: res/anim-v21/mtrl_bottom_sheet_slide_out.xml
04-03 18:26:45.163 22795 22795 I monodroid-assembly:     ZIP: local header offset: 20083; data offset: 20157; file size: 616
04-03 18:26:45.163 22795 22795 I monodroid-assembly: /data/app/~~0BuwqzuIP-dksbLtdHWqiQ==/VinhKhanhGuide.App-ZAl6PRAmfABbFYz3blFEZw==/base.apk entry: res/anim/mtrl_card_lowers_interpolator.xml
04-03 18:26:45.163 22795 22795 I monodroid-assembly:     ZIP: local header offset: 20453; data offset: 20525; file size: 400
04-03 18:26:45.163 22795 22795 I monodroid-assembly: /data/app/~~0BuwqzuIP-dksbLtdHWqiQ==/VinhKhanhGuide.App-ZAl6PRAmfABbFYz3blFEZw==/base.apk entry: res/anim/nav_default_enter_anim.xml
04-03 18:26:45.163 22795 22795 I monodroid-assembly:     ZIP: local header offset: 20741; data offset: 20806; file size: 388
04-03 18:26:45.163 22795 22795 I monodroid-assembly: /data/app/~~0BuwqzuIP-dksbLtdHWqiQ==/VinhKhanhGuide.App-ZAl6PRAmfABbFYz3blFEZw==/base.apk entry: res/anim/nav_default_exit_anim.xml
04-03 18:26:45.163 22795 22795 I monodroid-assembly:     ZIP: local header offset: 21024; data offset: 21088; file size: 388
04-03 18:26:45.163 22795 22795 I monodroid-assembly: /data/app/~~0BuwqzuIP-dksbLtdHWqiQ==/VinhKhanhGuide.App-ZAl6PRAmfABbFYz3blFEZw==/base.apk entry: res/anim/nav_default_pop_enter_anim.xml
04-03 18:26:45.163 22795 22795 I monodroid-assembly:     ZIP: local header offset: 21306; data offset: 21375; file size: 388
04-03 18:26:45.163 22795 22795 I monodroid-assembly: /data/app/~~0BuwqzuIP-dksbLtdHWqiQ==/VinhKhanhGuide.App-ZAl6PRAmfABbFYz3blFEZw==/base.apk entry: res/anim/nav_default_pop_exit_anim.xml
04-03 18:26:45.163 22795 22795 I monodroid-assembly:     ZIP: local header offset: 21593; data offset: 21661; file size: 388
04-03 18:26:45.163 22795 22795 I monodroid-assembly: /data/app/~~0BuwqzuIP-dksbLtdHWqiQ==/VinhKhanhGuide.App-ZAl6PRAmfABbFYz3blFEZw==/base.apk entry: res/animator-v21/design_appbar_state_list_animator.xml
04-03 18:26:45.163 22795 22795 I monodroid-assembly:     ZIP: local header offset: 21879; data offset: 21963; file size: 1216
04-03 18:26:45.163 22795 22795 I monodroid-assembly: /data/app/~~0BuwqzuIP-dksbLtdHWqiQ==/VinhKhanhGuide.App-ZAl6PRAmfABbFYz3blFEZw==/base.apk entry: res/animator/design_fab_hide_motion_spec.xml
04-03 18:26:45.163 22795 22795 I monodroid-assembly:     ZIP: local header offset: 22405; data offset: 22479; file size: 796
04-03 18:26:45.163 22795 22795 I monodroid-assembly: /data/app/~~0BuwqzuIP-dksbLtdHWqiQ==/VinhKhanhGuide.App-ZAl6PRAmfABbFYz3blFEZw==/base.apk entry: res/animator/design_fab_show_motion_spec.xml
04-03 18:26:45.163 22795 22795 I monodroid-assembly:     ZIP: local header offset: 22808; data offset: 22882; file size: 796
04-03 18:26:45.163 22795 22795 I monodroid-assembly: /data/app/~~0BuwqzuIP-dksbLtdHWqiQ==/VinhKhanhGuide.App-ZAl6PRAmfABbFYz3blFEZw==/base.apk entry: res/animator/fragment_close_enter.xml
04-03 18:26:45.163 22795 22795 I monodroid-assembly:     ZIP: local header offset: 23209; data offset: 23276; file size: 1128
04-03 18:26:45.163 22795 22795 I monodroid-assembly: /data/app/~~0BuwqzuIP-dksbLtdHWqiQ==/VinhKhanhGuide.App-ZAl6PRAmfABbFYz3blFEZw==/base.apk entry: res/animator/fragment_close_exit.xml
04-03 18:26:45.163 22795 22795 I monodroid-assembly:     ZIP: local header offset: 23671; data offset: 23737; file size: 1128
04-03 18:26:45.163 22795 22795 I monodroid-assembly: /data/app/~~0BuwqzuIP-dksbLtdHWqiQ==/VinhKhanhGuide.App-ZAl6PRAmfABbFYz3blFEZw==/base.apk entry: res/animator/fragment_fade_enter.xml
04-03 18:26:45.163 22795 22795 I monodroid-assembly:     ZIP: local header offset: 24131; data offset: 24197; file size: 452
04-03 18:26:45.163 22795 22795 I monodroid-assembly: /data/app/~~0BuwqzuIP-dksbLtdHWqiQ==/VinhKhanhGuide.App-ZAl6PRAmfABbFYz3blFEZw==/base.apk entry: res/animator/fragment_fade_exit.xml
04-03 18:26:45.163 22795 22795 I monodroid-assembly:     ZIP: local header offset: 24462; data offset: 24527; file size: 452
04-03 18:26:45.163 22795 22795 I monodroid-assembly: /data/app/~~0BuwqzuIP-dksbLtdHWqiQ==/VinhKhanhGuide.App-ZAl6PRAmfABbFYz3blFEZw==/base.apk entry: res/animator/fragment_open_enter.xml
04-03 18:26:45.163 22795 22795 I monodroid-assembly:     ZIP: local header offset: 24792; data offset: 24858; file size: 1128
04-03 18:26:45.163 22795 22795 I monodroid-assembly: /data/app/~~0BuwqzuIP-dksbLtdHWqiQ==/VinhKhanhGuide.App-ZAl6PRAmfABbFYz3blFEZw==/base.apk entry: res/animator/fragment_open_exit.xml
04-03 18:26:45.163 22795 22795 I monodroid-assembly:     ZIP: local header offset: 25247; data offset: 25312; file size: 1128
04-03 18:26:45.163 22795 22795 I monodroid-assembly: /data/app/~~0BuwqzuIP-dksbLtdHWqiQ==/VinhKhanhGuide.App-ZAl6PRAmfABbFYz3blFEZw==/base.apk entry: res/animator-v21/m3_appbar_state_list_animator.xml
04-03 18:26:45.163 22795 22795 I monodroid-assembly:     ZIP: local header offset: 25704; data offset: 25784; file size: 1216
04-03 18:26:45.163 22795 22795 I monodroid-assembly: /data/app/~~0BuwqzuIP-dksbLtdHWqiQ==/VinhKhanhGuide.App-ZAl6PRAmfABbFYz3blFEZw==/base.apk entry: res/animator/m3_btn_elevated_btn_state_list_anim.xml
04-03 18:26:45.163 22795 22795 I monodroid-assembly:     ZIP: local header offset: 26222; data offset: 26304; file size: 1796
04-03 18:26:45.163 22795 22795 I monodroid-assembly: /data/app/~~0BuwqzuIP-dksbLtdHWqiQ==/VinhKhanhGuide.App-ZAl6PRAmfABbFYz3blFEZw==/base.apk entry: res/animator/m3_btn_state_list_anim.xml
04-03 18:26:45.164 22795 22795 I monodroid-assembly:     ZIP: local header offset: 26820; data offset: 26889; file size: 1796
04-03 18:26:45.164 22795 22795 I monodroid-assembly: /data/app/~~0BuwqzuIP-dksbLtdHWqiQ==/VinhKhanhGuide.App-ZAl6PRAmfABbFYz3blFEZw==/base.apk entry: res/animator/m3_card_elevated_state_list_anim.xml
04-03 18:26:45.164 22795 22795 I monodroid-assembly:     ZIP: local header offset: 27406; data offset: 27485; file size: 1632
04-03 18:26:45.164 22795 22795 I monodroid-assembly: /data/app/~~0BuwqzuIP-dksbLtdHWqiQ==/VinhKhanhGuide.App-ZAl6PRAmfABbFYz3blFEZw==/base.apk entry: res/animator/m3_card_state_list_anim.xml
04-03 18:26:45.164 22795 22795 I monodroid-assembly:     ZIP: local header offset: 28018; data offset: 28088; file size: 1584
04-03 18:26:45.164 22795 22795 I monodroid-assembly: /data/app/~~0BuwqzuIP-dksbLtdHWqiQ==/VinhKhanhGuide.App-ZAl6PRAmfABbFYz3blFEZw==/base.apk entry: res/animator/m3_chip_state_list_anim.xml
04-03 18:26:45.164 22795 22795 I monodroid-assembly:     ZIP: local header offset: 28615; data offset: 28685; file size: 1180
04-03 18:26:45.164 22795 22795 I monodroid-assembly: /data/app/~~0BuwqzuIP-dksbLtdHWqiQ==/VinhKhanhGuide.App-ZAl6PRAmfABbFYz3blFEZw==/base.apk entry: res/animator/m3_elevated_chip_state_list_anim.xml
04-03 18:26:45.164 22795 22795 I monodroid-assembly:     ZIP: local header offset: 29102; data offset: 29181; file size: 1072
04-03 18:26:45.164 22795 22795 I monodroid-assembly: /data/app/~~0BuwqzuIP-dksbLtdHWqiQ==/VinhKhanhGuide.App-ZAl6PRAmfABbFYz3blFEZw==/base.apk entry: res/animator/m3_extended_fab_change_size_collapse_motion_spec.xml
04-03 18:26:45.164 22795 22795 I monodroid-assembly:     ZIP: local header offset: 29580; data offset: 29675; file size: 1116
04-03 18:26:45.164 22795 22795 I monodroid-assembly: /data/app/~~0BuwqzuIP-dksbLtdHWqiQ==/VinhKhanhGuide.App-ZAl6PRAmfABbFYz3blFEZw==/base.apk entry: res/animator/m3_extended_fab_change_size_expand_motion_spec.xml
04-03 18:26:45.164 22795 22795 I monodroid-assembly:     ZIP: local header offset: 30056; data offset: 30149; file size: 1116
04-03 18:26:45.164 22795 22795 I monodroid-assembly: /data/app/~~0BuwqzuIP-dksbLtdHWqiQ==/VinhKhanhGuide.App-ZAl6PRAmfABbFYz3blFEZw==/base.apk entry: res/animator/m3_extended_fab_hide_motion_spec.xml
04-03 18:26:45.164 22795 22795 I monodroid-assembly:     ZIP: local header offset: 30531; data offset: 30610; file size: 820
04-03 18:26:45.164 22795 22795 I monodroid-assembly: /data/app/~~0BuwqzuIP-dksbLtdHWqiQ==/VinhKhanhGuide.App-ZAl6PRAmfABbFYz3blFEZw==/base.apk entry: res/animator/m3_extended_fab_show_motion_spec.xml
04-03 18:26:45.164 22795 22795 I monodroid-assembly:     ZIP: local header offset: 30972; data offset: 31051; file size: 820
04-03 18:26:45.164 22795 22795 I monodroid-assembly: /data/app/~~0BuwqzuIP-dksbLtdHWqiQ==/VinhKhanhGuide.App-ZAl6PRAmfABbFYz3blFEZw==/base.apk entry: res/animator/m3_extended_fab_state_list_animator.xml
04-03 18:26:45.164 22795 22795 I monodroid-assembly:     ZIP: local header offset: 31407; data offset: 31489; file size: 2724
04-03 18:26:45.164 22795 22795 I monodroid-assembly: /data/app/~~0BuwqzuIP-dksbLtdHWqiQ==/VinhKhanhGuide.App-ZAl6PRAmfABbFYz3blFEZw==/base.apk entry: res/animator/mtrl_btn_state_list_anim.xml
04-03 18:26:45.164 22795 22795 I monodroid-assembly:     ZIP: local header offset: 32106; data offset: 32177; file size: 2664
04-03 18:26:45.164 22795 22795 I monodroid-assembly: /data/app/~~0BuwqzuIP-dksbLtdHWqiQ==/VinhKhanhGuide.App-ZAl6PRAmfABbFYz3blFEZw==/base.apk entry: res/animator/mtrl_btn_unelevated_state_list_anim.xml
04-03 18:26:45.164 22795 22795 I monodroid-assembly:     ZIP: local header offset: 32784; data offset: 32866; file size: 120
04-03 18:26:45.164 22795 22795 I monodroid-assembly: /data/app/~~0BuwqzuIP-dksbLtdHWqiQ==/VinhKhanhGuide.App-ZAl6PRAmfABbFYz3blFEZw==/base.apk entry: res/animator/mtrl_card_state_list_anim.xml
04-03 18:26:45.164 22795 22795 I monodroid-assembly:     ZIP: local header offset: 32932; data offset: 33004; file size: 1208
04-03 18:26:45.165 22795 22795 I monodroid-assembly: /data/app/~~0BuwqzuIP-dksbLtdHWqiQ==/VinhKhanhGuide.App-ZAl6PRAmfABbFYz3blFEZw==/base.apk entry: res/animator/mtrl_chip_state_list_anim.xml
04-03 18:26:45.165 22795 22795 I monodroid-assembly:     ZIP: local header offset: 33489; data offset: 33561; file size: 1072
04-03 18:26:45.165 22795 22795 I monodroid-assembly: /data/app/~~0BuwqzuIP-dksbLtdHWqiQ==/VinhKhanhGuide.App-ZAl6PRAmfABbFYz3blFEZw==/base.apk entry: res/animator/mtrl_extended_fab_change_size_collapse_motion_spec.xml
04-03 18:26:45.165 22795 22795 I monodroid-assembly:     ZIP: local header offset: 33952; data offset: 34049; file size: 1116
04-03 18:26:45.165 22795 22795 I monodroid-assembly: /data/app/~~0BuwqzuIP-dksbLtdHWqiQ==/VinhKhanhGuide.App-ZAl6PRAmfABbFYz3blFEZw==/base.apk entry: res/animator/mtrl_extended_fab_change_size_expand_motion_spec.xml
04-03 18:26:45.165 22795 22795 I monodroid-assembly:     ZIP: local header offset: 34427; data offset: 34522; file size: 1116
04-03 18:26:45.165 22795 22795 I monodroid-assembly: /data/app/~~0BuwqzuIP-dksbLtdHWqiQ==/VinhKhanhGuide.App-ZAl6PRAmfABbFYz3blFEZw==/base.apk entry: res/animator/mtrl_extended_fab_hide_motion_spec.xml
04-03 18:26:45.165 22795 22795 I monodroid-assembly:     ZIP: local header offset: 34900; data offset: 34981; file size: 608
04-03 18:26:45.165 22795 22795 I monodroid-assembly: /data/app/~~0BuwqzuIP-dksbLtdHWqiQ==/VinhKhanhGuide.App-ZAl6PRAmfABbFYz3blFEZw==/base.apk entry: res/animator/mtrl_extended_fab_show_motion_spec.xml
04-03 18:26:45.165 22795 22795 I monodroid-assembly:     ZIP: local header offset: 35303; data offset: 35384; file size: 820
04-03 18:26:45.165 22795 22795 I monodroid-assembly: /data/app/~~0BuwqzuIP-dksbLtdHWqiQ==/VinhKhanhGuide.App-ZAl6PRAmfABbFYz3blFEZw==/base.apk entry: res/animator/mtrl_extended_fab_state_list_animator.xml
04-03 18:26:45.165 22795 22795 I monodroid-assembly:     ZIP: local header offset: 35745; data offset: 35829; file size: 2724
04-03 18:26:45.165 22795 22795 I monodroid-assembly: /data/app/~~0BuwqzuIP-dksbLtdHWqiQ==/VinhKhanhGuide.App-ZAl6PRAmfABbFYz3blFEZw==/base.apk entry: res/animator/mtrl_fab_hide_motion_spec.xml
04-03 18:26:45.165 22795 22795 I monodroid-assembly:     ZIP: local header offset: 36442; data offset: 36514; file size: 796
04-03 18:26:45.165 22795 22795 I monodroid-assembly: /data/app/~~0BuwqzuIP-dksbLtdHWqiQ==/VinhKhanhGuide.App-ZAl6PRAmfABbFYz3blFEZw==/base.apk entry: res/animator/mtrl_fab_show_motion_spec.xml
04-03 18:26:45.165 22795 22795 I monodroid-assembly:     ZIP: local header offset: 36846; data offset: 36918; file size: 796
04-03 18:26:45.165 22795 22795 I monodroid-assembly: /data/app/~~0BuwqzuIP-dksbLtdHWqiQ==/VinhKhanhGuide.App-ZAl6PRAmfABbFYz3blFEZw==/base.apk entry: res/animator/mtrl_fab_transformation_sheet_collapse_spec.xml
04-03 18:26:45.165 22795 22795 I monodroid-assembly:     ZIP: local header offset: 37255; data offset: 37345; file size: 1888
04-03 18:26:45.165 22795 22795 I monodroid-assembly: /data/app/~~0BuwqzuIP-dksbLtdHWqiQ==/VinhKhanhGuide.App-ZAl6PRAmfABbFYz3blFEZw==/base.apk entry: res/animator/mtrl_fab_transformation_sheet_expand_spec.xml
04-03 18:26:45.165 22795 22795 I monodroid-assembly:     ZIP: local header offset: 37857; data offset: 37945; file size: 1888
04-03 18:26:45.165 22795 22795 I monodroid-assembly: /data/app/~~0BuwqzuIP-dksbLtdHWqiQ==/VinhKhanhGuide.App-ZAl6PRAmfABbFYz3blFEZw==/base.apk entry: res/animator/nav_default_enter_anim.xml
04-03 18:26:45.165 22795 22795 I monodroid-assembly:     ZIP: local header offset: 38455; data offset: 38524; file size: 452
04-03 18:26:45.165 22795 22795 I monodroid-assembly: /data/app/~~0BuwqzuIP-dksbLtdHWqiQ==/VinhKhanhGuide.App-ZAl6PRAmfABbFYz3blFEZw==/base.apk entry: res/animator/nav_default_exit_anim.xml
04-03 18:26:45.165 22795 22795 I monodroid-assembly:     ZIP: local header offset: 38790; data offset: 38858; file size: 452
04-03 18:26:45.165 22795 22795 I monodroid-assembly: /data/app/~~0BuwqzuIP-dksbLtdHWqiQ==/VinhKhanhGuide.App-ZAl6PRAmfABbFYz3blFEZw==/base.apk entry: res/animator/nav_default_pop_enter_anim.xml
04-03 18:26:45.165 22795 22795 I monodroid-assembly:     ZIP: local header offset: 39124; data offset: 39197; file size: 452
04-03 18:26:45.165 22795 22795 I monodroid-assembly: /data/app/~~0BuwqzuIP-dksbLtdHWqiQ==/VinhKhanhGuide.App-ZAl6PRAmfABbFYz3blFEZw==/base.apk entry: res/animator/nav_default_pop_exit_anim.xml
04-03 18:26:45.165 22795 22795 I monodroid-assembly:     ZIP: local header offset: 39463; data offset: 39535; file size: 452
04-03 18:26:45.165 22795 22795 I monodroid-assembly: /data/app/~~0BuwqzuIP-dksbLtdHWqiQ==/VinhKhanhGuide.App-ZAl6PRAmfABbFYz3blFEZw==/base.apk entry: res/color/abc_background_cache_hint_selector_material_dark.xml
04-03 18:26:45.165 22795 22795 I monodroid-assembly:     ZIP: local header offset: 39801; data offset: 39893; file size: 468
04-03 18:26:45.165 22795 22795 I monodroid-assembly: /data/app/~~0BuwqzuIP-dksbLtdHWqiQ==/VinhKhanhGuide.App-ZAl6PRAmfABbFYz3blFEZw==/base.apk entry: res/color/abc_background_cache_hint_selector_material_light.xml
04-03 18:26:45.165 22795 22795 I monodroid-assembly:     ZIP: local header offset: 40124; data offset: 40217; file size: 468
04-03 18:26:45.165 22795 22795 I monodroid-assembly: /data/app/~~0BuwqzuIP-dksbLtdHWqiQ==/VinhKhanhGuide.App-ZAl6PRAmfABbFYz3blFEZw==/base.apk entry: res/color-v21/abc_btn_colored_borderless_text_material.xml
04-03 18:26:45.165 22795 22795 I monodroid-assembly:     ZIP: local header offset: 40448; data offset: 40536; file size: 464
04-03 18:26:45.165 22795 22795 I monodroid-assembly: /data/app/~~0BuwqzuIP-dksbLtdHWqiQ==/VinhKhanhGuide.App-ZAl6PRAmfABbFYz3blFEZw==/base.apk entry: res/color/abc_btn_colored_text_material.xml
04-03 18:26:45.165 22795 22795 I monodroid-assembly:     ZIP: local header offset: 40765; data offset: 40838; file size: 604
04-03 18:26:45.167 22795 22795 I monodroid-assembly: /data/app/~~0BuwqzuIP-dksbLtdHWqiQ==/VinhKhanhGuide.App-ZAl6PRAmfABbFYz3blFEZw==/base.apk entry: res/color/abc_hint_foreground_material_dark.xml
04-03 18:26:45.167 22795 22795 I monodroid-assembly:     ZIP: local header offset: 41110; data offset: 41187; file size: 564
04-03 18:26:45.167 22795 22795 I monodroid-assembly: /data/app/~~0BuwqzuIP-dksbLtdHWqiQ==/VinhKhanhGuide.App-ZAl6PRAmfABbFYz3blFEZw==/base.apk entry: res/color/abc_hint_foreground_material_light.xml
04-03 18:26:45.167 22795 22795 I monodroid-assembly:     ZIP: local header offset: 41447; data offset: 41525; file size: 564
04-03 18:26:45.167 22795 22795 I monodroid-assembly: /data/app/~~0BuwqzuIP-dksbLtdHWqiQ==/VinhKhanhGuide.App-ZAl6PRAmfABbFYz3blFEZw==/base.apk entry: res/color/abc_primary_text_disable_only_material_dark.xml
04-03 18:26:45.167 22795 22795 I monodroid-assembly:     ZIP: local header offset: 41785; data offset: 41872; file size: 464
04-03 18:26:45.167 22795 22795 I monodroid-assembly: /data/app/~~0BuwqzuIP-dksbLtdHWqiQ==/VinhKhanhGuide.App-ZAl6PRAmfABbFYz3blFEZw==/base.apk entry: res/color/abc_primary_text_disable_only_material_light.xml
04-03 18:26:45.167 22795 22795 I monodroid-assembly:     ZIP: local header offset: 42100; data offset: 42188; file size: 464
04-03 18:26:45.167 22795 22795 I monodroid-assembly: /data/app/~~0BuwqzuIP-dksbLtdHWqiQ==/VinhKhanhGuide.App-ZAl6PRAmfABbFYz3blFEZw==/base.apk entry: res/color/abc_primary_text_material_dark.xml
04-03 18:26:45.167 22795 22795 I monodroid-assembly:     ZIP: local header offset: 42416; data offset: 42490; file size: 464
04-03 18:26:45.167 22795 22795 I monodroid-assembly: /data/app/~~0BuwqzuIP-dksbLtdHWqiQ==/VinhKhanhGuide.App-ZAl6PRAmfABbFYz3blFEZw==/base.apk entry: res/color/abc_primary_text_material_light.xml
04-03 18:26:45.167 22795 22795 I monodroid-assembly:     ZIP: local header offset: 42720; data offset: 42795; file size: 464
04-03 18:26:45.167 22795 22795 I monodroid-assembly: /data/app/~~0BuwqzuIP-dksbLtdHWqiQ==/VinhKhanhGuide.App-ZAl6PRAmfABbFYz3blFEZw==/base.apk entry: res/color/abc_search_url_text.xml
04-03 18:26:45.167 22795 22795 I monodroid-assembly:     ZIP: local header offset: 43025; data offset: 43088; file size: 588
04-03 18:26:45.167 22795 22795 I monodroid-assembly: /data/app/~~0BuwqzuIP-dksbLtdHWqiQ==/VinhKhanhGuide.App-ZAl6PRAmfABbFYz3blFEZw==/base.apk entry: res/color/abc_secondary_text_material_dark.xml
04-03 18:26:45.167 22795 22795 I monodroid-assembly:     ZIP: local header offset: 43338; data offset: 43414; file size: 464
04-03 18:26:45.167 22795 22795 I monodroid-assembly: /data/app/~~0BuwqzuIP-dksbLtdHWqiQ==/VinhKhanhGuide.App-ZAl6PRAmfABbFYz3blFEZw==/base.apk entry: res/color/abc_secondary_text_material_light.xml
04-03 18:26:45.167 22795 22795 I monodroid-assembly:     ZIP: local header offset: 43644; data offset: 43721; file size: 464
04-03 18:26:45.167 22795 22795 I monodroid-assembly: /data/app/~~0BuwqzuIP-dksbLtdHWqiQ==/VinhKhanhGuide.App-ZAl6PRAmfABbFYz3blFEZw==/base.apk entry: res/color/abc_tint_btn_checkable.xml
04-03 18:26:45.167 22795 22795 I monodroid-assembly:     ZIP: local header offset: 43951; data offset: 44017; file size: 728
04-03 18:26:45.167 22795 22795 I monodroid-assembly: /data/app/~~0BuwqzuIP-dksbLtdHWqiQ==/VinhKhanhGuide.App-ZAl6PRAmfABbFYz3blFEZw==/base.apk entry: res/color/abc_tint_default.xml
04-03 18:26:45.167 22795 22795 I monodroid-assembly:     ZIP: local header offset: 44323; data offset: 44383; file size: 1224
04-03 18:26:45.167 22795 22795 I monodroid-assembly: /data/app/~~0BuwqzuIP-dksbLtdHWqiQ==/VinhKhanhGuide.App-ZAl6PRAmfABbFYz3blFEZw==/base.apk entry: res/color/abc_tint_edittext.xml
04-03 18:26:45.168 22795 22795 I monodroid-assembly:     ZIP: local header offset: 44788; data offset: 44849; file size: 772
04-03 18:26:45.169 22795 22795 I monodroid-assembly: /data/app/~~0BuwqzuIP-dksbLtdHWqiQ==/VinhKhanhGuide.App-ZAl6PRAmfABbFYz3blFEZw==/base.apk entry: res/color/abc_tint_seek_thumb.xml
04-03 18:26:45.170 22795 22795 I monodroid-assembly:     ZIP: local header offset: 45165; data offset: 45228; file size: 604
04-03 18:26:45.171 22795 22795 I monodroid-assembly: /data/app/~~0BuwqzuIP-dksbLtdHWqiQ==/VinhKhanhGuide.App-ZAl6PRAmfABbFYz3blFEZw==/base.apk entry: res/color/abc_tint_spinner.xml
04-03 18:26:45.171 22795 22795 I monodroid-assembly:     ZIP: local header offset: 45500; data offset: 45560; file size: 772
04-03 18:26:45.171 22795 22795 I monodroid-assembly: /data/app/~~0BuwqzuIP-dksbLtdHWqiQ==/VinhKhanhGuide.App-ZAl6PRAmfABbFYz3blFEZw==/base.apk entry: res/color/abc_tint_switch_track.xml
04-03 18:26:45.171 22795 22795 I monodroid-assembly:     ZIP: local header offset: 45875; data offset: 45940; file size: 768
04-03 18:26:45.171 22795 22795 I monodroid-assembly: /data/app/~~0BuwqzuIP-dksbLtdHWqiQ==/VinhKhanhGuide.App-ZAl6PRAmfABbFYz3blFEZw==/base.apk entry: res/color/design_box_stroke_color.xml
