04-04 18:40:07.342 28676 28676 I monodroid-assembly: open_from_update_dir: trying to open assembly: /data/user/0/VinhKhanhGuide.App/files/.__override__/Mapsui.Rendering.Skia.dll
04-04 18:40:07.342 28676 28676 D monodroid-assembly: monodroid_dlopen: hash for name '/data/data/VinhKhanhGuide.App/files/.__override__/Mapsui.Rendering.Skia.dll.so' is 0x13e5cd3261ccc368
04-04 18:40:07.342 28676 28676 D monodroid-assembly: monodroid_dlopen: hash match not found, DSO name is '<unknown>'
04-04 18:40:07.342 28676 28676 I monodroid-assembly: Trying to load shared library '/data/data/VinhKhanhGuide.App/files/.__override__/Mapsui.Rendering.Skia.dll.so'
04-04 18:40:07.342 28676 28676 I monodroid-assembly: Shared library '/data/data/VinhKhanhGuide.App/files/.__override__/Mapsui.Rendering.Skia.dll.so' not found
04-04 18:40:07.342 28676 28676 I monodroid-assembly: open_from_update_dir: loaded assembly: 0xb400007c4c06b480
04-04 18:40:07.347 28676 28676 D monodroid-assembly: monodroid_dlopen: hash for name 'libSkiaSharp' is 0xe60e8e74b9608d06
04-04 18:40:07.347 28676 28676 D monodroid-assembly: monodroid_dlopen: hash match found, DSO name is 'libSkiaSharp.so'
04-04 18:40:07.347 28676 28676 I monodroid-assembly: Trying to load shared library '/data/user/0/VinhKhanhGuide.App/files/.__override__/libSkiaSharp.so'
04-04 18:40:07.347 28676 28676 I monodroid-assembly: Shared library '/data/user/0/VinhKhanhGuide.App/files/.__override__/libSkiaSharp.so' not found
04-04 18:40:07.347 28676 28676 I monodroid-assembly: Trying to load shared library '/data/app/~~KPeQTt7p3tftd0AmGeEAqQ==/VinhKhanhGuide.App-oVSYtI3YBOeySe55Bagzfg==/lib/arm64/libSkiaSharp.so'
04-04 18:40:07.353 28676 28676 D monodroid-assembly: Caching p/invoke entry libSkiaSharp @ sk_compatpaint_new
04-04 18:40:07.353 28676 28676 D monodroid-assembly: monodroid_dlopen: hash for name 'libSkiaSharp' is 0xe60e8e74b9608d06
04-04 18:40:07.353 28676 28676 D monodroid-assembly: monodroid_dlopen: hash match found, DSO name is 'libSkiaSharp.so'
04-04 18:40:07.353 28676 28676 D monodroid-assembly: Caching p/invoke entry libSkiaSharp @ sk_version_get_milestone
04-04 18:40:07.354 28676 28676 D monodroid-assembly: monodroid_dlopen: hash for name 'libSkiaSharp' is 0xe60e8e74b9608d06
04-04 18:40:07.354 28676 28676 D monodroid-assembly: monodroid_dlopen: hash match found, DSO name is 'libSkiaSharp.so'
04-04 18:40:07.354 28676 28676 D monodroid-assembly: Caching p/invoke entry libSkiaSharp @ sk_version_get_increment
04-04 18:40:07.354 28676 28676 D monodroid-assembly: monodroid_dlopen: hash for name 'libSkiaSharp' is 0xe60e8e74b9608d06
04-04 18:40:07.354 28676 28676 D monodroid-assembly: monodroid_dlopen: hash match found, DSO name is 'libSkiaSharp.so'
04-04 18:40:07.354 28676 28676 D monodroid-assembly: Caching p/invoke entry libSkiaSharp @ sk_colorspace_new_srgb
04-04 18:40:07.354 28676 28676 D monodroid-assembly: monodroid_dlopen: hash for name 'libSkiaSharp' is 0xe60e8e74b9608d06
04-04 18:40:07.354 28676 28676 D monodroid-assembly: monodroid_dlopen: hash match found, DSO name is 'libSkiaSharp.so'
04-04 18:40:07.354 28676 28676 D monodroid-assembly: Caching p/invoke entry libSkiaSharp @ sk_colorspace_new_srgb_linear
04-04 18:40:07.355 28676 28676 D monodroid-assembly: monodroid_dlopen: hash for name 'libSkiaSharp' is 0xe60e8e74b9608d06
04-04 18:40:07.355 28676 28676 D monodroid-assembly: monodroid_dlopen: hash match found, DSO name is 'libSkiaSharp.so'
04-04 18:40:07.355 28676 28676 D monodroid-assembly: Caching p/invoke entry libSkiaSharp @ sk_data_new_empty
04-04 18:40:07.355 28676 28676 D monodroid-assembly: monodroid_dlopen: hash for name 'libSkiaSharp' is 0xe60e8e74b9608d06
04-04 18:40:07.355 28676 28676 D monodroid-assembly: monodroid_dlopen: hash match found, DSO name is 'libSkiaSharp.so'
04-04 18:40:07.355 28676 28676 D monodroid-assembly: Caching p/invoke entry libSkiaSharp @ sk_fontmgr_ref_default
04-04 18:40:07.459 28676 28676 D monodroid-assembly: monodroid_dlopen: hash for name 'libSkiaSharp' is 0xe60e8e74b9608d06
04-04 18:40:07.459 28676 28676 D monodroid-assembly: monodroid_dlopen: hash match found, DSO name is 'libSkiaSharp.so'
04-04 18:40:07.459 28676 28676 D monodroid-assembly: Caching p/invoke entry libSkiaSharp @ sk_typeface_ref_default
04-04 18:40:07.459 28676 28676 D monodroid-assembly: monodroid_dlopen: hash for name 'libSkiaSharp' is 0xe60e8e74b9608d06
04-04 18:40:07.459 28676 28676 D monodroid-assembly: monodroid_dlopen: hash match found, DSO name is 'libSkiaSharp.so'
04-04 18:40:07.459 28676 28676 D monodroid-assembly: Caching p/invoke entry libSkiaSharp @ sk_blender_new_mode
04-04 18:40:07.461 28676 28676 D monodroid-assembly: monodroid_dlopen: hash for name 'libSkiaSharp' is 0xe60e8e74b9608d06
04-04 18:40:07.461 28676 28676 D monodroid-assembly: monodroid_dlopen: hash match found, DSO name is 'libSkiaSharp.so'
04-04 18:40:07.461 28676 28676 D monodroid-assembly: Caching p/invoke entry libSkiaSharp @ sk_colorfilter_new_srgb_to_linear_gamma
04-04 18:40:07.461 28676 28676 D monodroid-assembly: monodroid_dlopen: hash for name 'libSkiaSharp' is 0xe60e8e74b9608d06
04-04 18:40:07.461 28676 28676 D monodroid-assembly: monodroid_dlopen: hash match found, DSO name is 'libSkiaSharp.so'
04-04 18:40:07.461 28676 28676 D monodroid-assembly: Caching p/invoke entry libSkiaSharp @ sk_colorfilter_new_linear_to_srgb_gamma
04-04 18:40:07.461 28676 28676 D monodroid-assembly: monodroid_dlopen: hash for name 'libSkiaSharp' is 0xe60e8e74b9608d06
04-04 18:40:07.461 28676 28676 D monodroid-assembly: monodroid_dlopen: hash match found, DSO name is 'libSkiaSharp.so'
04-04 18:40:07.461 28676 28676 D monodroid-assembly: Caching p/invoke entry libSkiaSharp @ sk_paint_set_style
04-04 18:40:07.461 28676 28676 D monodroid-assembly: monodroid_dlopen: hash for name 'libSkiaSharp' is 0xe60e8e74b9608d06
04-04 18:40:07.461 28676 28676 D monodroid-assembly: monodroid_dlopen: hash match found, DSO name is 'libSkiaSharp.so'
04-04 18:40:07.461 28676 28676 D monodroid-assembly: Caching p/invoke entry libSkiaSharp @ sk_paint_set_stroke_cap
04-04 18:40:07.461 28676 28676 D monodroid-assembly: monodroid_dlopen: hash for name 'libSkiaSharp' is 0xe60e8e74b9608d06
04-04 18:40:07.461 28676 28676 D monodroid-assembly: monodroid_dlopen: hash match found, DSO name is 'libSkiaSharp.so'
04-04 18:40:07.461 28676 28676 D monodroid-assembly: Caching p/invoke entry libSkiaSharp @ sk_compatpaint_set_is_antialias
04-04 18:40:07.462 28676 28676 D monodroid-assembly: monodroid_dlopen: hash for name 'libSkiaSharp' is 0xe60e8e74b9608d06
04-04 18:40:07.462 28676 28676 D monodroid-assembly: monodroid_dlopen: hash match found, DSO name is 'libSkiaSharp.so'
04-04 18:40:07.462 28676 28676 D monodroid-assembly: Caching p/invoke entry libSkiaSharp @ sk_font_new
04-04 18:40:07.462 28676 28676 D monodroid-assembly: monodroid_dlopen: hash for name 'libSkiaSharp' is 0xe60e8e74b9608d06
04-04 18:40:07.462 28676 28676 D monodroid-assembly: monodroid_dlopen: hash match found, DSO name is 'libSkiaSharp.so'
04-04 18:40:07.462 28676 28676 D monodroid-assembly: Caching p/invoke entry libSkiaSharp @ sk_font_set_edging
04-04 18:40:07.462 28676 28676 D monodroid-assembly: monodroid_dlopen: hash for name 'libSkiaSharp' is 0xe60e8e74b9608d06
04-04 18:40:07.462 28676 28676 D monodroid-assembly: monodroid_dlopen: hash match found, DSO name is 'libSkiaSharp.so'
04-04 18:40:07.462 28676 28676 D monodroid-assembly: Caching p/invoke entry libSkiaSharp @ sk_font_set_size
04-04 18:40:07.462 28676 28676 D monodroid-assembly: monodroid_dlopen: hash for name 'libSkiaSharp' is 0xe60e8e74b9608d06
04-04 18:40:07.462 28676 28676 D monodroid-assembly: monodroid_dlopen: hash match found, DSO name is 'libSkiaSharp.so'
04-04 18:40:07.462 28676 28676 D monodroid-assembly: Caching p/invoke entry libSkiaSharp @ sk_paint_set_color
04-04 18:40:07.495 28676 28676 D monodroid-assembly: individual_assemblies_open_from_bundles: looking for bundled name: 'System.Net.Requests.dll'
04-04 18:40:07.495 28676 28676 W monodroid-assembly: open_from_bundles: failed to load assembly System.Net.Requests.dll
04-04 18:40:07.495 28676 28676 I monodroid-assembly: open_from_update_dir: trying to open assembly: /data/user/0/VinhKhanhGuide.App/files/.__override__/System.Net.Requests.dll
04-04 18:40:07.496 28676 28694 I monodroid-timing: [1/6] Typemap.managed_to_java: end, total time; elapsed: 0:0::5959
04-04 18:40:07.496 28676 28694 I monodroid-timing: [1/10] Runtime.register: end time. Registered type: Java.Lang.Thread+RunnableImplementor, Mono.Android; elapsed: 0:0::432167
04-04 18:40:07.496 28676 28676 D monodroid-assembly: monodroid_dlopen: hash for name '/data/data/VinhKhanhGuide.App/files/.__override__/System.Net.Requests.dll.so' is 0xfb2e6d286afe61b2
04-04 18:40:07.496 28676 28676 D monodroid-assembly: monodroid_dlopen: hash match not found, DSO name is '<unknown>'
04-04 18:40:07.496 28676 28676 I monodroid-assembly: Trying to load shared library '/data/data/VinhKhanhGuide.App/files/.__override__/System.Net.Requests.dll.so'
04-04 18:40:07.496 28676 28676 I monodroid-assembly: Shared library '/data/data/VinhKhanhGuide.App/files/.__override__/System.Net.Requests.dll.so' not found
04-04 18:40:07.496 28676 28676 I monodroid-assembly: open_from_update_dir: loaded assembly: 0xb400007c4c079e40
04-04 18:40:07.586 28676 28676 I hKhanhGuide.App: Explicit concurrent mark compact GC freed 2076KB AllocSpace bytes, 0(0B) LOS objects, 49% free, 1861KB/3723KB, paused 19us,530us total 4.441ms
04-04 18:40:07.688 28676 28676 D monodroid: typemap: Java type 'android/content/res/Resources' corresponds to managed type 'Android.Content.Res.Resources, Mono.Android'
04-04 18:40:07.688 28676 28676 I monodroid-timing: [1/5] Typemap.java_to_managed: end, total time; elapsed: 0:0::50833
04-04 18:40:07.689 28676 28676 D monodroid: typemap: Java type 'android/content/res/Configuration' corresponds to managed type 'Android.Content.Res.Configuration, Mono.Android'
04-04 18:40:07.689 28676 28676 I monodroid-timing: [1/5] Typemap.java_to_managed: end, total time; elapsed: 0:0::367667
04-04 18:40:07.696 28676 28676 D monodroid: typemap: Java type 'android/content/res/Resources$Theme' corresponds to managed type 'Android.Content.Res.Resources+Theme, Mono.Android'
04-04 18:40:07.696 28676 28676 I monodroid-timing: [1/5] Typemap.java_to_managed: end, total time; elapsed: 0:0::128875
04-04 18:40:07.699 28676 28676 D monodroid: typemap: Java type 'android/content/res/TypedArray' corresponds to managed type 'Android.Content.Res.TypedArray, Mono.Android'
04-04 18:40:07.699 28676 28676 I monodroid-timing: [1/5] Typemap.java_to_managed: end, total time; elapsed: 0:0::123000
04-04 18:40:07.700 28676 28676 D monodroid: typemap: Java type 'android/util/DisplayMetrics' corresponds to managed type 'Android.Util.DisplayMetrics, Mono.Android'
04-04 18:40:07.700 28676 28676 I monodroid-timing: [1/5] Typemap.java_to_managed: end, total time; elapsed: 0:0::55709
04-04 18:40:07.705 28676 28676 D monodroid-assembly: individual_assemblies_open_from_bundles: looking for bundled name: 'Xamarin.AndroidX.RecyclerView.dll'
04-04 18:40:07.705 28676 28676 W monodroid-assembly: open_from_bundles: failed to load assembly Xamarin.AndroidX.RecyclerView.dll
04-04 18:40:07.705 28676 28676 I monodroid-assembly: open_from_update_dir: trying to open assembly: /data/user/0/VinhKhanhGuide.App/files/.__override__/Xamarin.AndroidX.RecyclerView.dll
04-04 18:40:07.706 28676 28676 D monodroid-assembly: monodroid_dlopen: hash for name '/data/data/VinhKhanhGuide.App/files/.__override__/Xamarin.AndroidX.RecyclerView.dll.so' is 0x8f8086e16335d912
04-04 18:40:07.706 28676 28676 D monodroid-assembly: monodroid_dlopen: hash match not found, DSO name is '<unknown>'
04-04 18:40:07.706 28676 28676 I monodroid-assembly: Trying to load shared library '/data/data/VinhKhanhGuide.App/files/.__override__/Xamarin.AndroidX.RecyclerView.dll.so'
04-04 18:40:07.706 28676 28676 I monodroid-assembly: Shared library '/data/data/VinhKhanhGuide.App/files/.__override__/Xamarin.AndroidX.RecyclerView.dll.so' not found
04-04 18:40:07.706 28676 28676 I monodroid-assembly: open_from_update_dir: loaded assembly: 0xb400007c4c06af00
04-04 18:40:07.709 28676 28676 D monodroid-assembly: individual_assemblies_open_from_bundles: looking for bundled name: 'Xamarin.AndroidX.CardView.dll'
04-04 18:40:07.709 28676 28676 W monodroid-assembly: open_from_bundles: failed to load assembly Xamarin.AndroidX.CardView.dll
04-04 18:40:07.709 28676 28676 I monodroid-assembly: open_from_update_dir: trying to open assembly: /data/user/0/VinhKhanhGuide.App/files/.__override__/Xamarin.AndroidX.CardView.dll
04-04 18:40:07.710 28676 28676 D monodroid-assembly: monodroid_dlopen: hash for name '/data/data/VinhKhanhGuide.App/files/.__override__/Xamarin.AndroidX.CardView.dll.so' is 0x16b4daff52cd63c3
04-04 18:40:07.710 28676 28676 D monodroid-assembly: monodroid_dlopen: hash match not found, DSO name is '<unknown>'
04-04 18:40:07.710 28676 28676 I monodroid-assembly: Trying to load shared library '/data/data/VinhKhanhGuide.App/files/.__override__/Xamarin.AndroidX.CardView.dll.so'
04-04 18:40:07.710 28676 28676 I monodroid-assembly: Shared library '/data/data/VinhKhanhGuide.App/files/.__override__/Xamarin.AndroidX.CardView.dll.so' not found
04-04 18:40:07.710 28676 28676 I monodroid-assembly: open_from_update_dir: loaded assembly: 0xb400007c4c06a350
04-04 18:40:07.712 28676 28676 D monodroid-assembly: individual_assemblies_open_from_bundles: looking for bundled name: 'SkiaSharp.Views.Android.dll'
04-04 18:40:07.712 28676 28676 W monodroid-assembly: open_from_bundles: failed to load assembly SkiaSharp.Views.Android.dll
04-04 18:40:07.712 28676 28676 I monodroid-assembly: open_from_update_dir: trying to open assembly: /data/user/0/VinhKhanhGuide.App/files/.__override__/SkiaSharp.Views.Android.dll
04-04 18:40:07.712 28676 28676 D monodroid-assembly: monodroid_dlopen: hash for name '/data/data/VinhKhanhGuide.App/files/.__override__/SkiaSharp.Views.Android.dll.so' is 0x5f75a96f329c31d5
04-04 18:40:07.712 28676 28676 D monodroid-assembly: monodroid_dlopen: hash match not found, DSO name is '<unknown>'
04-04 18:40:07.712 28676 28676 I monodroid-assembly: Trying to load shared library '/data/data/VinhKhanhGuide.App/files/.__override__/SkiaSharp.Views.Android.dll.so'
04-04 18:40:07.712 28676 28676 I monodroid-assembly: Shared library '/data/data/VinhKhanhGuide.App/files/.__override__/SkiaSharp.Views.Android.dll.so' not found
04-04 18:40:07.712 28676 28676 I monodroid-assembly: open_from_update_dir: loaded assembly: 0xb400007c4c06aae0
04-04 18:40:07.718   708   730 W OptProp : Cannot read opt property android.window.PROPERTY_COMPAT_ENABLE_FAKE_FOCUS
04-04 18:40:07.720   708   936 D BackgroundInstallControlService: Package event received: 0
04-04 18:40:07.720   708   936 D BackgroundInstallControlService: Package event received: 0
04-04 18:40:07.722 28676 28676 I Choreographer: Skipped 38 frames!  The application may be doing too much work on its main thread.
04-04 18:40:07.726 28676 28697 I DisplayManager: Choreographer implicitly registered for the refresh rate.
04-04 18:40:07.727 28676 28676 I hKhanhGuide.App: AssetManager2(0xb400007c3c07ce58) locale list changing from [] to [en-US]
04-04 18:40:07.732 28676 28676 I monodroid-timing: [1/6] Typemap.managed_to_java: end, total time; elapsed: 0:0::32041
04-04 18:40:07.734 28676 28676 D monodroid-assembly: individual_assemblies_open_from_bundles: looking for bundled name: 'Xamarin.AndroidX.Loader.dll'
04-04 18:40:07.734 28676 28676 W monodroid-assembly: open_from_bundles: failed to load assembly Xamarin.AndroidX.Loader.dll
04-04 18:40:07.734 28676 28676 I monodroid-assembly: open_from_update_dir: trying to open assembly: /data/user/0/VinhKhanhGuide.App/files/.__override__/Xamarin.AndroidX.Loader.dll
04-04 18:40:07.735 28676 28676 D monodroid-assembly: monodroid_dlopen: hash for name '/data/data/VinhKhanhGuide.App/files/.__override__/Xamarin.AndroidX.Loader.dll.so' is 0xdb9957e62e427ba0
04-04 18:40:07.735 28676 28676 D monodroid-assembly: monodroid_dlopen: hash match not found, DSO name is '<unknown>'
04-04 18:40:07.735 28676 28676 I monodroid-assembly: Trying to load shared library '/data/data/VinhKhanhGuide.App/files/.__override__/Xamarin.AndroidX.Loader.dll.so'
04-04 18:40:07.735 28676 28676 I monodroid-assembly: Shared library '/data/data/VinhKhanhGuide.App/files/.__override__/Xamarin.AndroidX.Loader.dll.so' not found
04-04 18:40:07.735 28676 28676 I monodroid-assembly: open_from_update_dir: loaded assembly: 0xb400007c4c069220
04-04 18:40:07.740 28676 28676 I monodroid-timing: [1/10] Runtime.register: end time. Registered type: Microsoft.Maui.MauiAppCompatActivity, Microsoft.Maui; elapsed: 0:8::881625
04-04 18:40:07.741 28676 28676 I monodroid-timing: [1/6] Typemap.managed_to_java: end, total time; elapsed: 0:0::4500
04-04 18:40:07.741 28676 28676 I monodroid-timing: [1/10] Runtime.register: end time. Registered type: VinhKhanhGuide.App.MainActivity, VinhKhanhGuide.App; elapsed: 0:0::446167
04-04 18:40:07.751 28676 28676 D AppCompatDelegate: Checking for metadata for AppLocalesMetadataHolderService : Service not found
04-04 18:40:07.751 28676 28676 I hKhanhGuide.App: AssetManager2(0xb400007c3c0854b8) locale list changing from [] to [en-US]
04-04 18:40:07.754 28676 28676 E ashmem  : Pinning is deprecated since Android Q. Please use trim or other methods.
04-04 18:40:07.759 28676 28676 D monodroid-assembly: individual_assemblies_open_from_bundles: looking for bundled name: '_Microsoft.Android.Resource.Designer.dll'
04-04 18:40:07.759 28676 28676 W monodroid-assembly: open_from_bundles: failed to load assembly _Microsoft.Android.Resource.Designer.dll
04-04 18:40:07.759 28676 28676 I monodroid-assembly: open_from_update_dir: trying to open assembly: /data/user/0/VinhKhanhGuide.App/files/.__override__/_Microsoft.Android.Resource.Designer.dll
04-04 18:40:07.765 28676 28676 D monodroid-assembly: monodroid_dlopen: hash for name '/data/data/VinhKhanhGuide.App/files/.__override__/_Microsoft.Android.Resource.Designer.dll.so' is 0x381a2a3b114c075
04-04 18:40:07.765 28676 28676 D monodroid-assembly: monodroid_dlopen: hash match not found, DSO name is '<unknown>'
04-04 18:40:07.765 28676 28676 I monodroid-assembly: Trying to load shared library '/data/data/VinhKhanhGuide.App/files/.__override__/_Microsoft.Android.Resource.Designer.dll.so'
04-04 18:40:07.765 28676 28676 I monodroid-assembly: Shared library '/data/data/VinhKhanhGuide.App/files/.__override__/_Microsoft.Android.Resource.Designer.dll.so' not found
04-04 18:40:07.765 28676 28676 I monodroid-assembly: open_from_update_dir: loaded assembly: 0xb400007c4c068eb0
04-04 18:40:07.776 28676 28676 D monodroid: typemap: Java type 'android/content/Intent' corresponds to managed type 'Android.Content.Intent, Mono.Android'
04-04 18:40:07.776 28676 28676 I monodroid-timing: [1/5] Typemap.java_to_managed: end, total time; elapsed: 0:0::32292
04-04 18:40:07.781 28676 28697 I EGL_emulation: Opening libGLESv1_CM_emulation.so
04-04 18:40:07.781 28676 28697 I EGL_emulation: Opening libGLESv2_emulation.so
04-04 18:40:07.789 28676 28697 W HWUI    : Failed to choose config with EGL_SWAP_BEHAVIOR_PRESERVED, retrying without...
04-04 18:40:07.789 28676 28697 W HWUI    : Failed to initialize 101010-2 format, error = EGL_SUCCESS
04-04 18:40:07.825 28676 28676 I monodroid-assembly: typemap: unable to find mapping to a managed type from Java type 'android/app/ApplicationPackageManager'
04-04 18:40:07.825 28676 28676 I monodroid-timing: [1/5] Typemap.java_to_managed: end, total time; elapsed: 0:0::38125
04-04 18:40:07.831 28676 28676 W monodroid-assembly: typemap: called from
04-04 18:40:07.831 28676 28676 W monodroid-assembly: at Java.Interop.TypeManager.GetJavaToManagedType(String class_name)
04-04 18:40:07.831 28676 28676 W monodroid-assembly:    at Java.Interop.TypeManager.CreateInstance(IntPtr handle, JniHandleOwnership transfer, Type targetType)
04-04 18:40:07.831 28676 28676 W monodroid-assembly:    at Java.Lang.Object.GetObject(IntPtr handle, JniHandleOwnership transfer, Type type)
04-04 18:40:07.831 28676 28676 W monodroid-assembly:    at Java.Lang.Object._GetObject[PackageManager](IntPtr handle, JniHandleOwnership transfer)
04-04 18:40:07.831 28676 28676 W monodroid-assembly:    at Java.Lang.Object.GetObject[PackageManager](IntPtr handle, JniHandleOwnership transfer)
04-04 18:40:07.831 28676 28676 W monodroid-assembly:    at Android.Content.ContextWrapper.get_PackageManager()
04-04 18:40:07.831 28676 28676 W monodroid-assembly:    at Microsoft.Maui.ApplicationModel.Permissions.IsDeclaredInManifest(String permission)
04-04 18:40:07.831 28676 28676 W monodroid-assembly:    at Microsoft.Maui.ApplicationModel.Permissions.BasePlatformPermission.CheckStatusAsync()
04-04 18:40:07.831 28676 28676 W monodroid-assembly:    at Microsoft.Maui.ApplicationModel.Permissions.CheckStatusAsync[LocationWhenInUse]()
04-04 18:40:07.831 28676 28676 W monodroid-assembly:    at VinhKhanhGuide.App.Services.LocationService.StartListeningAsync()
04-04 18:40:07.831 28676 28676 W monodroid-assembly:    at System.Runtime.CompilerServices.AsyncMethodBuilderCore.Start[<StartListeningAsync>d__7](<StartListeningAsync>d__7& stateMachine)
04-04 18:40:07.831 28676 28676 W monodroid-assembly:    at VinhKhanhGuide.App.Services.LocationService.StartListeningAsync()
04-04 18:40:07.831 28676 28676 W monodroid-assembly:    at VinhKhanhGuide.App.ViewModels.MainViewModel.StartAsync()
04-04 18:40:07.831 28676 28676 W monodroid-assembly:    at System.Runtime.CompilerServices.AsyncMethodBuilderCore.Start[<StartAsync>d__109](<StartAsync>d__109& stateMachine)
04-04 18:40:07.831 28676 28676 W monodroid-assembly:    at VinhKhanhGuide.App.ViewModels.MainViewModel.StartAsync()
04-04 18:40:07.831 28676 28676 W monodroid-assembly:    at VinhKhanhGuide.App.MainPage.OnAppearing()
04-04 18:40:07.831 28676 28676 W monodroid-assembly:    at System.Runtime.CompilerServices.AsyncMethodBuilderCore.Start[<OnAppearing>d__11](<OnAppearing>d__11& stateMachine)
04-04 18:40:07.831 28676 28676 W monodroid-assembly:    at VinhKhanhGuide.App.MainPage.OnAppearing()
04-04 18:40:07.831 28676 28676 W monodroid-assembly:    at Microsoft.Maui.Controls.Page.SendAppearing()
04-04 18:40:07.831 28676 28676 W monodroid-assembly:    at Microsoft.Maui.Controls.Page.SendAppearing()
04-04 18:40:07.831 28676 28676 W monodroid-assembly:    at Microsoft.Maui.Controls.Window.SendWindowAppearing()
04-04 18:40:07.831 28676 28676 W monodroid-assembly:    at Microsoft.Maui.Controls.Window.FinishedAddingWindowToApplication(Application application)
04-04 18:40:07.831 28676 28676 W monodroid-assembly:    at Microsoft.Maui.Controls.Application.AddWindow(Window window)
04-04 18:40:07.831 28676 28676 W monodroid-assembly:    at Microsoft.Maui.Controls.Application.Microsoft.Maui.IApplication.CreateWindow(IActivationState activationState)
04-04 18:40:07.831 28676 28676 W monodroid-assembly:    at Microsoft.Maui.Platform.ApplicationExtensions.CreatePlatformWindow(Activity activity, IApplication application, Bundle savedInstanceState)
04-04 18:40:07.831 28676 28676 W monodroid-assembly:    at Microsoft.Maui.MauiAppCompatActivity.OnCreate(Bundle savedInstanceState)
04-04 18:40:07.831 28676 28676 W monodroid-assembly:    at Android.App.Activity.n_OnCreate_Landroid_os_Bundle_(IntPtr jnienv, IntPtr native__this, IntPtr native_savedInstanceState)
04-04 18:40:07.831 28676 28676 W monodroid-assembly:    at Android.Runtime.JNINativeWrapper.Wrap_JniMarshal_PPL_V(_JniMarshal_PPL_V callback, IntPtr jnienv, IntPtr klazz, IntPtr p0)
04-04 18:40:07.831 28676 28676 D monodroid: typemap: Java type 'android/content/pm/PackageManager' corresponds to managed type 'Android.Content.PM.PackageManager, Mono.Android'
04-04 18:40:07.831 28676 28676 I monodroid-timing: [1/5] Typemap.java_to_managed: end, total time; elapsed: 0:0::40375
04-04 18:40:07.833 28676 28676 D monodroid: typemap: Java type 'android/content/pm/PackageInfo' corresponds to managed type 'Android.Content.PM.PackageInfo, Mono.Android'
04-04 18:40:07.833 28676 28676 I monodroid-timing: [1/5] Typemap.java_to_managed: end, total time; elapsed: 0:0::36084
04-04 18:40:07.836 28676 28676 D monodroid: typemap: Java type 'android/content/pm/ApplicationInfo' corresponds to managed type 'Android.Content.PM.ApplicationInfo, Mono.Android'
04-04 18:40:07.836 28676 28676 I monodroid-timing: [1/5] Typemap.java_to_managed: end, total time; elapsed: 0:0::33041
04-04 18:40:07.840 28676 28676 D monodroid: typemap: Java type 'android/location/LocationManager' corresponds to managed type 'Android.Locations.LocationManager, Mono.Android'
04-04 18:40:07.840 28676 28676 I monodroid-timing: [1/5] Typemap.java_to_managed: end, total time; elapsed: 0:0::22833
04-04 18:40:07.842 28676 28676 I monodroid-assembly: typemap: unable to find mapping to a managed type from Java type 'java/util/ArrayList$Itr'
04-04 18:40:07.842 28676 28676 I monodroid-timing: [1/5] Typemap.java_to_managed: end, total time; elapsed: 0:0::17833
04-04 18:40:07.843 28676 28676 W monodroid-assembly: typemap: called from
04-04 18:40:07.843 28676 28676 W monodroid-assembly: at Java.Interop.TypeManager.GetJavaToManagedType(String class_name)
04-04 18:40:07.843 28676 28676 W monodroid-assembly:    at Java.Interop.TypeManager.CreateInstance(IntPtr handle, JniHandleOwnership transfer, Type targetType)
04-04 18:40:07.843 28676 28676 W monodroid-assembly:    at Java.Lang.Object.GetObject(IntPtr handle, JniHandleOwnership transfer, Type type)
04-04 18:40:07.843 28676 28676 W monodroid-assembly:    at Java.Lang.Object._GetObject[IIterator](IntPtr handle, JniHandleOwnership transfer)
04-04 18:40:07.843 28676 28676 W monodroid-assembly:    at Java.Lang.Object.GetObject[IIterator](IntPtr handle, JniHandleOwnership transfer)
04-04 18:40:07.843 28676 28676 W monodroid-assembly:    at Android.Runtime.JavaList.Iterator()
04-04 18:40:07.843 28676 28676 W monodroid-assembly:    at Android.Runtime.JavaList`1[[System.String, System.Private.CoreLib, Version=8.0.0.0, Culture=neutral, PublicKeyToken=7cec85d7bea7798e]].GetEnumerator()
04-04 18:40:07.843 28676 28676 W monodroid-assembly:    at Microsoft.Maui.Devices.Sensors.GeolocationImplementation.GetLastKnownLocationAsync()
04-04 18:40:07.843 28676 28676 W monodroid-assembly:    at System.Runtime.CompilerServices.AsyncMethodBuilderCore.Start[<GetLastKnownLocationAsync>d__17](<GetLastKnownLocationAsync>d__17& stateMachine)
04-04 18:40:07.843 28676 28676 W monodroid-assembly:    at Microsoft.Maui.Devices.Sensors.GeolocationImplementation.GetLastKnownLocationAsync()
04-04 18:40:07.843 28676 28676 W monodroid-assembly:    at VinhKhanhGuide.App.Services.LocationService.ListenLoopAsync(CancellationToken cancellationToken)
04-04 18:40:07.843 28676 28676 W monodroid-assembly:    at System.Runtime.CompilerServices.AsyncMethodBuilderCore.Start[<ListenLoopAsync>d__9](<ListenLoopAsync>d__9& stateMachine)
04-04 18:40:07.843 28676 28676 W monodroid-assembly:    at VinhKhanhGuide.App.Services.LocationService.ListenLoopAsync(CancellationToken cancellationToken)
04-04 18:40:07.843 28676 28676 W monodroid-assembly:    at VinhKhanhGuide.App.Services.LocationService.StartListeningAsync()
04-04 18:40:07.843 28676 28676 W monodroid-assembly:    at System.Runtime.CompilerServices.AsyncMethodBuilderCore.Start[<StartListeningAsync>d__7](<StartListeningAsync>d__7& stateMachine)
04-04 18:40:07.843 28676 28676 W monodroid-assembly:    at VinhKhanhGuide.App.Services.LocationService.StartListeningAsync()
04-04 18:40:07.843 28676 28676 W monodroid-assembly:    at VinhKhanhGuide.App.ViewModels.MainViewModel.StartAsync()
04-04 18:40:07.843 28676 28676 W monodroid-assembly:    at System.Runtime.CompilerServices.AsyncMethodBuilderCore.Start[<StartAsync>d__109](<StartAsync>d__109& stateMachine)
04-04 18:40:07.843 28676 28676 W monodroid-assembly:    at VinhKhanhGuide.App.ViewModels.MainViewModel.StartAsync()
04-04 18:40:07.843 28676 28676 W monodroid-assembly:    at VinhKhanhGuide.App.MainPage.OnAppearing()
04-04 18:40:07.843 28676 28676 W monodroid-assembly:    at System.Runtime.CompilerServices.AsyncMethodBuilderCore.Start[<OnAppearing>d__11](<OnAppearing>d__11& stateMachine)
04-04 18:40:07.843 28676 28676 W monodroid-assembly:    at VinhKhanhGuide.App.MainPage.OnAppearing()
04-04 18:40:07.843 28676 28676 W monodroid-assembly:    at Microsoft.Maui.Controls.Page.SendAppearing()
04-04 18:40:07.843 28676 28676 W monodroid-assembly:    at Microsoft.Maui.Controls.Page.SendAppearing()
04-04 18:40:07.843 28676 28676 W monodroid-assembly:    at Microsoft.Maui.Controls.Window.SendWindowAppearing()
04-04 18:40:07.843 28676 28676 W monodroid-assembly:    at Microsoft.Maui.Controls.Window.FinishedAddingWindowToApplication(Application application)
04-04 18:40:07.843 28676 28676 W monodroid-assembly:    at Microsoft.Maui.Controls.Application.AddWindow(Window window)
04-04 18:40:07.843 28676 28676 W monodroid-assembly:    at Microsoft.Maui.Controls.Application.Microsoft.Maui.IApplication.CreateWindow(IActivationState activationState)
04-04 18:40:07.843 28676 28676 W monodroid-assembly:    at Microsoft.Maui.Platform.ApplicationExtensions.CreatePlatformWindow(Activity activity, IApplication application, Bundle savedInstanceState)
04-04 18:40:07.843 28676 28676 W monodroid-assembly:    at Microsoft.Maui.MauiAppCompatActivity.OnCreate(Bundle savedInstanceState)
04-04 18:40:07.843 28676 28676 W monodroid-assembly:    at Android.App.Activity.n_OnCreate_Landroid_os_Bundle_(IntPtr jnienv, IntPtr native__this, IntPtr native_savedInstanceState)
04-04 18:40:07.843 28676 28676 W monodroid-assembly:    at Android.Runtime.JNINativeWrapper.Wrap_JniMarshal_PPL_V(_JniMarshal_PPL_V callback, IntPtr jnienv, IntPtr klazz, IntPtr p0)
04-04 18:40:07.843 28676 28676 D monodroid: typemap: Java type 'java/lang/Object' corresponds to managed type 'Java.Lang.Object, Mono.Android'
04-04 18:40:07.843 28676 28676 I monodroid-timing: [1/5] Typemap.java_to_managed: end, total time; elapsed: 0:0::33625
04-04 18:40:07.850 28676 28676 D monodroid: typemap: Java type 'android/location/Location' corresponds to managed type 'Android.Locations.Location, Mono.Android'
04-04 18:40:07.850 28676 28676 I monodroid-timing: [1/5] Typemap.java_to_managed: end, total time; elapsed: 0:0::75000
04-04 18:40:07.917 28676 28676 I monodroid-timing: [1/6] Typemap.managed_to_java: end, total time; elapsed: 0:0::4458
04-04 18:40:07.917 28676 28676 I monodroid-timing: [1/6] Typemap.managed_to_java: end, total time; elapsed: 0:0::1458
04-04 18:40:07.918 28676 28676 I monodroid-timing: [1/10] Runtime.register: end time. Registered type: Microsoft.Maui.Media.TextToSpeechInternalImplementation, Microsoft.Maui.Essentials; elapsed: 0:1::432458
04-04 18:40:07.922 28676 28676 I hKhanhGuide.App: AssetManager2(0xb400007c3c088078) locale list changing from [] to [en-US]
04-04 18:40:07.923 28676 28676 I TextToSpeech: Sucessfully bound to com.google.android.tts
04-04 18:40:07.923   708  1258 D TextToSpeechManagerPerUserService: Trying to start connection to TTS engine: com.google.android.tts
04-04 18:40:07.924   708   936 D BackgroundInstallControlService: Package event received: 0
04-04 18:40:07.924   708   936 D BackgroundInstallControlService: Package event received: 0
04-04 18:40:07.928  2945  2945 I GoogleTtsServicePeer: Creating Google TTS service, version googletts.google-speech-apk_20241125.02_p2.702443970
04-04 18:40:07.928  2945  2945 I ExoPlayerImpl: Init 8dbc5dc [AndroidXMedia3/1.5.0] [emu64a, sdk_gphone64_arm64, Google, 36]
04-04 18:40:07.928 28676 28676 I monodroid-assembly: typemap: unable to find mapping to a managed type from Java type 'java/util/ArrayList$Itr'
04-04 18:40:07.928 28676 28676 I monodroid-timing: [1/5] Typemap.java_to_managed: end, total time; elapsed: 0:0::24000
04-04 18:40:07.935 28676 28676 I hKhanhGuide.App: Explicit concurrent mark compact GC freed 425KB AllocSpace bytes, 0(0B) LOS objects, 49% free, 2137KB/4274KB, paused 50us,560us total 4.668ms
04-04 18:40:07.936 28676 28676 W monodroid-assembly: typemap: called from
04-04 18:40:07.936 28676 28676 W monodroid-assembly: at Java.Interop.TypeManager.GetJavaToManagedType(String class_name)
04-04 18:40:07.936 28676 28676 W monodroid-assembly:    at Java.Interop.TypeManager.CreateInstance(IntPtr handle, JniHandleOwnership transfer, Type targetType)
04-04 18:40:07.936 28676 28676 W monodroid-assembly:    at Java.Lang.Object.GetObject(IntPtr handle, JniHandleOwnership transfer, Type type)
04-04 18:40:07.936 28676 28676 W monodroid-assembly:    at Java.Lang.Object._GetObject[IIterator](IntPtr handle, JniHandleOwnership transfer)
04-04 18:40:07.936 28676 28676 W monodroid-assembly:    at Java.Lang.Object.GetObject[IIterator](IntPtr handle, JniHandleOwnership transfer)
04-04 18:40:07.936 28676 28676 W monodroid-assembly:    at Android.Runtime.JavaList.Iterator()
04-04 18:40:07.936 28676 28676 W monodroid-assembly:    at Android.Runtime.JavaList`1[[System.String, System.Private.CoreLib, Version=8.0.0.0, Culture=neutral, PublicKeyToken=7cec85d7bea7798e]].GetEnumerator()
04-04 18:40:07.936 28676 28676 W monodroid-assembly:    at System.Linq.Enumerable.Any[String](IEnumerable`1 source, Func`2 predicate)
04-04 18:40:07.936 28676 28676 W monodroid-assembly:    at Microsoft.Maui.Devices.Sensors.GeolocationImplementation.GetLocationAsync(GeolocationRequest request, CancellationToken cancellationToken)
04-04 18:40:07.936 28676 28676 W monodroid-assembly:    at System.Runtime.CompilerServices.AsyncMethodBuilderCore.Start[<GetLocationAsync>d__18](<GetLocationAsync>d__18& stateMachine)
04-04 18:40:07.936 28676 28676 W monodroid-assembly:    at Microsoft.Maui.Devices.Sensors.GeolocationImplementation.GetLocationAsync(GeolocationRequest request, CancellationToken cancellationToken)
04-04 18:40:07.936 28676 28676 W monodroid-assembly:    at VinhKhanhGuide.App.Services.LocationService.ListenLoopAsync(CancellationToken cancellationToken)
04-04 18:40:07.936 28676 28676 W monodroid-assembly:    at System.Runtime.CompilerServices.AsyncMethodBuilderCore.Start[<ListenLoopAsync>d__9](<ListenLoopAsync>d__9& stateMachine)
04-04 18:40:07.936 28676 28676 W monodroid-assembly:    at VinhKhanhGuide.App.Services.LocationService.ListenLoopAsync(CancellationToken cancellationToken)
04-04 18:40:07.936 28676 28676 W monodroid-assembly:    at VinhKhanhGuide.App.Services.LocationService.StartListeningAsync()
04-04 18:40:07.936 28676 28676 W monodroid-assembly:    at System.Runtime.CompilerServices.AsyncMethodBuilderCore.Start[<StartListeningAsync>d__7](<StartListeningAsync>d__7& stateMachine)
04-04 18:40:07.936 28676 28676 W monodroid-assembly:    at VinhKhanhGuide.App.Services.LocationService.StartListeningAsync()
04-04 18:40:07.936 28676 28676 W monodroid-assembly:    at VinhKhanhGuide.App.ViewModels.MainViewModel.StartAsync()
04-04 18:40:07.936 28676 28676 W monodroid-assembly:    at System.Runtime.CompilerServices.AsyncMethodBuilderCore.Start[<StartAsync>d__109](<StartAsync>d__109& stateMachine)
04-04 18:40:07.936 28676 28676 W monodroid-assembly:    at VinhKhanhGuide.App.ViewModels.MainViewModel.StartAsync()
04-04 18:40:07.936 28676 28676 W monodroid-assembly:    at VinhKhanhGuide.App.MainPage.OnAppearing()
04-04 18:40:07.936 28676 28676 W monodroid-assembly:    at System.Runtime.CompilerServices.AsyncMethodBuilderCore.Start[<OnAppearing>d__11](<OnAppearing>d__11& stateMachine)
04-04 18:40:07.936 28676 28676 W monodroid-assembly:    at VinhKhanhGuide.App.MainPage.OnAppearing()
04-04 18:40:07.936 28676 28676 W monodroid-assembly:    at Microsoft.Maui.Controls.Page.SendAppearing()
04-04 18:40:07.936 28676 28676 W monodroid-assembly:    at Microsoft.Maui.Controls.Page.SendAppearing()
04-04 18:40:07.936 28676 28676 W monodroid-assembly:    at Microsoft.Maui.Controls.Window.SendWindowAppearing()
04-04 18:40:07.936 28676 28676 W monodroid-assembly:    at Microsoft.Maui.Controls.Window.FinishedAddingWindowToApplication(Application application)
04-04 18:40:07.936 28676 28676 W monodroid-assembly:    at Microsoft.Maui.Controls.Application.AddWindow(Window window)
04-04 18:40:07.936 28676 28676 W monodroid-assembly:    at Microsoft.Maui.Controls.Application.Microsoft.Maui.IApplication.CreateWindow(IActivationState activationState)
04-04 18:40:07.936 28676 28676 W monodroid-assembly:    at Microsoft.Maui.Platform.ApplicationExtensions.CreatePlatformWindow(Activity activity, IApplication application, Bundle savedInstanceState)
04-04 18:40:07.936 28676 28676 W monodroid-assembly:    at Microsoft.Maui.MauiAppCompatActivity.OnCreate(Bundle savedInstanceState)
04-04 18:40:07.936 28676 28676 W monodroid-assembly:    at Android.App.Activity.n_OnCreate_Landroid_os_Bundle_(IntPtr jnienv, IntPtr native__this, IntPtr native_savedInstanceState)
04-04 18:40:07.936 28676 28676 W monodroid-assembly:    at Android.Runtime.JNINativeWrapper.Wrap_JniMarshal_PPL_V(_JniMarshal_PPL_V callback, IntPtr jnienv, IntPtr klazz, IntPtr p0)
04-04 18:40:07.940  2945  2945 I ExoPlayerImpl: Init 476e5 [AndroidXMedia3/1.5.0] [emu64a, sdk_gphone64_arm64, Google, 36]
04-04 18:40:07.942 28676 28676 I monodroid-timing: [1/6] Typemap.managed_to_java: end, total time; elapsed: 0:0::4000
04-04 18:40:07.942 28676 28676 I monodroid-timing: [1/6] Typemap.managed_to_java: end, total time; elapsed: 0:0::1167
04-04 18:40:07.943 28676 28676 D monodroid-assembly: Falling back to System.Reflection.Emit for delegate type '_JniMarshal_PPLIL_V': Void n_OnStatusChanged_Ljava_lang_String_ILandroid_os_Bundle_(IntPtr, IntPtr, IntPtr, Int32, IntPtr)
04-04 18:40:07.944   454   510 I netd    : tetherGetStats() -> {[]} <0.48ms>
04-04 18:40:07.946 28676 28676 I monodroid-timing: [1/10] Runtime.register: end time. Registered type: Microsoft.Maui.Devices.Sensors.SingleLocationListener, Microsoft.Maui.Essentials; elapsed: 0:3::351125
04-04 18:40:07.951  1049 28704 D android.hardware.gnss-service.ranchu: GnssHwConn:workerThread:70
04-04 18:40:07.952 28676 28676 D monodroid-assembly: individual_assemblies_open_from_bundles: looking for bundled name: 'Mapsui.Tiling.dll'
04-04 18:40:07.952 28676 28676 W monodroid-assembly: open_from_bundles: failed to load assembly Mapsui.Tiling.dll
04-04 18:40:07.952 28676 28676 I monodroid-assembly: open_from_update_dir: trying to open assembly: /data/user/0/VinhKhanhGuide.App/files/.__override__/Mapsui.Tiling.dll
04-04 18:40:07.952 28676 28676 D monodroid-assembly: monodroid_dlopen: hash for name '/data/data/VinhKhanhGuide.App/files/.__override__/Mapsui.Tiling.dll.so' is 0x34baf40d6aae65df
04-04 18:40:07.952 28676 28676 D monodroid-assembly: monodroid_dlopen: hash match not found, DSO name is '<unknown>'
04-04 18:40:07.952 28676 28676 I monodroid-assembly: Trying to load shared library '/data/data/VinhKhanhGuide.App/files/.__override__/Mapsui.Tiling.dll.so'
04-04 18:40:07.952 28676 28676 I monodroid-assembly: Shared library '/data/data/VinhKhanhGuide.App/files/.__override__/Mapsui.Tiling.dll.so' not found
04-04 18:40:07.952 28676 28676 I monodroid-assembly: open_from_update_dir: loaded assembly: 0xb400007c4c0678b0
04-04 18:40:07.953  2945  2945 I PipelineReaderImpl: Initializing en-us-x-iog-seanet-embedded from disk
04-04 18:40:07.953 28676 28676 D monodroid-assembly: individual_assemblies_open_from_bundles: looking for bundled name: 'BruTile.dll'
04-04 18:40:07.953 28676 28676 W monodroid-assembly: open_from_bundles: failed to load assembly BruTile.dll
04-04 18:40:07.953 28676 28676 I monodroid-assembly: open_from_update_dir: trying to open assembly: /data/user/0/VinhKhanhGuide.App/files/.__override__/BruTile.dll
04-04 18:40:07.954 28676 28676 D monodroid-assembly: monodroid_dlopen: hash for name '/data/data/VinhKhanhGuide.App/files/.__override__/BruTile.dll.so' is 0x59742496db6ee566
04-04 18:40:07.954 28676 28676 D monodroid-assembly: monodroid_dlopen: hash match not found, DSO name is '<unknown>'
04-04 18:40:07.954 28676 28676 I monodroid-assembly: Trying to load shared library '/data/data/VinhKhanhGuide.App/files/.__override__/BruTile.dll.so'
04-04 18:40:07.954 28676 28676 I monodroid-assembly: Shared library '/data/data/VinhKhanhGuide.App/files/.__override__/BruTile.dll.so' not found
04-04 18:40:07.954 28676 28676 I monodroid-assembly: open_from_update_dir: loaded assembly: 0xb400007c4c0685c0
04-04 18:40:07.954 28676 28676 D monodroid-assembly: individual_assemblies_open_from_bundles: looking for bundled name: 'System.Net.Http.dll'
04-04 18:40:07.954 28676 28676 W monodroid-assembly: open_from_bundles: failed to load assembly System.Net.Http.dll
04-04 18:40:07.954 28676 28676 I monodroid-assembly: open_from_update_dir: trying to open assembly: /data/user/0/VinhKhanhGuide.App/files/.__override__/System.Net.Http.dll
04-04 18:40:07.957 28676 28676 D monodroid-assembly: monodroid_dlopen: hash for name '/data/data/VinhKhanhGuide.App/files/.__override__/System.Net.Http.dll.so' is 0xe576fb393c7faf60
04-04 18:40:07.957 28676 28676 D monodroid-assembly: monodroid_dlopen: hash match not found, DSO name is '<unknown>'
04-04 18:40:07.957 28676 28676 I monodroid-assembly: Trying to load shared library '/data/data/VinhKhanhGuide.App/files/.__override__/System.Net.Http.dll.so'
04-04 18:40:07.957 28676 28676 I monodroid-assembly: Shared library '/data/data/VinhKhanhGuide.App/files/.__override__/System.Net.Http.dll.so' not found
04-04 18:40:07.957 28676 28676 I monodroid-assembly: open_from_update_dir: loaded assembly: 0xb400007c4c069380
04-04 18:40:07.960 28676 28676 D monodroid-assembly: individual_assemblies_open_from_bundles: looking for bundled name: 'System.Diagnostics.DiagnosticSource.dll'
04-04 18:40:07.960 28676 28676 W monodroid-assembly: open_from_bundles: failed to load assembly System.Diagnostics.DiagnosticSource.dll
04-04 18:40:07.960 28676 28676 I monodroid-assembly: open_from_update_dir: trying to open assembly: /data/user/0/VinhKhanhGuide.App/files/.__override__/System.Diagnostics.DiagnosticSource.dll
04-04 18:40:07.961 28676 28676 D monodroid-assembly: monodroid_dlopen: hash for name '/data/data/VinhKhanhGuide.App/files/.__override__/System.Diagnostics.DiagnosticSource.dll.so' is 0xdf4a6d767a7b6268
04-04 18:40:07.961 28676 28676 D monodroid-assembly: monodroid_dlopen: hash match not found, DSO name is '<unknown>'
04-04 18:40:07.961 28676 28676 I monodroid-assembly: Trying to load shared library '/data/data/VinhKhanhGuide.App/files/.__override__/System.Diagnostics.DiagnosticSource.dll.so'
04-04 18:40:07.961 28676 28676 I monodroid-assembly: Shared library '/data/data/VinhKhanhGuide.App/files/.__override__/System.Diagnostics.DiagnosticSource.dll.so' not found
04-04 18:40:07.961 28676 28676 I monodroid-assembly: open_from_update_dir: loaded assembly: 0xb400007c4c067960
04-04 18:40:07.961 28676 28676 D monodroid-assembly: individual_assemblies_open_from_bundles: looking for bundled name: 'System.Security.Cryptography.dll'
04-04 18:40:07.961 28676 28676 W monodroid-assembly: open_from_bundles: failed to load assembly System.Security.Cryptography.dll
04-04 18:40:07.961 28676 28676 I monodroid-assembly: open_from_update_dir: trying to open assembly: /data/user/0/VinhKhanhGuide.App/files/.__override__/System.Security.Cryptography.dll
04-04 18:40:07.967 28676 28676 D monodroid-assembly: monodroid_dlopen: hash for name '/data/data/VinhKhanhGuide.App/files/.__override__/System.Security.Cryptography.dll.so' is 0x359ce60cc0eed1cd
04-04 18:40:07.967 28676 28676 D monodroid-assembly: monodroid_dlopen: hash match not found, DSO name is '<unknown>'
04-04 18:40:07.967 28676 28676 I monodroid-assembly: Trying to load shared library '/data/data/VinhKhanhGuide.App/files/.__override__/System.Security.Cryptography.dll.so'
04-04 18:40:07.967 28676 28676 I monodroid-assembly: Shared library '/data/data/VinhKhanhGuide.App/files/.__override__/System.Security.Cryptography.dll.so' not found
04-04 18:40:07.967 28676 28676 I monodroid-assembly: open_from_update_dir: loaded assembly: 0xb400007c4c068f60
04-04 18:40:07.968 28676 28676 D monodroid-assembly: individual_assemblies_open_from_bundles: looking for bundled name: 'System.Collections.NonGeneric.dll'
04-04 18:40:07.968 28676 28676 W monodroid-assembly: open_from_bundles: failed to load assembly System.Collections.NonGeneric.dll
04-04 18:40:07.968 28676 28676 I monodroid-assembly: open_from_update_dir: trying to open assembly: /data/user/0/VinhKhanhGuide.App/files/.__override__/System.Collections.NonGeneric.dll
04-04 18:40:07.969 28676 28676 D monodroid-assembly: monodroid_dlopen: hash for name '/data/data/VinhKhanhGuide.App/files/.__override__/System.Collections.NonGeneric.dll.so' is 0x1b86652dd1f8d523
04-04 18:40:07.969 28676 28676 D monodroid-assembly: monodroid_dlopen: hash match not found, DSO name is '<unknown>'
04-04 18:40:07.969 28676 28676 I monodroid-assembly: Trying to load shared library '/data/data/VinhKhanhGuide.App/files/.__override__/System.Collections.NonGeneric.dll.so'
04-04 18:40:07.969 28676 28676 I monodroid-assembly: Shared library '/data/data/VinhKhanhGuide.App/files/.__override__/System.Collections.NonGeneric.dll.so' not found
04-04 18:40:07.969 28676 28676 I monodroid-assembly: open_from_update_dir: loaded assembly: 0xb400007c4c0694e0
04-04 18:40:07.988 28676 28676 D DesktopModeFlags: Toggle override initialized to: OVERRIDE_UNSET
04-04 18:40:07.990 28676 28676 D monodroid: typemap: Java type 'android/graphics/Rect' corresponds to managed type 'Android.Graphics.Rect, Mono.Android'
04-04 18:40:07.990 28676 28676 I monodroid-timing: [1/5] Typemap.java_to_managed: end, total time; elapsed: 0:0::18458
04-04 18:40:07.992 28676 28676 D monodroid: typemap: Java type 'java/lang/String' corresponds to managed type 'Java.Lang.String, Mono.Android'
04-04 18:40:07.992 28676 28676 I monodroid-timing: [1/5] Typemap.java_to_managed: end, total time; elapsed: 0:0::16333
04-04 18:40:07.992 28676 28676 D monodroid-assembly: individual_assemblies_open_from_bundles: looking for bundled name: 'Xamarin.AndroidX.CoordinatorLayout.dll'
04-04 18:40:07.992 28676 28676 W monodroid-assembly: open_from_bundles: failed to load assembly Xamarin.AndroidX.CoordinatorLayout.dll
04-04 18:40:07.992 28676 28676 I monodroid-assembly: open_from_update_dir: trying to open assembly: /data/user/0/VinhKhanhGuide.App/files/.__override__/Xamarin.AndroidX.CoordinatorLayout.dll
04-04 18:40:07.994 28676 28676 D monodroid-assembly: monodroid_dlopen: hash for name '/data/data/VinhKhanhGuide.App/files/.__override__/Xamarin.AndroidX.CoordinatorLayout.dll.so' is 0x7307c6e548fe740e
04-04 18:40:07.994 28676 28676 D monodroid-assembly: monodroid_dlopen: hash match not found, DSO name is '<unknown>'
04-04 18:40:07.994 28676 28676 I monodroid-assembly: Trying to load shared library '/data/data/VinhKhanhGuide.App/files/.__override__/Xamarin.AndroidX.CoordinatorLayout.dll.so'
04-04 18:40:07.994 28676 28676 I monodroid-assembly: Shared library '/data/data/VinhKhanhGuide.App/files/.__override__/Xamarin.AndroidX.CoordinatorLayout.dll.so' not found
04-04 18:40:07.994 28676 28676 I monodroid-assembly: open_from_update_dir: loaded assembly: 0xb400007c4c064260
04-04 18:40:07.996 28676 28676 I monodroid-timing: [1/6] Typemap.managed_to_java: end, total time; elapsed: 0:0::4542
04-04 18:40:07.996 28676 28676 I monodroid-timing: [1/6] Typemap.managed_to_java: end, total time; elapsed: 0:0::1416
04-04 18:40:07.996 28676 28676 I monodroid-timing: [1/10] Runtime.register: end time. Registered type: Microsoft.Maui.Platform.ContainerView, Microsoft.Maui; elapsed: 0:0::71833
04-04 18:40:08.010 28676 28676 I monodroid-timing: [1/6] Typemap.managed_to_java: end, total time; elapsed: 0:0::4708
04-04 18:40:08.012 28676 28676 I monodroid-timing: [1/6] Typemap.managed_to_java: end, total time; elapsed: 0:0::3958
04-04 18:40:08.013 28676 28676 I monodroid-timing: [1/10] Runtime.register: end time. Registered type: Microsoft.Maui.Controls.Platform.Compatibility.ShellFlyoutRenderer, Microsoft.Maui.Controls; elapsed: 0:1::461333
04-04 18:40:08.019 28676 28676 I monodroid-timing: [1/6] Typemap.managed_to_java: end, total time; elapsed: 0:0::602542
04-04 18:40:08.019 28676 28676 I monodroid-timing: [1/10] Runtime.register: end time. Registered type: AndroidX.DrawerLayout.Widget.DrawerLayout+IDrawerListenerImplementor, Xamarin.AndroidX.DrawerLayout; elapsed: 0:1::265166
04-04 18:40:08.020 28676 28676 I monodroid-timing: [1/6] Typemap.managed_to_java: end, total time; elapsed: 0:0::2500
04-04 18:40:08.020 28676 28676 I monodroid-timing: [1/6] Typemap.managed_to_java: end, total time; elapsed: 0:0::1125
04-04 18:40:08.020 28676 28676 I monodroid-timing: [1/10] Runtime.register: end time. Registered type: Microsoft.Maui.Controls.Platform.Compatibility.CustomFrameLayout, Microsoft.Maui.Controls; elapsed: 0:0::481375
04-04 18:40:08.025 28676 28676 I monodroid-assembly: typemap: unable to find mapping to a managed type from Java type 'androidx/fragment/app/FragmentManagerImpl'
04-04 18:40:08.025 28676 28676 I monodroid-timing: [1/5] Typemap.java_to_managed: end, total time; elapsed: 0:0::114334
04-04 18:40:08.027 28676 28676 W monodroid-assembly: typemap: called from
04-04 18:40:08.027 28676 28676 W monodroid-assembly: at Java.Interop.TypeManager.GetJavaToManagedType(String class_name)
04-04 18:40:08.027 28676 28676 W monodroid-assembly:    at Java.Interop.TypeManager.CreateInstance(IntPtr handle, JniHandleOwnership transfer, Type targetType)
04-04 18:40:08.027 28676 28676 W monodroid-assembly:    at Java.Lang.Object.GetObject(IntPtr handle, JniHandleOwnership transfer, Type type)
04-04 18:40:08.027 28676 28676 W monodroid-assembly:    at Java.Lang.Object._GetObject[FragmentManager](IntPtr handle, JniHandleOwnership transfer)
04-04 18:40:08.027 28676 28676 W monodroid-assembly:    at Java.Lang.Object.GetObject[FragmentManager](IntPtr handle, JniHandleOwnership transfer)
04-04 18:40:08.027 28676 28676 W monodroid-assembly:    at AndroidX.Fragment.App.FragmentActivity.get_SupportFragmentManager()
