--------- beginning of system
04-07 18:12:34.526   708  1835 I ActivityManager: Force stopping VinhKhanhGuide.App appid=10223 user=0: from pid 21262
04-07 18:12:34.530   708   913 I AppWidgetServiceImpl: Received broadcast: android.intent.action.PACKAGE_RESTARTED on user 0
04-07 18:12:34.533   708   913 I AppWidgetServiceImpl: Updating package stopped masked state for uid 10223 package VinhKhanhGuide.App isStopped true
--------- beginning of main
04-07 18:12:34.533  1124  1124 D CarrierSvcBindHelper: onHandleForceStop: [VinhKhanhGuide.App]
04-07 18:12:34.534  1124  1124 D CarrierSvcBindHelper: No carrier app for: 0
04-07 18:12:34.534   708   845 I system_server: AssetManager2(0xb400007c3c078038) locale list changing from [] to [en-US]
04-07 18:12:34.539   708   845 I system_server: AssetManager2(0xb400007c3c065438) locale list changing from [] to [en-US]
04-07 18:12:34.797   708  1835 W ActivityTaskManager: callingPackage for (uid=0, pid=21262) has no WPC
04-07 18:12:34.809   708  1835 I system_server: AssetManager2(0xb400007c3c12c178) locale list changing from [] to [en-US]
04-07 18:12:34.814   708  1835 V GrammaticalInflectionUtils: AttributionSource: AttributionSource { uid = 10223, packageName = null, attributionTag = null, token = android.os.Binder@5521a3a, deviceId = 0, next = null } does not have READ_SYSTEM_GRAMMATICAL_GENDER permission.
04-07 18:12:34.816   708  1835 W OptProp : Cannot read opt property android.window.PROPERTY_COMPAT_ALLOW_USER_ASPECT_RATIO_OVERRIDE
04-07 18:12:34.816   708  1835 W OptProp : Cannot read opt property android.window.PROPERTY_COMPAT_ALLOW_USER_ASPECT_RATIO_FULLSCREEN_OVERRIDE
04-07 18:12:34.817   708  1835 W OptProp : Cannot read opt property android.window.PROPERTY_COMPAT_ALLOW_RESIZEABLE_ACTIVITY_OVERRIDES
04-07 18:12:34.818   708  1835 W OptProp : Cannot read opt property android.window.PROPERTY_COMPAT_ALLOW_MIN_ASPECT_RATIO_OVERRIDE
04-07 18:12:34.823   708  1835 W OptProp : Cannot read opt property android.window.PROPERTY_COMPAT_ALLOW_ORIENTATION_OVERRIDE
04-07 18:12:34.824   530   556 I BpBinder: onLastStrongRef automatically unlinking death recipients: 
04-07 18:12:34.825   708  1835 V SplashScreenExceptionList: SplashScreen checking exception for package VinhKhanhGuide.App (target sdk:34) -> false
04-07 18:12:34.828   708  1835 I ActivityTaskManager: START u0 {flg=0x10000000 xflg=0x4 cmp=VinhKhanhGuide.App/crc649a39ab0c1526a4d0.MainActivity} with LAUNCH_SINGLE_TOP from uid 0 (BAL_ALLOW_ALLOWLISTED_UID) result code=0
04-07 18:12:34.828   989  1176 I ndroid.systemui: AssetManager2(0xb400007c3c0983d8) locale list changing from [] to [en-US]
04-07 18:12:34.829   989  1077 V WindowManagerShell: Transition requested (#237): android.os.BinderProxy@38f45cb TransitionRequestInfo { type = OPEN, triggerTask = TaskInfo{userId=0 taskId=155 effectiveUid=10223 displayId=0 isRunning=true baseIntent=Intent { flg=0x10000000 cmp=VinhKhanhGuide.App/crc649a39ab0c1526a4d0.MainActivity } baseActivity=ComponentInfo{VinhKhanhGuide.App/crc649a39ab0c1526a4d0.MainActivity} topActivity=ComponentInfo{VinhKhanhGuide.App/crc649a39ab0c1526a4d0.MainActivity} origActivity=null realActivity=ComponentInfo{VinhKhanhGuide.App/crc649a39ab0c1526a4d0.MainActivity} numActivities=1 lastActiveTime=114159168 supportsMultiWindow=true resizeMode=1 isResizeable=true minWidth=-1 minHeight=-1 defaultMinSize=220 token=WCT{android.window.IWindowContainerToken$Stub$Proxy@146c1a8} topActivityType=1 pictureInPictureParams=null shouldDockBigOverlays=false launchIntoPipHostTaskId=-1 lastParentTaskIdBeforePip=-1 displayCutoutSafeInsets=Rect(0, 128 - 0, 0) topActivityInfo=ActivityInfo{a11d4c1 crc649a39ab0c1526a4d0.MainActivity} launchCookies=[] positionInParent=Point(0, 0) parentTaskId=-1 isFocused=false isVisible=false isVisibleRequested=false isTopActivityNoDisplay=false isSleeping=false locusId=null displayAreaFeatureId=1 isTopActivityTransparent=false isActivityStackTransparent=false lastNonFullscreenBounds=Rect(276, 692 - 804, 1772) capturedLink=null capturedLinkTimestamp=0 requestedVisibleTypes=-9 topActivityRequestOpenInBrowserEducationTimestamp=0 appCompatTaskInfo=AppCompatTaskInfo { topActivityInSizeCompat=false eligibleForLetterboxEducation= false isLetterboxEducationEnabled= true isLetterboxDoubleTapEnabled= false eligibleForUserAspectRatioButton= false topActivityBoundsLetterboxed= false isFromLetterboxDoubleTap= false topActivityLetterboxVerticalPosition= -1 topActivityLetterboxHorizontalPosition= -1 topActivityLetterboxWidth=-1 topActivityLetterboxHeight=-1 topActivityAppBounds=Rect(0, 128 - 1080, 2337) isUserFullscreenOverrideEnabled=false isSystemFullscreenOverrideEnabled=false hasMinAspectRatioOverride=false topActivityLetterboxBounds=null cameraCompatTaskInfo=CameraCompatTaskInfo { freeformCameraCompatMode=inactive}} topActivityMainWindowFrame=null}, pipChange = null, remoteTransition = null, displayChange = null, flags = 0, debugId = 237 }
04-07 18:12:34.829   989  1077 D ShellSplitScreen: logExit: no-op, mLoggerSessionId is null
04-07 18:12:34.832  1138  1138 W SplitSelectStateCtor: Missing session instanceIds
04-07 18:12:34.832  1138  1138 D StatsLog: LAUNCHER_SPLIT_SELECTION_EXIT_INTERRUPTED
04-07 18:12:34.833   530   530 I BpBinder: onLastStrongRef automatically unlinking death recipients: 
04-07 18:12:34.833   989  1077 D WindowManagerShell: setLauncherKeepClearAreaHeight: visible=false, height=527
04-07 18:12:34.837   708   742 V GrammaticalInflectionUtils: AttributionSource: AttributionSource { uid = 10223, packageName = null, attributionTag = null, token = android.os.Binder@5521a3a, deviceId = 0, next = null } does not have READ_SYSTEM_GRAMMATICAL_GENDER permission.
04-07 18:12:34.843   989  1177 W HWUI    : Image decoding logging dropped!
04-07 18:12:34.846   708   936 D BackgroundInstallControlService: Package event received: 0
04-07 18:12:34.846   708   913 I AppWidgetServiceImpl: Received broadcast: android.intent.action.PACKAGE_UNSTOPPED on user 0
04-07 18:12:34.846   708   913 I AppWidgetServiceImpl: Updating package stopped masked state for uid 10223 package VinhKhanhGuide.App isStopped false
04-07 18:12:34.846   605  2298 W IPCThreadState: Sending oneway calls to frozen process.
04-07 18:12:34.848   989  1177 D SplashScreenView: Build android.window.SplashScreenView{96dadb5 V.E...... ......ID 0,0-0,0}
04-07 18:12:34.848   989  1177 D SplashScreenView: Icon: view: android.widget.ImageView{d9e4c4a V.ED..... ......I. 0,0-0,0 #1020542 android:id/splashscreen_icon_view} drawable: com.android.wm.shell.startingsurface.SplashscreenIconDrawableFactory$ImmobileIconDrawable@2e137bb size: 504
04-07 18:12:34.848   989  1177 D SplashScreenView: Branding: view: android.view.View{e81e4d8 G.ED..... ......I. 0,0-0,0 #1020541 android:id/splashscreen_branding_view} drawable: null size w: 0 h: 0
04-07 18:12:34.852   457   457 D Zygote  : Forked child process 21265
04-07 18:12:34.853   454   510 I netd    : tetherGetStats() -> {[]} <0.48ms>
04-07 18:12:34.855   708   749 I ActivityManager: Start proc 21265:VinhKhanhGuide.App/u0a223 for next-top-activity {VinhKhanhGuide.App/crc649a39ab0c1526a4d0.MainActivity}
04-07 18:12:34.855   708   749 I ActivityManager: ProcessObserver broadcast disabled
04-07 18:12:34.861   708  1067 D CoreBackPreview: Window{afdfd16 u0 Splash Screen VinhKhanhGuide.App}: Setting back callback OnBackInvokedCallbackInfo{mCallback=android.window.IOnBackInvokedCallback$Stub$Proxy@e1cfc1c, mPriority=0, mIsAnimationCallback=false, mOverrideBehavior=0}
04-07 18:12:34.866 21265 21265 I hKhanhGuide.App: Late-enabling -Xcheck:jni
04-07 18:12:34.872   708   739 V WindowManager: Sent Transition (#237) createdAt=04-07 18:12:34.819 via request=TransitionRequestInfo { type = OPEN, triggerTask = TaskInfo{userId=0 taskId=155 effectiveUid=10223 displayId=0 isRunning=true baseIntent=Intent { flg=0x10000000 cmp=VinhKhanhGuide.App/crc649a39ab0c1526a4d0.MainActivity } baseActivity=ComponentInfo{VinhKhanhGuide.App/crc649a39ab0c1526a4d0.MainActivity} topActivity=ComponentInfo{VinhKhanhGuide.App/crc649a39ab0c1526a4d0.MainActivity} origActivity=null realActivity=ComponentInfo{VinhKhanhGuide.App/crc649a39ab0c1526a4d0.MainActivity} numActivities=1 lastActiveTime=114159168 supportsMultiWindow=true resizeMode=1 isResizeable=true minWidth=-1 minHeight=-1 defaultMinSize=220 token=WCT{RemoteToken{80bbe08 Task{9b3bfec #155 type=standard A=10223:VinhKhanhGuide.App}}} topActivityType=1 pictureInPictureParams=null shouldDockBigOverlays=false launchIntoPipHostTaskId=-1 lastParentTaskIdBeforePip=-1 displayCutoutSafeInsets=Rect(0, 128 - 0, 0) topActivityInfo=ActivityInfo{20dd7c6 crc649a39ab0c1526a4d0.MainActivity} launchCookies=[] positionInParent=Point(0, 0) parentTaskId=-1 isFocused=false isVisible=false isVisibleRequested=false isTopActivityNoDisplay=false isSleeping=false locusId=null displayAreaFeatureId=1 isTopActivityTransparent=false isActivityStackTransparent=false lastNonFullscreenBounds=Rect(276, 692 - 804, 1772) capturedLink=null capturedLinkTimestamp=0 requestedVisibleTypes=-9 topActivityRequestOpenInBrowserEducationTimestamp=0 appCompatTaskInfo=AppCompatTaskInfo { topActivityInSizeCompat=false eligibleForLetterboxEducation= false isLetterboxEducationEnabled= true isLetterboxDoubleTapEnabled= false eligibleForUserAspectRatioButton= false topActivityBoundsLetterboxed= false isFromLetterboxDoubleTap= false topActivityLetterboxVerticalPosition= -1 topActivityLetterboxHorizontalPosition= -1 topActivityLetterboxWidth=-1 topActivityLetterboxHeight=-1 topActivityAppBounds=Rect(0, 128 - 1080, 2337) isUserFullscreenOverrideEnabled=false isSystemFullscreenOverrideEnabled=false hasMinAspectRatioOverride=false topActivityLetterboxBounds=null cameraCompatTaskInfo=CameraCompatTaskInfo { freeformCameraCompatMode=inactive}} topActivityMainWindowFrame=null}, pipChange = null, remoteTransition = null, displayChange = null, flags = 0, debugId = 237 }
04-07 18:12:34.872   708   739 V WindowManager:     startWCT=WindowContainerTransaction { changes= {} hops= [] errorCallbackToken=null taskFragmentOrganizer=null }
04-07 18:12:34.872   708   739 V WindowManager:     info={id=237 t=OPEN f=0x0 trk=0 r=[0@Point(0, 0)] c=[
04-07 18:12:34.872   708   739 V WindowManager:         {WCT{RemoteToken{80bbe08 Task{9b3bfec #155 type=standard A=10223:VinhKhanhGuide.App}}} m=OPEN f=NONE leash=Surface(name=Task=155)/@0xd01025 sb=Rect(0, 0 - 1080, 2400) eb=Rect(0, 0 - 1080, 2400) epz=Point(1080, 2400) d=0 taskParent=-1},
04-07 18:12:34.872   708   739 V WindowManager:         {WCT{RemoteToken{1f01da3 Task{a526d7d #1 type=home}}} m=TO_BACK f=SHOW_WALLPAPER leash=Surface(name=Task=1)/@0xbe2547a sb=Rect(0, 0 - 1080, 2400) eb=Rect(0, 0 - 1080, 2400) epz=Point(1080, 2400) d=0 taskParent=-1},
04-07 18:12:34.872   708   739 V WindowManager:         {m=TO_BACK f=IS_WALLPAPER leash=Surface(name=WallpaperWindowToken{73064a2 showWhenLocked=false})/@0x878f8a5 sb=Rect(0, 0 - 1080, 2400) eb=Rect(0, 0 - 1080, 2400) epz=Point(1080, 2400) d=0}
04-07 18:12:34.872   708   739 V WindowManager:     ]}
04-07 18:12:34.873   989 14223 V WindowManagerShell: onTransitionReady(transaction=3040836856550)
04-07 18:12:34.873   989  1077 V WindowManagerShell: onTransitionReady (#237) android.os.BinderProxy@38f45cb: {id=237 t=OPEN f=0x0 trk=0 r=[0@Point(0, 0)] c=[
04-07 18:12:34.873   989  1077 V WindowManagerShell:         {m=OPEN f=NONE leash=Surface(name=Task=155)/@0x27a121c sb=Rect(0, 0 - 1080, 2400) eb=Rect(0, 0 - 1080, 2400) epz=Point(1080, 2400) d=0 taskParent=-1},
04-07 18:12:34.873   989  1077 V WindowManagerShell:         {m=TO_BACK f=SHOW_WALLPAPER leash=Surface(name=Task=1)/@0xd266e25 sb=Rect(0, 0 - 1080, 2400) eb=Rect(0, 0 - 1080, 2400) epz=Point(1080, 2400) d=0 taskParent=-1},
04-07 18:12:34.873   989  1077 V WindowManagerShell:         {m=TO_BACK f=IS_WALLPAPER leash=Surface(name=WallpaperWindowToken{73064a2 showWhenLocked=false})/@0x48a5bfa sb=Rect(0, 0 - 1080, 2400) eb=Rect(0, 0 - 1080, 2400) epz=Point(1080, 2400) d=0}
04-07 18:12:34.873   989  1077 V WindowManagerShell:     ]}
04-07 18:12:34.873   989  1077 V WindowManagerShell: Playing animation for (#237) android.os.BinderProxy@38f45cb@0
04-07 18:12:34.873   989  1077 V ShellRecents: RecentsTransitionHandler.startAnimation: no controller found
04-07 18:12:34.873   989  1077 V WindowManagerShell: Transition doesn't have explicit remote, search filters for match for {id=237 t=OPEN f=0x0 trk=0 r=[0@Point(0, 0)] c=[{m=OPEN f=NONE leash=Surface(name=Task=155)/@0x27a121c sb=Rect(0, 0 - 1080, 2400) eb=Rect(0, 0 - 1080, 2400) epz=Point(1080, 2400) d=0 taskParent=-1},{m=TO_BACK f=SHOW_WALLPAPER leash=Surface(name=Task=1)/@0xd266e25 sb=Rect(0, 0 - 1080, 2400) eb=Rect(0, 0 - 1080, 2400) epz=Point(1080, 2400) d=0 taskParent=-1},{m=TO_BACK f=IS_WALLPAPER leash=Surface(name=WallpaperWindowToken{73064a2 showWhenLocked=false})/@0x48a5bfa sb=Rect(0, 0 - 1080, 2400) eb=Rect(0, 0 - 1080, 2400) epz=Point(1080, 2400) d=0}]}
04-07 18:12:34.873   989  1077 V WindowManagerShell:  Checking filter Pair{{types=[] flags=0x0] notFlags=0x0 checks=[{atype=undefined independent=true modes=[CLOSE,TO_BACK] flags=IN_TASK_WITH_EMBEDDED_ACTIVITY mustBeTask=false order=ANY topActivity=null launchCookie=null taskFragmentToken=android.os.BinderProxy@9c6896f windowingMode=undefined}]} RemoteTransition { remoteTransition = android.window.IRemoteTransition$Stub$Proxy@242867c, appThread = android.app.IApplicationThread$Stub$Proxy@b353b05, debugName = overlayBackTransition }}
04-07 18:12:34.873   989  1077 V WindowManagerShell:  Checking filter Pair{{types=[] flags=0x0] notFlags=0x0 checks=[{atype=dream independent=true modes=[OPEN,TO_FRONT] flags=NONE mustBeTask=false order=ANY topActivity=null launchCookie=null windowingMode=undefined},{atype=home independent=true modes=[CLOSE,TO_BACK] flags=NONE mustBeTask=false order=ANY topActivity=null launchCookie=null windowingMode=undefined}]} RemoteTransition { remoteTransition = android.window.IRemoteTransition$Stub$Proxy@883d75a, appThread = android.app.IApplicationThread$Stub$Proxy@55c4d8b, debugName = LauncherToDream }}
04-07 18:12:34.873   989  1077 V WindowManagerShell:  Checking filter Pair{{types=[] flags=0x0] notFlags=0x100 checks=[{atype=home independent=true modes=[OPEN,TO_FRONT] flags=NONE mustBeTask=false order=TOP topActivity=ComponentInfo{com.google.android.apps.nexuslauncher/com.google.android.apps.nexuslauncher.NexusLauncherActivity} launchCookie=null windowingMode=undefined},{atype=standard independent=true modes=[CLOSE,TO_BACK] flags=NONE mustBeTask=false order=ANY topActivity=null launchCookie=null windowingMode=undefined},{NOT atype=undefined independent=true modes=[] flags=NONE mustBeTask=true order=ANY topActivity=null launchCookie=null customAnim=true windowingMode=undefined}]} RemoteTransition { remoteTransition = android.window.IRemoteTransition$Stub$Proxy@c6f8e68, appThread = android.app.IApplicationThread$Stub$Proxy@5538281, debugName = QuickstepLaunchHome }}
04-07 18:12:34.873   989  1077 V WindowManagerShell:  Delegate animation for (#237) to null
04-07 18:12:34.873   989  1077 V WindowManagerShell: start default transition animation, info = {id=237 t=OPEN f=0x0 trk=0 r=[0@Point(0, 0)] c=[{m=OPEN f=NONE leash=Surface(name=Task=155)/@0x27a121c sb=Rect(0, 0 - 1080, 2400) eb=Rect(0, 0 - 1080, 2400) epz=Point(1080, 2400) d=0 taskParent=-1},{m=TO_BACK f=SHOW_WALLPAPER leash=Surface(name=Task=1)/@0xd266e25 sb=Rect(0, 0 - 1080, 2400) eb=Rect(0, 0 - 1080, 2400) epz=Point(1080, 2400) d=0 taskParent=-1},{m=TO_BACK f=IS_WALLPAPER leash=Surface(name=WallpaperWindowToken{73064a2 showWhenLocked=false})/@0x48a5bfa sb=Rect(0, 0 - 1080, 2400) eb=Rect(0, 0 - 1080, 2400) epz=Point(1080, 2400) d=0}]}
04-07 18:12:34.874   989  1077 V WindowManagerShell: loadAnimation: anim=android.view.animation.AnimationSet@b123dc6 animAttr=0x13 type=OPEN isEntrance=false
04-07 18:12:34.877   989  1077 V WindowManagerShell: loadAnimation: anim=android.view.animation.AnimationSet@5e47052 animAttr=0x12 type=OPEN isEntrance=true
04-07 18:12:34.877   989  1077 V WindowManagerShell:  animated by com.android.wm.shell.transition.DefaultTransitionHandler@5f3ef33
04-07 18:12:34.893 21265 21265 I hKhanhGuide.App: Using CollectorTypeCMC GC.
04-07 18:12:34.924 22396 22403 I adbd    : jdwp connection from 21265
04-07 18:12:34.974 21265 21265 D nativeloader: Load libframework-connectivity-tiramisu-jni.so using APEX ns com_android_tethering for caller /apex/com.android.tethering/javalib/framework-connectivity-t.jar: ok
04-07 18:12:35.007   708   936 D BackgroundInstallControlService: Package event received: 0
04-07 18:12:35.022 21265 21265 D CompatChangeReporter: Compat change id reported: 242716250; UID 10223; state: ENABLED
04-07 18:12:35.050 21265 21265 D ApplicationLoaders: Returning zygote-cached class loader: /system_ext/framework/androidx.window.extensions.jar
04-07 18:12:35.051 21265 21265 D ApplicationLoaders: Returning zygote-cached class loader: /system_ext/framework/androidx.window.sidecar.jar
04-07 18:12:35.167   989  1077 V WindowManagerShell: Transition animation finished (aborted=false), notifying core (#237) android.os.BinderProxy@38f45cb@0
04-07 18:12:35.168   708   739 V WindowManager: Finish Transition (#237): created at 04-07 18:12:34.819 collect-started=0.098ms request-sent=9.05ms started=10.898ms ready=52.472ms sent=53.117ms commit=11.946ms finished=349.165ms
04-07 18:12:35.169   989  1077 V WindowManagerShell: Track 0 became idle
04-07 18:12:35.169   989  1077 V WindowManagerShell: All active transition animations finished
04-07 18:12:35.169  1138  1138 D VRI[NexusLauncherActivity]: visibilityChanged oldVisibility=true newVisibility=false
04-07 18:12:35.178 21265 21265 D nativeloader: Configuring clns-9 for other apk /data/app/~~mN9w75ULpZdsXJRCCFDSHw==/VinhKhanhGuide.App-kLIMkwqOd3jIvgny5ReeNQ==/base.apk. target_sdk_version=34, uses_libraries=, library_path=/data/app/~~mN9w75ULpZdsXJRCCFDSHw==/VinhKhanhGuide.App-kLIMkwqOd3jIvgny5ReeNQ==/lib/arm64:/data/app/~~mN9w75ULpZdsXJRCCFDSHw==/VinhKhanhGuide.App-kLIMkwqOd3jIvgny5ReeNQ==/base.apk!/lib/arm64-v8a, permitted_path=/data:/mnt/expand:/data/user/0/VinhKhanhGuide.App
04-07 18:12:35.182  1138  1138 D NexusLauncherModelDelegate: notifySmartspaceEvent: SmartspaceTargetEvent{mSmartspaceTarget=null, mSmartspaceActionId='null', mEventType=7}
04-07 18:12:35.187 21265 21265 I hKhanhGuide.App: AssetManager2(0xb400007c3c04b498) locale list changing from [] to [en-US]
04-07 18:12:35.200 21265 21265 V GraphicsEnvironment: Currently set values for:
04-07 18:12:35.200 21265 21265 V GraphicsEnvironment:   angle_gl_driver_selection_pkgs=[]
04-07 18:12:35.200 21265 21265 V GraphicsEnvironment:   angle_gl_driver_selection_values=[]
04-07 18:12:35.200 21265 21265 V GraphicsEnvironment: VinhKhanhGuide.App is not listed in per-application setting
04-07 18:12:35.200 21265 21265 V GraphicsEnvironment: ANGLE allowlist from config: com.dreamgames.royalmatch com.dts.freefiremax com.dxx.firenow com.gramgames.mergedragons com.ludo.king com.mojang.minecraftpe com.my.defense com.nintendo.zaka com.os.airforce com.playrix.fishdomdd.gplay io.teslatech.callbreak jp.konami.prospia net.peakgames.toonblast
04-07 18:12:35.200 21265 21265 V GraphicsEnvironment: VinhKhanhGuide.App is not listed in ANGLE allowlist or settings, returning default
04-07 18:12:35.201 21265 21265 V GraphicsEnvironment: Neither updatable production driver nor prerelease driver is supported.
04-07 18:12:35.207   708  1067 D CompatChangeReporter: Compat change id reported: 161145287; UID 10223; state: ENABLED
04-07 18:12:35.215 21265 21265 D nativeloader: Load /data/app/~~mN9w75ULpZdsXJRCCFDSHw==/VinhKhanhGuide.App-kLIMkwqOd3jIvgny5ReeNQ==/lib/arm64/libxamarin-debug-app-helper.so using class loader ns clns-9 (caller=/data/app/~~mN9w75ULpZdsXJRCCFDSHw==/VinhKhanhGuide.App-kLIMkwqOd3jIvgny5ReeNQ==/base.apk!classes2.dex): ok
04-07 18:12:35.215 21265 21265 D debug-app-helper: Checking if libmonodroid was unpacked to /data/app/~~mN9w75ULpZdsXJRCCFDSHw==/VinhKhanhGuide.App-kLIMkwqOd3jIvgny5ReeNQ==/lib/arm64/libmonodroid.so
04-07 18:12:35.215 21265 21265 D debug-app-helper: Native libs extracted to /data/app/~~mN9w75ULpZdsXJRCCFDSHw==/VinhKhanhGuide.App-kLIMkwqOd3jIvgny5ReeNQ==/lib/arm64, assuming application/android:extractNativeLibs == true
04-07 18:12:35.215 21265 21265 I debug-app-helper: Setting up for DSO lookup in app data directories
04-07 18:12:35.215 21265 21265 D debug-app-helper: Added filesystem DSO lookup location: /data/app/~~mN9w75ULpZdsXJRCCFDSHw==/VinhKhanhGuide.App-kLIMkwqOd3jIvgny5ReeNQ==/lib/arm64
04-07 18:12:35.215 21265 21265 W debug-app-helper: Using runtime path: /data/app/~~mN9w75ULpZdsXJRCCFDSHw==/VinhKhanhGuide.App-kLIMkwqOd3jIvgny5ReeNQ==/lib/arm64
04-07 18:12:35.215 21265 21265 W debug-app-helper: checking directory: `/data/user/0/VinhKhanhGuide.App/files/.__override__/lib`
04-07 18:12:35.216 21265 21265 W debug-app-helper: directory does not exist: `/data/user/0/VinhKhanhGuide.App/files/.__override__/lib`
04-07 18:12:35.216 21265 21265 W debug-app-helper: Checking whether Mono runtime exists at: /data/user/0/VinhKhanhGuide.App/files/.__override__/libmonosgen-2.0.so
04-07 18:12:35.216 21265 21265 W debug-app-helper: Checking whether Mono runtime exists at: /data/app/~~mN9w75ULpZdsXJRCCFDSHw==/VinhKhanhGuide.App-kLIMkwqOd3jIvgny5ReeNQ==/lib/arm64/libmonosgen-2.0.so
04-07 18:12:35.216 21265 21265 I debug-app-helper: Mono runtime found at: /data/app/~~mN9w75ULpZdsXJRCCFDSHw==/VinhKhanhGuide.App-kLIMkwqOd3jIvgny5ReeNQ==/lib/arm64/libmonosgen-2.0.so
04-07 18:12:35.219 21265 21265 W hKhanhGuide.App: Attempt to remove non-JNI local reference
04-07 18:12:35.225 21265 21265 D nativeloader: Load /data/app/~~mN9w75ULpZdsXJRCCFDSHw==/VinhKhanhGuide.App-kLIMkwqOd3jIvgny5ReeNQ==/lib/arm64/libxamarin-app.so using class loader ns clns-9 (caller=/data/app/~~mN9w75ULpZdsXJRCCFDSHw==/VinhKhanhGuide.App-kLIMkwqOd3jIvgny5ReeNQ==/base.apk!classes2.dex): ok
04-07 18:12:35.227 21265 21265 D nativeloader: Load /data/app/~~mN9w75ULpZdsXJRCCFDSHw==/VinhKhanhGuide.App-kLIMkwqOd3jIvgny5ReeNQ==/lib/arm64/libSystem.Security.Cryptography.Native.Android.so using class loader ns clns-9 (caller=/data/app/~~mN9w75ULpZdsXJRCCFDSHw==/VinhKhanhGuide.App-kLIMkwqOd3jIvgny5ReeNQ==/base.apk!classes2.dex): ok
04-07 18:12:35.227 21265 21265 I DOTNET  : JNI_OnLoad: JNI_OnLoad in pal_jni.c
04-07 18:12:35.228 21265 21265 D DOTNET  : GetOptionalClassGRef: optional class com/android/org/conscrypt/OpenSSLEngineImpl was not found
04-07 18:12:35.231 21265 21265 D nativeloader: Load /data/app/~~mN9w75ULpZdsXJRCCFDSHw==/VinhKhanhGuide.App-kLIMkwqOd3jIvgny5ReeNQ==/lib/arm64/libmonodroid.so using class loader ns clns-9 (caller=/data/app/~~mN9w75ULpZdsXJRCCFDSHw==/VinhKhanhGuide.App-kLIMkwqOd3jIvgny5ReeNQ==/base.apk!classes2.dex): ok
04-07 18:12:35.231 21265 21265 I monodroid-timing: [0/4] XATiming: init time; elapsed: 0:0::11000
04-07 18:12:35.234 21265 21265 D monodroid-assembly: Checking if libmonodroid was unpacked to /data/app/~~mN9w75ULpZdsXJRCCFDSHw==/VinhKhanhGuide.App-kLIMkwqOd3jIvgny5ReeNQ==/lib/arm64/libmonodroid.so
04-07 18:12:35.234 21265 21265 D monodroid-assembly: Native libs extracted to /data/app/~~mN9w75ULpZdsXJRCCFDSHw==/VinhKhanhGuide.App-kLIMkwqOd3jIvgny5ReeNQ==/lib/arm64, assuming application/android:extractNativeLibs == true
04-07 18:12:35.234 21265 21265 I monodroid: Generated hash 0x4445f082 for package name VinhKhanhGuide.App
04-07 18:12:35.234 21265 21265 I monodroid: Mono AOT mode: interp
04-07 18:12:35.234 21265 21265 I monodroid: Setting environment variable 'DOTNET_MODIFIABLE_ASSEMBLIES' to 'Debug'
04-07 18:12:35.235 21265 21265 I monodroid: Setting environment variable 'MONO_GC_PARAMS' to 'major=marksweep-conc'
04-07 18:12:35.235 21265 21265 I monodroid: Setting environment variable 'MONO_LOG_LEVEL' to 'info'
04-07 18:12:35.236 21265 21265 I monodroid: Setting environment variable 'XAMARIN_BUILD_ID' to '8f2143d9-718a-400d-adab-c4ee5ef0a253'
04-07 18:12:35.236 21265 21265 I monodroid: Setting environment variable 'XA_HTTP_CLIENT_HANDLER_TYPE' to 'Xamarin.Android.Net.AndroidMessageHandler'
04-07 18:12:35.236 21265 21265 I monodroid: Setting environment variable '__XA_PACKAGE_NAMING_POLICY__' to 'LowercaseCrc64'
04-07 18:12:35.236 21265 21265 I monodroid: Creating XDG directory: /data/user/0/VinhKhanhGuide.App/files/.local/share
04-07 18:12:35.237 21265 21265 I monodroid: Creating XDG directory: /data/user/0/VinhKhanhGuide.App/files/.config
04-07 18:12:35.237 21265 21265 I monodroid: Setting up for DSO lookup in app data directories
04-07 18:12:35.237 21265 21265 D monodroid-assembly: Added filesystem DSO lookup location: /data/app/~~mN9w75ULpZdsXJRCCFDSHw==/VinhKhanhGuide.App-kLIMkwqOd3jIvgny5ReeNQ==/lib/arm64
04-07 18:12:35.237 21265 21265 W monodroid: Creating public update directory: `/data/user/0/VinhKhanhGuide.App/files/.__override__`
04-07 18:12:35.238 21265 21265 W hKhanhGuide.App: Attempt to remove non-JNI local reference
04-07 18:12:35.238 21265 21265 I monodroid: Using runtime path: /data/app/~~mN9w75ULpZdsXJRCCFDSHw==/VinhKhanhGuide.App-kLIMkwqOd3jIvgny5ReeNQ==/lib/arm64
04-07 18:12:35.238 21265 21265 I monodroid-timing: [0/3] Debug::start_debugging_and_profiling: end; elapsed: 0:0::334
04-07 18:12:35.238 21265 21265 I monodroid: Probing for Mono AOT mode
04-07 18:12:35.238 21265 21265 I monodroid: Enabling Mono Interpreter
04-07 18:12:35.238 21265 21265 I monodroid: Probing if we should use LLVM
04-07 18:12:35.238 21265 21265 W monodroid: runtime args empty
04-07 18:12:35.239 21265 21265 I monodroid-timing: [0/7] Runtime.init: Mono runtime init; elapsed: 0:0::796583
04-07 18:12:35.239 21265 21265 I monodroid-assembly: APK /data/app/~~mN9w75ULpZdsXJRCCFDSHw==/VinhKhanhGuide.App-kLIMkwqOd3jIvgny5ReeNQ==/base.apk FD: 84
04-07 18:12:35.239 21265 21265 I monodroid-assembly: Central directory offset: 26718208
04-07 18:12:35.239 21265 21265 I monodroid-assembly: Central directory size: 92125
04-07 18:12:35.239 21265 21265 I monodroid-assembly: Central directory entries: 991
04-07 18:12:35.239 21265 21265 I monodroid-assembly: /data/app/~~mN9w75ULpZdsXJRCCFDSHw==/VinhKhanhGuide.App-kLIMkwqOd3jIvgny5ReeNQ==/base.apk entry: AndroidManifest.xml
04-07 18:12:35.240 21265 21265 I monodroid-assembly:     ZIP: local header offset: 0; data offset: 49; file size: 9312
04-07 18:12:35.240 21265 21265 I monodroid-assembly: /data/app/~~mN9w75ULpZdsXJRCCFDSHw==/VinhKhanhGuide.App-kLIMkwqOd3jIvgny5ReeNQ==/base.apk entry: res/anim/abc_fade_in.xml
04-07 18:12:35.240 21265 21265 I monodroid-assembly:     ZIP: local header offset: 2559; data offset: 2613; file size: 388
04-07 18:12:35.240 21265 21265 I monodroid-assembly: /data/app/~~mN9w75ULpZdsXJRCCFDSHw==/VinhKhanhGuide.App-kLIMkwqOd3jIvgny5ReeNQ==/base.apk entry: res/anim/abc_fade_out.xml
04-07 18:12:35.240 21265 21265 I monodroid-assembly:     ZIP: local header offset: 2830; data offset: 2885; file size: 388
04-07 18:12:35.240 21265 21265 I monodroid-assembly: /data/app/~~mN9w75ULpZdsXJRCCFDSHw==/VinhKhanhGuide.App-kLIMkwqOd3jIvgny5ReeNQ==/base.apk entry: res/anim/abc_grow_fade_in_from_bottom.xml
04-07 18:12:35.240 21265 21265 I monodroid-assembly:     ZIP: local header offset: 3103; data offset: 3174; file size: 852
04-07 18:12:35.240 21265 21265 I monodroid-assembly: /data/app/~~mN9w75ULpZdsXJRCCFDSHw==/VinhKhanhGuide.App-kLIMkwqOd3jIvgny5ReeNQ==/base.apk entry: res/anim/abc_popup_enter.xml
04-07 18:12:35.240 21265 21265 I monodroid-assembly:     ZIP: local header offset: 3550; data offset: 3608; file size: 508
04-07 18:12:35.240 21265 21265 I monodroid-assembly: /data/app/~~mN9w75ULpZdsXJRCCFDSHw==/VinhKhanhGuide.App-kLIMkwqOd3jIvgny5ReeNQ==/base.apk entry: res/anim/abc_popup_exit.xml
04-07 18:12:35.240 21265 21265 I monodroid-assembly:     ZIP: local header offset: 3866; data offset: 3923; file size: 508
04-07 18:12:35.240 21265 21265 I monodroid-assembly: /data/app/~~mN9w75ULpZdsXJRCCFDSHw==/VinhKhanhGuide.App-kLIMkwqOd3jIvgny5ReeNQ==/base.apk entry: res/anim/abc_shrink_fade_out_from_bottom.xml
04-07 18:12:35.240 21265 21265 I monodroid-assembly:     ZIP: local header offset: 4183; data offset: 4257; file size: 852
04-07 18:12:35.240 21265 21265 I monodroid-assembly: /data/app/~~mN9w75ULpZdsXJRCCFDSHw==/VinhKhanhGuide.App-kLIMkwqOd3jIvgny5ReeNQ==/base.apk entry: res/anim/abc_slide_in_bottom.xml
04-07 18:12:35.240 21265 21265 I monodroid-assembly:     ZIP: local header offset: 4634; data offset: 4696; file size: 396
04-07 18:12:35.240 21265 21265 I monodroid-assembly: /data/app/~~mN9w75ULpZdsXJRCCFDSHw==/VinhKhanhGuide.App-kLIMkwqOd3jIvgny5ReeNQ==/base.apk entry: res/anim/abc_slide_in_top.xml
04-07 18:12:35.240 21265 21265 I monodroid-assembly:     ZIP: local header offset: 4924; data offset: 4983; file size: 396
04-07 18:12:35.240 21265 21265 I monodroid-assembly: /data/app/~~mN9w75ULpZdsXJRCCFDSHw==/VinhKhanhGuide.App-kLIMkwqOd3jIvgny5ReeNQ==/base.apk entry: res/anim/abc_slide_out_bottom.xml
04-07 18:12:35.240 21265 21265 I monodroid-assembly:     ZIP: local header offset: 5212; data offset: 5275; file size: 396
04-07 18:12:35.240 21265 21265 I monodroid-assembly: /data/app/~~mN9w75ULpZdsXJRCCFDSHw==/VinhKhanhGuide.App-kLIMkwqOd3jIvgny5ReeNQ==/base.apk entry: res/anim/abc_slide_out_top.xml
04-07 18:12:35.240 21265 21265 I monodroid-assembly:     ZIP: local header offset: 5502; data offset: 5562; file size: 396
04-07 18:12:35.240 21265 21265 I monodroid-assembly: /data/app/~~mN9w75ULpZdsXJRCCFDSHw==/VinhKhanhGuide.App-kLIMkwqOd3jIvgny5ReeNQ==/base.apk entry: res/anim/abc_tooltip_enter.xml
04-07 18:12:35.240 21265 21265 I monodroid-assembly:     ZIP: local header offset: 5790; data offset: 5850; file size: 388
04-07 18:12:35.240 21265 21265 I monodroid-assembly: /data/app/~~mN9w75ULpZdsXJRCCFDSHw==/VinhKhanhGuide.App-kLIMkwqOd3jIvgny5ReeNQ==/base.apk entry: res/anim/abc_tooltip_exit.xml
04-07 18:12:35.240 21265 21265 I monodroid-assembly:     ZIP: local header offset: 6067; data offset: 6126; file size: 388
04-07 18:12:35.240 21265 21265 I monodroid-assembly: /data/app/~~mN9w75ULpZdsXJRCCFDSHw==/VinhKhanhGuide.App-kLIMkwqOd3jIvgny5ReeNQ==/base.apk entry: res/anim/btn_checkbox_to_checked_box_inner_merged_animation.xml
04-07 18:12:35.240 21265 21265 I monodroid-assembly:     ZIP: local header offset: 6343; data offset: 6436; file size: 2124
04-07 18:12:35.240 21265 21265 I monodroid-assembly: /data/app/~~mN9w75ULpZdsXJRCCFDSHw==/VinhKhanhGuide.App-kLIMkwqOd3jIvgny5ReeNQ==/base.apk entry: res/anim/btn_checkbox_to_checked_box_outer_merged_animation.xml
04-07 18:12:35.240 21265 21265 I monodroid-assembly:     ZIP: local header offset: 7078; data offset: 7171; file size: 2780
04-07 18:12:35.240 21265 21265 I monodroid-assembly: /data/app/~~mN9w75ULpZdsXJRCCFDSHw==/VinhKhanhGuide.App-kLIMkwqOd3jIvgny5ReeNQ==/base.apk entry: res/anim/btn_checkbox_to_checked_icon_null_animation.xml
04-07 18:12:35.240 21265 21265 I monodroid-assembly:     ZIP: local header offset: 7912; data offset: 7998; file size: 1196
04-07 18:12:35.240 21265 21265 I monodroid-assembly: /data/app/~~mN9w75ULpZdsXJRCCFDSHw==/VinhKhanhGuide.App-kLIMkwqOd3jIvgny5ReeNQ==/base.apk entry: res/anim/btn_checkbox_to_unchecked_box_inner_merged_animation.xml
04-07 18:12:35.240 21265 21265 I monodroid-assembly:     ZIP: local header offset: 8394; data offset: 8489; file size: 2360
04-07 18:12:35.240 21265 21265 I monodroid-assembly: /data/app/~~mN9w75ULpZdsXJRCCFDSHw==/VinhKhanhGuide.App-kLIMkwqOd3jIvgny5ReeNQ==/base.apk entry: res/anim/btn_checkbox_to_unchecked_check_path_merged_animation.xml
04-07 18:12:35.240 21265 21265 I monodroid-assembly:     ZIP: local header offset: 9147; data offset: 9243; file size: 2520
04-07 18:12:35.240 21265 21265 I monodroid-assembly: /data/app/~~mN9w75ULpZdsXJRCCFDSHw==/VinhKhanhGuide.App-kLIMkwqOd3jIvgny5ReeNQ==/base.apk entry: res/anim/btn_checkbox_to_unchecked_icon_null_animation.xml
04-07 18:12:35.240 21265 21265 I monodroid-assembly:     ZIP: local header offset: 9974; data offset: 10062; file size: 1196
04-07 18:12:35.240 21265 21265 I monodroid-assembly: /data/app/~~mN9w75ULpZdsXJRCCFDSHw==/VinhKhanhGuide.App-kLIMkwqOd3jIvgny5ReeNQ==/base.apk entry: res/anim/btn_radio_to_off_mtrl_dot_group_animation.xml
04-07 18:12:35.240 21265 21265 I monodroid-assembly:     ZIP: local header offset: 10458; data offset: 10542; file size: 1656
04-07 18:12:35.240 21265 21265 I monodroid-assembly: /data/app/~~mN9w75ULpZdsXJRCCFDSHw==/VinhKhanhGuide.App-kLIMkwqOd3jIvgny5ReeNQ==/base.apk entry: res/anim/btn_radio_to_off_mtrl_ring_outer_animation.xml
04-07 18:12:35.240 21265 21265 I monodroid-assembly:     ZIP: local header offset: 10973; data offset: 11058; file size: 1656
04-07 18:12:35.240 21265 21265 I monodroid-assembly: /data/app/~~mN9w75ULpZdsXJRCCFDSHw==/VinhKhanhGuide.App-kLIMkwqOd3jIvgny5ReeNQ==/base.apk entry: res/anim/btn_radio_to_off_mtrl_ring_outer_path_animation.xml
04-07 18:12:35.240 21265 21265 I monodroid-assembly:     ZIP: local header offset: 11491; data offset: 11581; file size: 1028
04-07 18:12:35.240 21265 21265 I monodroid-assembly: /data/app/~~mN9w75ULpZdsXJRCCFDSHw==/VinhKhanhGuide.App-kLIMkwqOd3jIvgny5ReeNQ==/base.apk entry: res/anim/btn_radio_to_on_mtrl_dot_group_animation.xml
04-07 18:12:35.240 21265 21265 I monodroid-assembly:     ZIP: local header offset: 11954; data offset: 12037; file size: 1656
04-07 18:12:35.240 21265 21265 I monodroid-assembly: /data/app/~~mN9w75ULpZdsXJRCCFDSHw==/VinhKhanhGuide.App-kLIMkwqOd3jIvgny5ReeNQ==/base.apk entry: res/anim/btn_radio_to_on_mtrl_ring_outer_animation.xml
04-07 18:12:35.240 21265 21265 I monodroid-assembly:     ZIP: local header offset: 12458; data offset: 12542; file size: 1656
04-07 18:12:35.240 21265 21265 I monodroid-assembly: /data/app/~~mN9w75ULpZdsXJRCCFDSHw==/VinhKhanhGuide.App-kLIMkwqOd3jIvgny5ReeNQ==/base.apk entry: res/anim/btn_radio_to_on_mtrl_ring_outer_path_animation.xml
04-07 18:12:35.240 21265 21265 I monodroid-assembly:     ZIP: local header offset: 12971; data offset: 13060; file size: 1028
04-07 18:12:35.240 21265 21265 I monodroid-assembly: /data/app/~~mN9w75ULpZdsXJRCCFDSHw==/VinhKhanhGuide.App-kLIMkwqOd3jIvgny5ReeNQ==/base.apk entry: res/anim-v21/design_bottom_sheet_slide_in.xml
04-07 18:12:35.240 21265 21265 I monodroid-assembly:     ZIP: local header offset: 13440; data offset: 13515; file size: 616
04-07 18:12:35.240 21265 21265 I monodroid-assembly: /data/app/~~mN9w75ULpZdsXJRCCFDSHw==/VinhKhanhGuide.App-kLIMkwqOd3jIvgny5ReeNQ==/base.apk entry: res/anim-v21/design_bottom_sheet_slide_out.xml
04-07 18:12:35.240 21265 21265 I monodroid-assembly:     ZIP: local header offset: 13814; data offset: 13890; file size: 616
04-07 18:12:35.240 21265 21265 I monodroid-assembly: /data/app/~~mN9w75ULpZdsXJRCCFDSHw==/VinhKhanhGuide.App-kLIMkwqOd3jIvgny5ReeNQ==/base.apk entry: res/anim/design_snackbar_in.xml
04-07 18:12:35.240 21265 21265 I monodroid-assembly:     ZIP: local header offset: 14188; data offset: 14249; file size: 312
04-07 18:12:35.240 21265 21265 I monodroid-assembly: /data/app/~~mN9w75ULpZdsXJRCCFDSHw==/VinhKhanhGuide.App-kLIMkwqOd3jIvgny5ReeNQ==/base.apk entry: res/anim/design_snackbar_out.xml
04-07 18:12:35.240 21265 21265 I monodroid-assembly:     ZIP: local header offset: 14430; data offset: 14492; file size: 312
04-07 18:12:35.240 21265 21265 I monodroid-assembly: /data/app/~~mN9w75ULpZdsXJRCCFDSHw==/VinhKhanhGuide.App-kLIMkwqOd3jIvgny5ReeNQ==/base.apk entry: res/anim/enterfromleft.xml
04-07 18:12:35.240 21265 21265 I monodroid-assembly:     ZIP: local header offset: 14670; data offset: 14726; file size: 640
04-07 18:12:35.240 21265 21265 I monodroid-assembly: /data/app/~~mN9w75ULpZdsXJRCCFDSHw==/VinhKhanhGuide.App-kLIMkwqOd3jIvgny5ReeNQ==/base.apk entry: res/anim/enterfromright.xml
04-07 18:12:35.240 21265 21265 I monodroid-assembly:     ZIP: local header offset: 15028; data offset: 15085; file size: 468
04-07 18:12:35.240 21265 21265 I monodroid-assembly: /data/app/~~mN9w75ULpZdsXJRCCFDSHw==/VinhKhanhGuide.App-kLIMkwqOd3jIvgny5ReeNQ==/base.apk entry: res/anim/exittoleft.xml
04-07 18:12:35.240 21265 21265 I monodroid-assembly:     ZIP: local header offset: 15328; data offset: 15381; file size: 640
04-07 18:12:35.240 21265 21265 I monodroid-assembly: /data/app/~~mN9w75ULpZdsXJRCCFDSHw==/VinhKhanhGuide.App-kLIMkwqOd3jIvgny5ReeNQ==/base.apk entry: res/anim/exittoright.xml
04-07 18:12:35.240 21265 21265 I monodroid-assembly:     ZIP: local header offset: 15682; data offset: 15736; file size: 468
04-07 18:12:35.240 21265 21265 I monodroid-assembly: /data/app/~~mN9w75ULpZdsXJRCCFDSHw==/VinhKhanhGuide.App-kLIMkwqOd3jIvgny5ReeNQ==/base.apk entry: res/anim-v21/fragment_fast_out_extra_slow_in.xml
04-07 18:12:35.240 21265 21265 I monodroid-assembly:     ZIP: local header offset: 15979; data offset: 16057; file size: 364
04-07 18:12:35.240 21265 21265 I monodroid-assembly: /data/app/~~mN9w75ULpZdsXJRCCFDSHw==/VinhKhanhGuide.App-kLIMkwqOd3jIvgny5ReeNQ==/base.apk entry: res/anim/linear_indeterminate_line1_head_interpolator.xml
04-07 18:12:35.240 21265 21265 I monodroid-assembly:     ZIP: local header offset: 16275; data offset: 16362; file size: 400
04-07 18:12:35.240 21265 21265 I monodroid-assembly: /data/app/~~mN9w75ULpZdsXJRCCFDSHw==/VinhKhanhGuide.App-kLIMkwqOd3jIvgny5ReeNQ==/base.apk entry: res/anim/linear_indeterminate_line1_tail_interpolator.xml
04-07 18:12:35.240 21265 21265 I monodroid-assembly:     ZIP: local header offset: 16576; data offset: 16663; file size: 400
04-07 18:12:35.240 21265 21265 I monodroid-assembly: /data/app/~~mN9w75ULpZdsXJRCCFDSHw==/VinhKhanhGuide.App-kLIMkwqOd3jIvgny5ReeNQ==/base.apk entry: res/anim/linear_indeterminate_line2_head_interpolator.xml
04-07 18:12:35.240 21265 21265 I monodroid-assembly:     ZIP: local header offset: 16874; data offset: 16961; file size: 400
04-07 18:12:35.240 21265 21265 I monodroid-assembly: /data/app/~~mN9w75ULpZdsXJRCCFDSHw==/VinhKhanhGuide.App-kLIMkwqOd3jIvgny5ReeNQ==/base.apk entry: res/anim/linear_indeterminate_line2_tail_interpolator.xml
04-07 18:12:35.240 21265 21265 I monodroid-assembly:     ZIP: local header offset: 17168; data offset: 17255; file size: 400
04-07 18:12:35.240 21265 21265 I monodroid-assembly: /data/app/~~mN9w75ULpZdsXJRCCFDSHw==/VinhKhanhGuide.App-kLIMkwqOd3jIvgny5ReeNQ==/base.apk entry: res/anim-v21/m3_bottom_sheet_slide_in.xml
04-07 18:12:35.240 21265 21265 I monodroid-assembly:     ZIP: local header offset: 17471; data offset: 17542; file size: 616
04-07 18:12:35.240 21265 21265 I monodroid-assembly: /data/app/~~mN9w75ULpZdsXJRCCFDSHw==/VinhKhanhGuide.App-kLIMkwqOd3jIvgny5ReeNQ==/base.apk entry: res/anim-v21/m3_bottom_sheet_slide_out.xml
04-07 18:12:35.240 21265 21265 I monodroid-assembly:     ZIP: local header offset: 17841; data offset: 17913; file size: 656
04-07 18:12:35.240 21265 21265 I monodroid-assembly: /data/app/~~mN9w75ULpZdsXJRCCFDSHw==/VinhKhanhGuide.App-kLIMkwqOd3jIvgny5ReeNQ==/base.apk entry: res/anim/m3_motion_fade_enter.xml
04-07 18:12:35.240 21265 21265 I monodroid-assembly:     ZIP: local header offset: 18219; data offset: 18282; file size: 812
04-07 18:12:35.240 21265 21265 I monodroid-assembly: /data/app/~~mN9w75ULpZdsXJRCCFDSHw==/VinhKhanhGuide.App-kLIMkwqOd3jIvgny5ReeNQ==/base.apk entry: res/anim/m3_motion_fade_exit.xml
04-07 18:12:35.240 21265 21265 I monodroid-assembly:     ZIP: local header offset: 18654; data offset: 18716; file size: 508
04-07 18:12:35.240 21265 21265 I monodroid-assembly: /data/app/~~mN9w75ULpZdsXJRCCFDSHw==/VinhKhanhGuide.App-kLIMkwqOd3jIvgny5ReeNQ==/base.apk entry: res/anim-v21/m3_side_sheet_slide_in.xml
04-07 18:12:35.240 21265 21265 I monodroid-assembly:     ZIP: local header offset: 18977; data offset: 19046; file size: 616
04-07 18:12:35.240 21265 21265 I monodroid-assembly: /data/app/~~mN9w75ULpZdsXJRCCFDSHw==/VinhKhanhGuide.App-kLIMkwqOd3jIvgny5ReeNQ==/base.apk entry: res/anim-v21/m3_side_sheet_slide_out.xml
04-07 18:12:35.240 21265 21265 I monodroid-assembly:     ZIP: local header offset: 19346; data offset: 19416; file size: 616
04-07 18:12:35.240 21265 21265 I monodroid-assembly: /data/app/~~mN9w75ULpZdsXJRCCFDSHw==/VinhKhanhGuide.App-kLIMkwqOd3jIvgny5ReeNQ==/base.apk entry: res/anim-v21/mtrl_bottom_sheet_slide_in.xml
04-07 18:12:35.240 21265 21265 I monodroid-assembly:     ZIP: local header offset: 19711; data offset: 19784; file size: 616
04-07 18:12:35.240 21265 21265 I monodroid-assembly: /data/app/~~mN9w75ULpZdsXJRCCFDSHw==/VinhKhanhGuide.App-kLIMkwqOd3jIvgny5ReeNQ==/base.apk entry: res/anim-v21/mtrl_bottom_sheet_slide_out.xml
04-07 18:12:35.240 21265 21265 I monodroid-assembly:     ZIP: local header offset: 20083; data offset: 20157; file size: 616
04-07 18:12:35.240 21265 21265 I monodroid-assembly: /data/app/~~mN9w75ULpZdsXJRCCFDSHw==/VinhKhanhGuide.App-kLIMkwqOd3jIvgny5ReeNQ==/base.apk entry: res/anim/mtrl_card_lowers_interpolator.xml
04-07 18:12:35.240 21265 21265 I monodroid-assembly:     ZIP: local header offset: 20453; data offset: 20525; file size: 400
04-07 18:12:35.240 21265 21265 I monodroid-assembly: /data/app/~~mN9w75ULpZdsXJRCCFDSHw==/VinhKhanhGuide.App-kLIMkwqOd3jIvgny5ReeNQ==/base.apk entry: res/anim/nav_default_enter_anim.xml
04-07 18:12:35.240 21265 21265 I monodroid-assembly:     ZIP: local header offset: 20741; data offset: 20806; file size: 388
04-07 18:12:35.240 21265 21265 I monodroid-assembly: /data/app/~~mN9w75ULpZdsXJRCCFDSHw==/VinhKhanhGuide.App-kLIMkwqOd3jIvgny5ReeNQ==/base.apk entry: res/anim/nav_default_exit_anim.xml
04-07 18:12:35.240 21265 21265 I monodroid-assembly:     ZIP: local header offset: 21024; data offset: 21088; file size: 388
04-07 18:12:35.240 21265 21265 I monodroid-assembly: /data/app/~~mN9w75ULpZdsXJRCCFDSHw==/VinhKhanhGuide.App-kLIMkwqOd3jIvgny5ReeNQ==/base.apk entry: res/anim/nav_default_pop_enter_anim.xml
04-07 18:12:35.241 21265 21265 I monodroid-assembly:     ZIP: local header offset: 21306; data offset: 21375; file size: 388
04-07 18:12:35.241 21265 21265 I monodroid-assembly: /data/app/~~mN9w75ULpZdsXJRCCFDSHw==/VinhKhanhGuide.App-kLIMkwqOd3jIvgny5ReeNQ==/base.apk entry: res/anim/nav_default_pop_exit_anim.xml
04-07 18:12:35.241 21265 21265 I monodroid-assembly:     ZIP: local header offset: 21593; data offset: 21661; file size: 388
04-07 18:12:35.241 21265 21265 I monodroid-assembly: /data/app/~~mN9w75ULpZdsXJRCCFDSHw==/VinhKhanhGuide.App-kLIMkwqOd3jIvgny5ReeNQ==/base.apk entry: res/animator-v21/design_appbar_state_list_animator.xml
04-07 18:12:35.241 21265 21265 I monodroid-assembly:     ZIP: local header offset: 21879; data offset: 21963; file size: 1216
04-07 18:12:35.241 21265 21265 I monodroid-assembly: /data/app/~~mN9w75ULpZdsXJRCCFDSHw==/VinhKhanhGuide.App-kLIMkwqOd3jIvgny5ReeNQ==/base.apk entry: res/animator/design_fab_hide_motion_spec.xml
04-07 18:12:35.241 21265 21265 I monodroid-assembly:     ZIP: local header offset: 22405; data offset: 22479; file size: 796
04-07 18:12:35.241 21265 21265 I monodroid-assembly: /data/app/~~mN9w75ULpZdsXJRCCFDSHw==/VinhKhanhGuide.App-kLIMkwqOd3jIvgny5ReeNQ==/base.apk entry: res/animator/design_fab_show_motion_spec.xml
04-07 18:12:35.241 21265 21265 I monodroid-assembly:     ZIP: local header offset: 22808; data offset: 22882; file size: 796
04-07 18:12:35.241 21265 21265 I monodroid-assembly: /data/app/~~mN9w75ULpZdsXJRCCFDSHw==/VinhKhanhGuide.App-kLIMkwqOd3jIvgny5ReeNQ==/base.apk entry: res/animator/fragment_close_enter.xml
04-07 18:12:35.241 21265 21265 I monodroid-assembly:     ZIP: local header offset: 23209; data offset: 23276; file size: 1128
04-07 18:12:35.241 21265 21265 I monodroid-assembly: /data/app/~~mN9w75ULpZdsXJRCCFDSHw==/VinhKhanhGuide.App-kLIMkwqOd3jIvgny5ReeNQ==/base.apk entry: res/animator/fragment_close_exit.xml
04-07 18:12:35.241 21265 21265 I monodroid-assembly:     ZIP: local header offset: 23671; data offset: 23737; file size: 1128
04-07 18:12:35.241 21265 21265 I monodroid-assembly: /data/app/~~mN9w75ULpZdsXJRCCFDSHw==/VinhKhanhGuide.App-kLIMkwqOd3jIvgny5ReeNQ==/base.apk entry: res/animator/fragment_fade_enter.xml
04-07 18:12:35.241 21265 21265 I monodroid-assembly:     ZIP: local header offset: 24131; data offset: 24197; file size: 452
04-07 18:12:35.241 21265 21265 I monodroid-assembly: /data/app/~~mN9w75ULpZdsXJRCCFDSHw==/VinhKhanhGuide.App-kLIMkwqOd3jIvgny5ReeNQ==/base.apk entry: res/animator/fragment_fade_exit.xml
04-07 18:12:35.241 21265 21265 I monodroid-assembly:     ZIP: local header offset: 24462; data offset: 24527; file size: 452
04-07 18:12:35.241 21265 21265 I monodroid-assembly: /data/app/~~mN9w75ULpZdsXJRCCFDSHw==/VinhKhanhGuide.App-kLIMkwqOd3jIvgny5ReeNQ==/base.apk entry: res/animator/fragment_open_enter.xml
04-07 18:12:35.241 21265 21265 I monodroid-assembly:     ZIP: local header offset: 24792; data offset: 24858; file size: 1128
04-07 18:12:35.241 21265 21265 I monodroid-assembly: /data/app/~~mN9w75ULpZdsXJRCCFDSHw==/VinhKhanhGuide.App-kLIMkwqOd3jIvgny5ReeNQ==/base.apk entry: res/animator/fragment_open_exit.xml
04-07 18:12:35.241 21265 21265 I monodroid-assembly:     ZIP: local header offset: 25247; data offset: 25312; file size: 1128
04-07 18:12:35.241 21265 21265 I monodroid-assembly: /data/app/~~mN9w75ULpZdsXJRCCFDSHw==/VinhKhanhGuide.App-kLIMkwqOd3jIvgny5ReeNQ==/base.apk entry: res/animator-v21/m3_appbar_state_list_animator.xml
04-07 18:12:35.241 21265 21265 I monodroid-assembly:     ZIP: local header offset: 25704; data offset: 25784; file size: 1216
04-07 18:12:35.241 21265 21265 I monodroid-assembly: /data/app/~~mN9w75ULpZdsXJRCCFDSHw==/VinhKhanhGuide.App-kLIMkwqOd3jIvgny5ReeNQ==/base.apk entry: res/animator/m3_btn_elevated_btn_state_list_anim.xml
04-07 18:12:35.241 21265 21265 I monodroid-assembly:     ZIP: local header offset: 26222; data offset: 26304; file size: 1796
04-07 18:12:35.241 21265 21265 I monodroid-assembly: /data/app/~~mN9w75ULpZdsXJRCCFDSHw==/VinhKhanhGuide.App-kLIMkwqOd3jIvgny5ReeNQ==/base.apk entry: res/animator/m3_btn_state_list_anim.xml
04-07 18:12:35.241 21265 21265 I monodroid-assembly:     ZIP: local header offset: 26820; data offset: 26889; file size: 1796
04-07 18:12:35.241 21265 21265 I monodroid-assembly: /data/app/~~mN9w75ULpZdsXJRCCFDSHw==/VinhKhanhGuide.App-kLIMkwqOd3jIvgny5ReeNQ==/base.apk entry: res/animator/m3_card_elevated_state_list_anim.xml
04-07 18:12:35.241 21265 21265 I monodroid-assembly:     ZIP: local header offset: 27406; data offset: 27485; file size: 1632
04-07 18:12:35.241 21265 21265 I monodroid-assembly: /data/app/~~mN9w75ULpZdsXJRCCFDSHw==/VinhKhanhGuide.App-kLIMkwqOd3jIvgny5ReeNQ==/base.apk entry: res/animator/m3_card_state_list_anim.xml
04-07 18:12:35.241 21265 21265 I monodroid-assembly:     ZIP: local header offset: 28018; data offset: 28088; file size: 1584
04-07 18:12:35.241 21265 21265 I monodroid-assembly: /data/app/~~mN9w75ULpZdsXJRCCFDSHw==/VinhKhanhGuide.App-kLIMkwqOd3jIvgny5ReeNQ==/base.apk entry: res/animator/m3_chip_state_list_anim.xml
04-07 18:12:35.241 21265 21265 I monodroid-assembly:     ZIP: local header offset: 28615; data offset: 28685; file size: 1180
04-07 18:12:35.241 21265 21265 I monodroid-assembly: /data/app/~~mN9w75ULpZdsXJRCCFDSHw==/VinhKhanhGuide.App-kLIMkwqOd3jIvgny5ReeNQ==/base.apk entry: res/animator/m3_elevated_chip_state_list_anim.xml
04-07 18:12:35.241 21265 21265 I monodroid-assembly:     ZIP: local header offset: 29102; data offset: 29181; file size: 1072
04-07 18:12:35.241 21265 21265 I monodroid-assembly: /data/app/~~mN9w75ULpZdsXJRCCFDSHw==/VinhKhanhGuide.App-kLIMkwqOd3jIvgny5ReeNQ==/base.apk entry: res/animator/m3_extended_fab_change_size_collapse_motion_spec.xml
04-07 18:12:35.241 21265 21265 I monodroid-assembly:     ZIP: local header offset: 29580; data offset: 29675; file size: 1116
04-07 18:12:35.241 21265 21265 I monodroid-assembly: /data/app/~~mN9w75ULpZdsXJRCCFDSHw==/VinhKhanhGuide.App-kLIMkwqOd3jIvgny5ReeNQ==/base.apk entry: res/animator/m3_extended_fab_change_size_expand_motion_spec.xml
04-07 18:12:35.241 21265 21265 I monodroid-assembly:     ZIP: local header offset: 30056; data offset: 30149; file size: 1116
04-07 18:12:35.241 21265 21265 I monodroid-assembly: /data/app/~~mN9w75ULpZdsXJRCCFDSHw==/VinhKhanhGuide.App-kLIMkwqOd3jIvgny5ReeNQ==/base.apk entry: res/animator/m3_extended_fab_hide_motion_spec.xml
04-07 18:12:35.241 21265 21265 I monodroid-assembly:     ZIP: local header offset: 30531; data offset: 30610; file size: 820
04-07 18:12:35.241 21265 21265 I monodroid-assembly: /data/app/~~mN9w75ULpZdsXJRCCFDSHw==/VinhKhanhGuide.App-kLIMkwqOd3jIvgny5ReeNQ==/base.apk entry: res/animator/m3_extended_fab_show_motion_spec.xml
04-07 18:12:35.241 21265 21265 I monodroid-assembly:     ZIP: local header offset: 30972; data offset: 31051; file size: 820
04-07 18:12:35.241 21265 21265 I monodroid-assembly: /data/app/~~mN9w75ULpZdsXJRCCFDSHw==/VinhKhanhGuide.App-kLIMkwqOd3jIvgny5ReeNQ==/base.apk entry: res/animator/m3_extended_fab_state_list_animator.xml
04-07 18:12:35.241 21265 21265 I monodroid-assembly:     ZIP: local header offset: 31407; data offset: 31489; file size: 2724
04-07 18:12:35.241 21265 21265 I monodroid-assembly: /data/app/~~mN9w75ULpZdsXJRCCFDSHw==/VinhKhanhGuide.App-kLIMkwqOd3jIvgny5ReeNQ==/base.apk entry: res/animator/mtrl_btn_state_list_anim.xml
04-07 18:12:35.241 21265 21265 I monodroid-assembly:     ZIP: local header offset: 32106; data offset: 32177; file size: 2664
04-07 18:12:35.241 21265 21265 I monodroid-assembly: /data/app/~~mN9w75ULpZdsXJRCCFDSHw==/VinhKhanhGuide.App-kLIMkwqOd3jIvgny5ReeNQ==/base.apk entry: res/animator/mtrl_btn_unelevated_state_list_anim.xml
04-07 18:12:35.241 21265 21265 I monodroid-assembly:     ZIP: local header offset: 32784; data offset: 32866; file size: 120
04-07 18:12:35.241 21265 21265 I monodroid-assembly: /data/app/~~mN9w75ULpZdsXJRCCFDSHw==/VinhKhanhGuide.App-kLIMkwqOd3jIvgny5ReeNQ==/base.apk entry: res/animator/mtrl_card_state_list_anim.xml
04-07 18:12:35.241 21265 21265 I monodroid-assembly:     ZIP: local header offset: 32932; data offset: 33004; file size: 1208
